ARM GAS  C:\DOCUME~1\Remixvit\LOCALS~1\Temp\ccTT5sYa.s 			page 1


   1              		.cpu cortex-m0
   2              		.fpu softvfp
   3              		.eabi_attribute 20, 1
   4              		.eabi_attribute 21, 1
   5              		.eabi_attribute 23, 3
   6              		.eabi_attribute 24, 1
   7              		.eabi_attribute 25, 1
   8              		.eabi_attribute 26, 1
   9              		.eabi_attribute 30, 1
  10              		.eabi_attribute 34, 0
  11              		.eabi_attribute 18, 4
  12              		.code	16
  13              		.file	"cyfitter_cfg.c"
  14              		.text
  15              	.Ltext0:
  16              		.cfi_sections	.debug_frame
  17              		.section	.text.CYMEMZERO,"ax",%progbits
  18              		.align	2
  19              		.code	16
  20              		.thumb_func
  21              		.type	CYMEMZERO, %function
  22              	CYMEMZERO:
  23              	.LFB0:
  24              		.file 1 ".\\Generated_Source\\PSoC4\\cyfitter_cfg.c"
   1:.\Generated_Source\PSoC4/cyfitter_cfg.c **** /*******************************************************************************
   2:.\Generated_Source\PSoC4/cyfitter_cfg.c **** * File Name: cyfitter_cfg.c
   3:.\Generated_Source\PSoC4/cyfitter_cfg.c **** * 
   4:.\Generated_Source\PSoC4/cyfitter_cfg.c **** * PSoC Creator  3.3 CP1
   5:.\Generated_Source\PSoC4/cyfitter_cfg.c **** *
   6:.\Generated_Source\PSoC4/cyfitter_cfg.c **** * Description:
   7:.\Generated_Source\PSoC4/cyfitter_cfg.c **** * This file contains device initialization code.
   8:.\Generated_Source\PSoC4/cyfitter_cfg.c **** * Except for the user defined sections in CyClockStartupError(), this file should not be modified.
   9:.\Generated_Source\PSoC4/cyfitter_cfg.c **** * This file is automatically generated by PSoC Creator.
  10:.\Generated_Source\PSoC4/cyfitter_cfg.c **** *
  11:.\Generated_Source\PSoC4/cyfitter_cfg.c **** ********************************************************************************
  12:.\Generated_Source\PSoC4/cyfitter_cfg.c **** * Copyright (c) 2007-2015 Cypress Semiconductor.  All rights reserved.
  13:.\Generated_Source\PSoC4/cyfitter_cfg.c **** * You may use this file only in accordance with the license, terms, conditions, 
  14:.\Generated_Source\PSoC4/cyfitter_cfg.c **** * disclaimers, and limitations in the end user license agreement accompanying 
  15:.\Generated_Source\PSoC4/cyfitter_cfg.c **** * the software package with which this file was provided.
  16:.\Generated_Source\PSoC4/cyfitter_cfg.c **** ********************************************************************************/
  17:.\Generated_Source\PSoC4/cyfitter_cfg.c **** 
  18:.\Generated_Source\PSoC4/cyfitter_cfg.c **** #include <string.h>
  19:.\Generated_Source\PSoC4/cyfitter_cfg.c **** #include "cytypes.h"
  20:.\Generated_Source\PSoC4/cyfitter_cfg.c **** #include "cydevice_trm.h"
  21:.\Generated_Source\PSoC4/cyfitter_cfg.c **** #include "cyfitter.h"
  22:.\Generated_Source\PSoC4/cyfitter_cfg.c **** #include "CyLib.h"
  23:.\Generated_Source\PSoC4/cyfitter_cfg.c **** #include "CyLFClk.h"
  24:.\Generated_Source\PSoC4/cyfitter_cfg.c **** #include "cyfitter_cfg.h"
  25:.\Generated_Source\PSoC4/cyfitter_cfg.c **** 
  26:.\Generated_Source\PSoC4/cyfitter_cfg.c **** 
  27:.\Generated_Source\PSoC4/cyfitter_cfg.c **** #if defined(__GNUC__) || defined(__ARMCC_VERSION)
  28:.\Generated_Source\PSoC4/cyfitter_cfg.c ****     #define CYPACKED 
  29:.\Generated_Source\PSoC4/cyfitter_cfg.c ****     #define CYPACKED_ATTR __attribute__ ((packed))
  30:.\Generated_Source\PSoC4/cyfitter_cfg.c ****     #define CYALIGNED __attribute__ ((aligned))
  31:.\Generated_Source\PSoC4/cyfitter_cfg.c ****     #define CY_CFG_UNUSED __attribute__ ((unused))
  32:.\Generated_Source\PSoC4/cyfitter_cfg.c ****     #define CY_CFG_SECTION __attribute__ ((section(".psocinit")))
  33:.\Generated_Source\PSoC4/cyfitter_cfg.c ****     
ARM GAS  C:\DOCUME~1\Remixvit\LOCALS~1\Temp\ccTT5sYa.s 			page 2


  34:.\Generated_Source\PSoC4/cyfitter_cfg.c ****     #if defined(__ARMCC_VERSION)
  35:.\Generated_Source\PSoC4/cyfitter_cfg.c ****         #define CY_CFG_MEMORY_BARRIER() __memory_changed()
  36:.\Generated_Source\PSoC4/cyfitter_cfg.c ****     #else
  37:.\Generated_Source\PSoC4/cyfitter_cfg.c ****         #define CY_CFG_MEMORY_BARRIER() __sync_synchronize()
  38:.\Generated_Source\PSoC4/cyfitter_cfg.c ****     #endif
  39:.\Generated_Source\PSoC4/cyfitter_cfg.c ****     
  40:.\Generated_Source\PSoC4/cyfitter_cfg.c **** #elif defined(__ICCARM__)
  41:.\Generated_Source\PSoC4/cyfitter_cfg.c ****     #include <intrinsics.h>
  42:.\Generated_Source\PSoC4/cyfitter_cfg.c **** 
  43:.\Generated_Source\PSoC4/cyfitter_cfg.c ****     #define CYPACKED __packed
  44:.\Generated_Source\PSoC4/cyfitter_cfg.c ****     #define CYPACKED_ATTR 
  45:.\Generated_Source\PSoC4/cyfitter_cfg.c ****     #define CYALIGNED _Pragma("data_alignment=4")
  46:.\Generated_Source\PSoC4/cyfitter_cfg.c ****     #define CY_CFG_UNUSED _Pragma("diag_suppress=Pe177")
  47:.\Generated_Source\PSoC4/cyfitter_cfg.c ****     #define CY_CFG_SECTION _Pragma("location=\".psocinit\"")
  48:.\Generated_Source\PSoC4/cyfitter_cfg.c ****     
  49:.\Generated_Source\PSoC4/cyfitter_cfg.c ****     #define CY_CFG_MEMORY_BARRIER() __DMB()
  50:.\Generated_Source\PSoC4/cyfitter_cfg.c ****     
  51:.\Generated_Source\PSoC4/cyfitter_cfg.c **** #else
  52:.\Generated_Source\PSoC4/cyfitter_cfg.c ****     #error Unsupported toolchain
  53:.\Generated_Source\PSoC4/cyfitter_cfg.c **** #endif
  54:.\Generated_Source\PSoC4/cyfitter_cfg.c **** 
  55:.\Generated_Source\PSoC4/cyfitter_cfg.c **** 
  56:.\Generated_Source\PSoC4/cyfitter_cfg.c **** CY_CFG_UNUSED
  57:.\Generated_Source\PSoC4/cyfitter_cfg.c **** static void CYMEMZERO(void *s, size_t n);
  58:.\Generated_Source\PSoC4/cyfitter_cfg.c **** CY_CFG_UNUSED
  59:.\Generated_Source\PSoC4/cyfitter_cfg.c **** static void CYMEMZERO(void *s, size_t n)
  60:.\Generated_Source\PSoC4/cyfitter_cfg.c **** {
  25              		.loc 1 60 0
  26              		.cfi_startproc
  27              	.LVL0:
  28 0000 08B5     		push	{r3, lr}
  29              		.cfi_def_cfa_offset 8
  30              		.cfi_offset 3, -8
  31              		.cfi_offset 14, -4
  32 0002 0A1C     		mov	r2, r1
  61:.\Generated_Source\PSoC4/cyfitter_cfg.c **** 	(void)memset(s, 0, n);
  33              		.loc 1 61 0
  34 0004 0021     		mov	r1, #0
  35              	.LVL1:
  36 0006 FFF7FEFF 		bl	memset
  37              	.LVL2:
  62:.\Generated_Source\PSoC4/cyfitter_cfg.c **** }
  38              		.loc 1 62 0
  39              		@ sp needed
  40 000a 08BD     		pop	{r3, pc}
  41              		.cfi_endproc
  42              	.LFE0:
  43              		.size	CYMEMZERO, .-CYMEMZERO
  44              		.section	.psocinit,"ax",%progbits
  45              		.align	2
  46              		.code	16
  47              		.thumb_func
  48              		.type	ClockSetup, %function
  49              	ClockSetup:
  50              	.LFB3:
  63:.\Generated_Source\PSoC4/cyfitter_cfg.c **** CY_CFG_UNUSED
  64:.\Generated_Source\PSoC4/cyfitter_cfg.c **** static void CYCONFIGCPY(void *dest, const void *src, size_t n);
ARM GAS  C:\DOCUME~1\Remixvit\LOCALS~1\Temp\ccTT5sYa.s 			page 3


  65:.\Generated_Source\PSoC4/cyfitter_cfg.c **** CY_CFG_UNUSED
  66:.\Generated_Source\PSoC4/cyfitter_cfg.c **** static void CYCONFIGCPY(void *dest, const void *src, size_t n)
  67:.\Generated_Source\PSoC4/cyfitter_cfg.c **** {
  68:.\Generated_Source\PSoC4/cyfitter_cfg.c **** 	(void)memcpy(dest, src, n);
  69:.\Generated_Source\PSoC4/cyfitter_cfg.c **** }
  70:.\Generated_Source\PSoC4/cyfitter_cfg.c **** CY_CFG_UNUSED
  71:.\Generated_Source\PSoC4/cyfitter_cfg.c **** static void CYCONFIGCPYCODE(void *dest, const void *src, size_t n);
  72:.\Generated_Source\PSoC4/cyfitter_cfg.c **** CY_CFG_UNUSED
  73:.\Generated_Source\PSoC4/cyfitter_cfg.c **** static void CYCONFIGCPYCODE(void *dest, const void *src, size_t n)
  74:.\Generated_Source\PSoC4/cyfitter_cfg.c **** {
  75:.\Generated_Source\PSoC4/cyfitter_cfg.c **** 	(void)memcpy(dest, src, n);
  76:.\Generated_Source\PSoC4/cyfitter_cfg.c **** }
  77:.\Generated_Source\PSoC4/cyfitter_cfg.c **** 
  78:.\Generated_Source\PSoC4/cyfitter_cfg.c **** 
  79:.\Generated_Source\PSoC4/cyfitter_cfg.c **** 
  80:.\Generated_Source\PSoC4/cyfitter_cfg.c **** /* Clock startup error codes                                                   */
  81:.\Generated_Source\PSoC4/cyfitter_cfg.c **** #define CYCLOCKSTART_NO_ERROR    0u
  82:.\Generated_Source\PSoC4/cyfitter_cfg.c **** #define CYCLOCKSTART_XTAL_ERROR  1u
  83:.\Generated_Source\PSoC4/cyfitter_cfg.c **** #define CYCLOCKSTART_32KHZ_ERROR 2u
  84:.\Generated_Source\PSoC4/cyfitter_cfg.c **** #define CYCLOCKSTART_PLL_ERROR   3u
  85:.\Generated_Source\PSoC4/cyfitter_cfg.c **** 
  86:.\Generated_Source\PSoC4/cyfitter_cfg.c **** #ifdef CY_NEED_CYCLOCKSTARTUPERROR
  87:.\Generated_Source\PSoC4/cyfitter_cfg.c **** /*******************************************************************************
  88:.\Generated_Source\PSoC4/cyfitter_cfg.c **** * Function Name: CyClockStartupError
  89:.\Generated_Source\PSoC4/cyfitter_cfg.c **** ********************************************************************************
  90:.\Generated_Source\PSoC4/cyfitter_cfg.c **** * Summary:
  91:.\Generated_Source\PSoC4/cyfitter_cfg.c **** *  If an error is encountered during clock configuration (crystal startup error,
  92:.\Generated_Source\PSoC4/cyfitter_cfg.c **** *  PLL lock error, etc.), the system will end up here.  Unless reimplemented by
  93:.\Generated_Source\PSoC4/cyfitter_cfg.c **** *  the customer, this function will stop in an infinite loop.
  94:.\Generated_Source\PSoC4/cyfitter_cfg.c **** *
  95:.\Generated_Source\PSoC4/cyfitter_cfg.c **** * Parameters:
  96:.\Generated_Source\PSoC4/cyfitter_cfg.c **** *   void
  97:.\Generated_Source\PSoC4/cyfitter_cfg.c **** *
  98:.\Generated_Source\PSoC4/cyfitter_cfg.c **** * Return:
  99:.\Generated_Source\PSoC4/cyfitter_cfg.c **** *   void
 100:.\Generated_Source\PSoC4/cyfitter_cfg.c **** *
 101:.\Generated_Source\PSoC4/cyfitter_cfg.c **** *******************************************************************************/
 102:.\Generated_Source\PSoC4/cyfitter_cfg.c **** CY_CFG_UNUSED
 103:.\Generated_Source\PSoC4/cyfitter_cfg.c **** static void CyClockStartupError(uint8 errorCode);
 104:.\Generated_Source\PSoC4/cyfitter_cfg.c **** CY_CFG_UNUSED
 105:.\Generated_Source\PSoC4/cyfitter_cfg.c **** static void CyClockStartupError(uint8 errorCode)
 106:.\Generated_Source\PSoC4/cyfitter_cfg.c **** {
 107:.\Generated_Source\PSoC4/cyfitter_cfg.c ****     /* To remove the compiler warning if errorCode not used.                */
 108:.\Generated_Source\PSoC4/cyfitter_cfg.c ****     errorCode = errorCode;
 109:.\Generated_Source\PSoC4/cyfitter_cfg.c **** 
 110:.\Generated_Source\PSoC4/cyfitter_cfg.c ****     /* `#START CyClockStartupError` */
 111:.\Generated_Source\PSoC4/cyfitter_cfg.c **** 
 112:.\Generated_Source\PSoC4/cyfitter_cfg.c ****     /* If we have a clock startup error (bad MHz crystal, PLL lock, etc.),  */
 113:.\Generated_Source\PSoC4/cyfitter_cfg.c ****     /* we will end up here to allow the customer to implement something to  */
 114:.\Generated_Source\PSoC4/cyfitter_cfg.c ****     /* deal with the clock condition.                                       */
 115:.\Generated_Source\PSoC4/cyfitter_cfg.c **** 
 116:.\Generated_Source\PSoC4/cyfitter_cfg.c ****     /* `#END` */
 117:.\Generated_Source\PSoC4/cyfitter_cfg.c **** 
 118:.\Generated_Source\PSoC4/cyfitter_cfg.c ****     /* If nothing else, stop here since the clocks have not started         */
 119:.\Generated_Source\PSoC4/cyfitter_cfg.c ****     /* correctly.                                                           */
 120:.\Generated_Source\PSoC4/cyfitter_cfg.c ****     while(1) {}
 121:.\Generated_Source\PSoC4/cyfitter_cfg.c **** }
ARM GAS  C:\DOCUME~1\Remixvit\LOCALS~1\Temp\ccTT5sYa.s 			page 4


 122:.\Generated_Source\PSoC4/cyfitter_cfg.c **** #endif
 123:.\Generated_Source\PSoC4/cyfitter_cfg.c **** 
 124:.\Generated_Source\PSoC4/cyfitter_cfg.c **** 
 125:.\Generated_Source\PSoC4/cyfitter_cfg.c **** 
 126:.\Generated_Source\PSoC4/cyfitter_cfg.c **** /*******************************************************************************
 127:.\Generated_Source\PSoC4/cyfitter_cfg.c **** * Function Name: ClockSetup
 128:.\Generated_Source\PSoC4/cyfitter_cfg.c **** ********************************************************************************
 129:.\Generated_Source\PSoC4/cyfitter_cfg.c **** *
 130:.\Generated_Source\PSoC4/cyfitter_cfg.c **** * Summary:
 131:.\Generated_Source\PSoC4/cyfitter_cfg.c **** *   Performs the initialization of all of the clocks in the device based on the
 132:.\Generated_Source\PSoC4/cyfitter_cfg.c **** *   settings in the Clock tab of the DWR.  This includes enabling the requested
 133:.\Generated_Source\PSoC4/cyfitter_cfg.c **** *   clocks and setting the necessary dividers to produce the desired frequency. 
 134:.\Generated_Source\PSoC4/cyfitter_cfg.c **** *
 135:.\Generated_Source\PSoC4/cyfitter_cfg.c **** * Parameters:
 136:.\Generated_Source\PSoC4/cyfitter_cfg.c **** *   void
 137:.\Generated_Source\PSoC4/cyfitter_cfg.c **** *
 138:.\Generated_Source\PSoC4/cyfitter_cfg.c **** * Return:
 139:.\Generated_Source\PSoC4/cyfitter_cfg.c **** *   void
 140:.\Generated_Source\PSoC4/cyfitter_cfg.c **** *
 141:.\Generated_Source\PSoC4/cyfitter_cfg.c **** *******************************************************************************/
 142:.\Generated_Source\PSoC4/cyfitter_cfg.c **** static void ClockSetup(void);
 143:.\Generated_Source\PSoC4/cyfitter_cfg.c **** CY_CFG_SECTION
 144:.\Generated_Source\PSoC4/cyfitter_cfg.c **** static void ClockSetup(void)
 145:.\Generated_Source\PSoC4/cyfitter_cfg.c **** {
  51              		.loc 1 145 0
  52              		.cfi_startproc
  53 0000 10B5     		push	{r4, lr}
  54              		.cfi_def_cfa_offset 8
  55              		.cfi_offset 4, -8
  56              		.cfi_offset 14, -4
 146:.\Generated_Source\PSoC4/cyfitter_cfg.c **** 	/* Enable HALF_EN before trimming for the flash accelerator. */
 147:.\Generated_Source\PSoC4/cyfitter_cfg.c **** 	CY_SET_REG32((void CYXDATA *)(CYREG_CLK_SELECT), (CY_GET_REG32((void *)CYREG_CLK_SELECT) | 0x00040
  57              		.loc 1 147 0
  58 0002 154C     		ldr	r4, .L3
  59 0004 2368     		ldr	r3, [r4]
  60 0006 8022     		mov	r2, #128
  61 0008 D202     		lsl	r2, r2, #11
  62 000a 1343     		orr	r3, r2
  63 000c 2360     		str	r3, [r4]
 148:.\Generated_Source\PSoC4/cyfitter_cfg.c **** 
 149:.\Generated_Source\PSoC4/cyfitter_cfg.c **** 	/* Setup and trim IMO based on desired frequency. */
 150:.\Generated_Source\PSoC4/cyfitter_cfg.c **** 	CySysClkWriteImoFreq(24u);
  64              		.loc 1 150 0
  65 000e 1820     		mov	r0, #24
  66 0010 FFF7FEFF 		bl	CySysClkWriteImoFreq
  67              	.LVL3:
 151:.\Generated_Source\PSoC4/cyfitter_cfg.c **** 
 152:.\Generated_Source\PSoC4/cyfitter_cfg.c **** 	/* Disable HALF_EN since it is not required at this IMO frequency. */
 153:.\Generated_Source\PSoC4/cyfitter_cfg.c **** 	CY_SET_REG32((void CYXDATA *)(CYREG_CLK_SELECT), (CY_GET_REG32((void *)CYREG_CLK_SELECT) & 0xFFFBF
  68              		.loc 1 153 0
  69 0014 2268     		ldr	r2, [r4]
  70 0016 114B     		ldr	r3, .L3+4
  71 0018 1340     		and	r3, r2
  72 001a 2360     		str	r3, [r4]
 154:.\Generated_Source\PSoC4/cyfitter_cfg.c **** 	/* CYDEV_CLK_ILO_CONFIG Starting address: CYDEV_CLK_ILO_CONFIG */
 155:.\Generated_Source\PSoC4/cyfitter_cfg.c **** 	CY_SET_XTND_REG32((void CYFAR *)(CYREG_CLK_ILO_CONFIG), 0x80000006u);
  73              		.loc 1 155 0
ARM GAS  C:\DOCUME~1\Remixvit\LOCALS~1\Temp\ccTT5sYa.s 			page 5


  74 001c 104A     		ldr	r2, .L3+8
  75 001e 114B     		ldr	r3, .L3+12
  76 0020 1A60     		str	r2, [r3]
 156:.\Generated_Source\PSoC4/cyfitter_cfg.c **** 
 157:.\Generated_Source\PSoC4/cyfitter_cfg.c **** 
 158:.\Generated_Source\PSoC4/cyfitter_cfg.c **** 	/* CYDEV_CLK_SELECT00 Starting address: CYDEV_CLK_SELECT00 */
 159:.\Generated_Source\PSoC4/cyfitter_cfg.c **** 	CY_SET_XTND_REG32((void CYFAR *)(CYREG_CLK_SELECT02), 0x00000010u);
  77              		.loc 1 159 0
  78 0022 1022     		mov	r2, #16
  79 0024 104B     		ldr	r3, .L3+16
  80 0026 1A60     		str	r2, [r3]
 160:.\Generated_Source\PSoC4/cyfitter_cfg.c **** 	CY_SET_XTND_REG32((void CYFAR *)(CYREG_CLK_SELECT03), 0x00000020u);
  81              		.loc 1 160 0
  82 0028 1032     		add	r2, r2, #16
  83 002a 104B     		ldr	r3, .L3+20
  84 002c 1A60     		str	r2, [r3]
 161:.\Generated_Source\PSoC4/cyfitter_cfg.c **** 
 162:.\Generated_Source\PSoC4/cyfitter_cfg.c **** 	/* CYDEV_CLK_IMO_CONFIG Starting address: CYDEV_CLK_IMO_CONFIG */
 163:.\Generated_Source\PSoC4/cyfitter_cfg.c **** 	CY_SET_XTND_REG32((void CYFAR *)(CYREG_CLK_IMO_CONFIG), 0x80000000u);
  85              		.loc 1 163 0
  86 002e 8022     		mov	r2, #128
  87 0030 1206     		lsl	r2, r2, #24
  88 0032 0F4B     		ldr	r3, .L3+24
  89 0034 1A60     		str	r2, [r3]
 164:.\Generated_Source\PSoC4/cyfitter_cfg.c **** 
 165:.\Generated_Source\PSoC4/cyfitter_cfg.c **** 	/* CYDEV_CLK_DIVIDER_A00 Starting address: CYDEV_CLK_DIVIDER_A00 */
 166:.\Generated_Source\PSoC4/cyfitter_cfg.c **** 	CY_SET_XTND_REG32((void CYFAR *)(CYREG_CLK_DIVIDER_A00), 0x80000001u);
  90              		.loc 1 166 0
  91 0036 0F4A     		ldr	r2, .L3+28
  92 0038 0F4B     		ldr	r3, .L3+32
  93 003a 1A60     		str	r2, [r3]
 167:.\Generated_Source\PSoC4/cyfitter_cfg.c **** 
 168:.\Generated_Source\PSoC4/cyfitter_cfg.c **** 	/* CYDEV_CLK_DIVIDER_B00 Starting address: CYDEV_CLK_DIVIDER_B00 */
 169:.\Generated_Source\PSoC4/cyfitter_cfg.c **** 	CY_SET_XTND_REG32((void CYFAR *)(CYREG_CLK_DIVIDER_B00), 0x8000000Eu);
  94              		.loc 1 169 0
  95 003c 0F4A     		ldr	r2, .L3+36
  96 003e 104B     		ldr	r3, .L3+40
  97 0040 1A60     		str	r2, [r3]
 170:.\Generated_Source\PSoC4/cyfitter_cfg.c **** 
 171:.\Generated_Source\PSoC4/cyfitter_cfg.c **** 	(void)CyIntSetVector(9u, &CySysWdtIsr);
  98              		.loc 1 171 0
  99 0042 0920     		mov	r0, #9
 100 0044 0F49     		ldr	r1, .L3+44
 101 0046 FFF7FEFF 		bl	CyIntSetVector
 102              	.LVL4:
 172:.\Generated_Source\PSoC4/cyfitter_cfg.c **** 	CyIntEnable(9u);
 103              		.loc 1 172 0
 104 004a 0920     		mov	r0, #9
 105 004c FFF7FEFF 		bl	CyIntEnable
 106              	.LVL5:
 173:.\Generated_Source\PSoC4/cyfitter_cfg.c **** 	CY_SET_XTND_REG32((void CYFAR *)(CYREG_WDT_CONFIG), 0x00000000u);
 107              		.loc 1 173 0
 108 0050 0022     		mov	r2, #0
 109 0052 0D4B     		ldr	r3, .L3+48
 110 0054 1A60     		str	r2, [r3]
 174:.\Generated_Source\PSoC4/cyfitter_cfg.c **** }
 111              		.loc 1 174 0
ARM GAS  C:\DOCUME~1\Remixvit\LOCALS~1\Temp\ccTT5sYa.s 			page 6


 112              		@ sp needed
 113 0056 10BD     		pop	{r4, pc}
 114              	.L4:
 115              		.align	2
 116              	.L3:
 117 0058 00010B40 		.word	1074462976
 118 005c FFFFFBFF 		.word	-262145
 119 0060 06000080 		.word	-2147483642
 120 0064 04010B40 		.word	1074462980
 121 0068 08020240 		.word	1073873416
 122 006c 0C020240 		.word	1073873420
 123 0070 08010B40 		.word	1074462984
 124 0074 01000080 		.word	-2147483647
 125 0078 00000240 		.word	1073872896
 126 007c 0E000080 		.word	-2147483634
 127 0080 40000240 		.word	1073872960
 128 0084 00000000 		.word	CySysWdtIsr
 129 0088 0C020B40 		.word	1074463244
 130              		.cfi_endproc
 131              	.LFE3:
 132              		.size	ClockSetup, .-ClockSetup
 133              		.align	2
 134              		.global	cyfitter_cfg
 135              		.code	16
 136              		.thumb_func
 137              		.type	cyfitter_cfg, %function
 138              	cyfitter_cfg:
 139              	.LFB5:
 175:.\Generated_Source\PSoC4/cyfitter_cfg.c **** 
 176:.\Generated_Source\PSoC4/cyfitter_cfg.c **** 
 177:.\Generated_Source\PSoC4/cyfitter_cfg.c **** /* Analog API Functions */
 178:.\Generated_Source\PSoC4/cyfitter_cfg.c **** 
 179:.\Generated_Source\PSoC4/cyfitter_cfg.c **** 
 180:.\Generated_Source\PSoC4/cyfitter_cfg.c **** /*******************************************************************************
 181:.\Generated_Source\PSoC4/cyfitter_cfg.c **** * Function Name: AnalogSetDefault
 182:.\Generated_Source\PSoC4/cyfitter_cfg.c **** ********************************************************************************
 183:.\Generated_Source\PSoC4/cyfitter_cfg.c **** *
 184:.\Generated_Source\PSoC4/cyfitter_cfg.c **** * Summary:
 185:.\Generated_Source\PSoC4/cyfitter_cfg.c **** *  Sets up the analog portions of the chip to default values based on chip
 186:.\Generated_Source\PSoC4/cyfitter_cfg.c **** *  configuration options from the project.
 187:.\Generated_Source\PSoC4/cyfitter_cfg.c **** *
 188:.\Generated_Source\PSoC4/cyfitter_cfg.c **** * Parameters:
 189:.\Generated_Source\PSoC4/cyfitter_cfg.c **** *  void
 190:.\Generated_Source\PSoC4/cyfitter_cfg.c **** *
 191:.\Generated_Source\PSoC4/cyfitter_cfg.c **** * Return:
 192:.\Generated_Source\PSoC4/cyfitter_cfg.c **** *  void
 193:.\Generated_Source\PSoC4/cyfitter_cfg.c **** *
 194:.\Generated_Source\PSoC4/cyfitter_cfg.c **** *******************************************************************************/
 195:.\Generated_Source\PSoC4/cyfitter_cfg.c **** static void AnalogSetDefault(void);
 196:.\Generated_Source\PSoC4/cyfitter_cfg.c **** static void AnalogSetDefault(void)
 197:.\Generated_Source\PSoC4/cyfitter_cfg.c **** {
 198:.\Generated_Source\PSoC4/cyfitter_cfg.c **** }
 199:.\Generated_Source\PSoC4/cyfitter_cfg.c **** 
 200:.\Generated_Source\PSoC4/cyfitter_cfg.c **** #define CY_AMUX_UNUSED CYREG_CM0_ROM_DWT
 201:.\Generated_Source\PSoC4/cyfitter_cfg.c **** 
 202:.\Generated_Source\PSoC4/cyfitter_cfg.c **** 
 203:.\Generated_Source\PSoC4/cyfitter_cfg.c **** /*******************************************************************************
ARM GAS  C:\DOCUME~1\Remixvit\LOCALS~1\Temp\ccTT5sYa.s 			page 7


 204:.\Generated_Source\PSoC4/cyfitter_cfg.c **** * Function Name: cyfitter_cfg
 205:.\Generated_Source\PSoC4/cyfitter_cfg.c **** ********************************************************************************
 206:.\Generated_Source\PSoC4/cyfitter_cfg.c **** * Summary:
 207:.\Generated_Source\PSoC4/cyfitter_cfg.c **** *  This function is called by the start-up code for the selected device. It
 208:.\Generated_Source\PSoC4/cyfitter_cfg.c **** *  performs all of the necessary device configuration based on the design
 209:.\Generated_Source\PSoC4/cyfitter_cfg.c **** *  settings.  This includes settings from the Design Wide Resources (DWR) such
 210:.\Generated_Source\PSoC4/cyfitter_cfg.c **** *  as Clocks and Pins as well as any component configuration that is necessary.
 211:.\Generated_Source\PSoC4/cyfitter_cfg.c **** *
 212:.\Generated_Source\PSoC4/cyfitter_cfg.c **** * Parameters:  
 213:.\Generated_Source\PSoC4/cyfitter_cfg.c **** *   void
 214:.\Generated_Source\PSoC4/cyfitter_cfg.c **** *
 215:.\Generated_Source\PSoC4/cyfitter_cfg.c **** * Return:
 216:.\Generated_Source\PSoC4/cyfitter_cfg.c **** *   void
 217:.\Generated_Source\PSoC4/cyfitter_cfg.c **** *
 218:.\Generated_Source\PSoC4/cyfitter_cfg.c **** *******************************************************************************/
 219:.\Generated_Source\PSoC4/cyfitter_cfg.c **** CY_CFG_SECTION
 220:.\Generated_Source\PSoC4/cyfitter_cfg.c **** void cyfitter_cfg(void)
 221:.\Generated_Source\PSoC4/cyfitter_cfg.c **** {
 140              		.loc 1 221 0
 141              		.cfi_startproc
 142 008c 10B5     		push	{r4, lr}
 143              		.cfi_def_cfa_offset 8
 144              		.cfi_offset 4, -8
 145              		.cfi_offset 14, -4
 222:.\Generated_Source\PSoC4/cyfitter_cfg.c **** 	/* Disable interrupts by default. Let user enable if/when they want. */
 223:.\Generated_Source\PSoC4/cyfitter_cfg.c **** 	CyGlobalIntDisable;
 146              		.loc 1 223 0
 147              	@ 223 ".\Generated_Source\PSoC4\cyfitter_cfg.c" 1
 148 008e 72B6     		CPSID   i
 149              	@ 0 "" 2
 150              	.LVL6:
 151              		.code	16
 152              	.LBB2:
 224:.\Generated_Source\PSoC4/cyfitter_cfg.c **** 
 225:.\Generated_Source\PSoC4/cyfitter_cfg.c **** 	{
 226:.\Generated_Source\PSoC4/cyfitter_cfg.c **** 
 227:.\Generated_Source\PSoC4/cyfitter_cfg.c **** 		CYPACKED typedef struct {
 228:.\Generated_Source\PSoC4/cyfitter_cfg.c **** 			void CYFAR *address;
 229:.\Generated_Source\PSoC4/cyfitter_cfg.c **** 			uint16 size;
 230:.\Generated_Source\PSoC4/cyfitter_cfg.c **** 		} CYPACKED_ATTR cfg_memset_t;
 231:.\Generated_Source\PSoC4/cyfitter_cfg.c **** 
 232:.\Generated_Source\PSoC4/cyfitter_cfg.c **** 		static const cfg_memset_t CYCODE cfg_memset_list [] = {
 233:.\Generated_Source\PSoC4/cyfitter_cfg.c **** 			/* address, size */
 234:.\Generated_Source\PSoC4/cyfitter_cfg.c **** 			{(void CYFAR *)(CYDEV_UDB_P0_U0_BASE), 1024u},
 235:.\Generated_Source\PSoC4/cyfitter_cfg.c **** 			{(void CYFAR *)(CYDEV_UDB_DSI0_BASE), 1024u},
 236:.\Generated_Source\PSoC4/cyfitter_cfg.c **** 		};
 237:.\Generated_Source\PSoC4/cyfitter_cfg.c **** 
 238:.\Generated_Source\PSoC4/cyfitter_cfg.c **** 		uint8 CYDATA i;
 239:.\Generated_Source\PSoC4/cyfitter_cfg.c **** 
 240:.\Generated_Source\PSoC4/cyfitter_cfg.c **** 		/* Zero out critical memory blocks before beginning configuration */
 241:.\Generated_Source\PSoC4/cyfitter_cfg.c **** 		for (i = 0u; i < (sizeof(cfg_memset_list)/sizeof(cfg_memset_list[0])); i++)
 153              		.loc 1 241 0
 154 0090 0024     		mov	r4, #0
 155 0092 10E0     		b	.L6
 156              	.LVL7:
 157              	.L7:
 158              	.LBB3:
ARM GAS  C:\DOCUME~1\Remixvit\LOCALS~1\Temp\ccTT5sYa.s 			page 8


 242:.\Generated_Source\PSoC4/cyfitter_cfg.c **** 		{
 243:.\Generated_Source\PSoC4/cyfitter_cfg.c **** 			const cfg_memset_t CYCODE * CYDATA ms = &cfg_memset_list[i];
 244:.\Generated_Source\PSoC4/cyfitter_cfg.c **** 			CYMEMZERO(ms->address, (size_t)(uint32)(ms->size));
 159              		.loc 1 244 0 discriminator 3
 160 0094 2648     		ldr	r0, .L8
 161 0096 6300     		lsl	r3, r4, #1
 162 0098 1A19     		add	r2, r3, r4
 163 009a 5200     		lsl	r2, r2, #1
 164 009c 8218     		add	r2, r0, r2
 165 009e 9188     		ldrh	r1, [r2, #4]
 166 00a0 1B19     		add	r3, r3, r4
 167 00a2 5B00     		lsl	r3, r3, #1
 168 00a4 1A5A     		ldrh	r2, [r3, r0]
 169 00a6 C318     		add	r3, r0, r3
 170 00a8 5888     		ldrh	r0, [r3, #2]
 171 00aa 0004     		lsl	r0, r0, #16
 172 00ac 1043     		orr	r0, r2
 173 00ae FFF7FEFF 		bl	CYMEMZERO
 174              	.LVL8:
 175              	.LBE3:
 241:.\Generated_Source\PSoC4/cyfitter_cfg.c **** 		{
 176              		.loc 1 241 0 discriminator 3
 177 00b2 0134     		add	r4, r4, #1
 178              	.LVL9:
 179 00b4 E4B2     		uxtb	r4, r4
 180              	.LVL10:
 181              	.L6:
 241:.\Generated_Source\PSoC4/cyfitter_cfg.c **** 		{
 182              		.loc 1 241 0 is_stmt 0 discriminator 1
 183 00b6 012C     		cmp	r4, #1
 184 00b8 ECD9     		bls	.L7
 245:.\Generated_Source\PSoC4/cyfitter_cfg.c **** 		}
 246:.\Generated_Source\PSoC4/cyfitter_cfg.c **** 
 247:.\Generated_Source\PSoC4/cyfitter_cfg.c **** 		/* HSIOM Starting address: CYDEV_HSIOM_BASE */
 248:.\Generated_Source\PSoC4/cyfitter_cfg.c **** 		CY_SET_XTND_REG32((void CYFAR *)(CYDEV_HSIOM_BASE), 0x00000F00u);
 185              		.loc 1 248 0 is_stmt 1
 186 00ba F022     		mov	r2, #240
 187 00bc 1201     		lsl	r2, r2, #4
 188 00be 1D4B     		ldr	r3, .L8+4
 189 00c0 1A60     		str	r2, [r3]
 249:.\Generated_Source\PSoC4/cyfitter_cfg.c **** 		CY_SET_XTND_REG32((void CYFAR *)(CYREG_HSIOM_PORT_SEL3), 0x0000EEEEu);
 190              		.loc 1 249 0
 191 00c2 1D4A     		ldr	r2, .L8+8
 192 00c4 1D4B     		ldr	r3, .L8+12
 193 00c6 1A60     		str	r2, [r3]
 250:.\Generated_Source\PSoC4/cyfitter_cfg.c **** 		CY_SET_XTND_REG32((void CYFAR *)(CYREG_HSIOM_PORT_SEL4), 0x00000FFFu);
 194              		.loc 1 250 0
 195 00c8 1D4A     		ldr	r2, .L8+16
 196 00ca 1E4B     		ldr	r3, .L8+20
 197 00cc 1A60     		str	r2, [r3]
 251:.\Generated_Source\PSoC4/cyfitter_cfg.c **** 
 252:.\Generated_Source\PSoC4/cyfitter_cfg.c **** 		/* UDB_PA_0 Starting address: CYDEV_UDB_PA0_BASE */
 253:.\Generated_Source\PSoC4/cyfitter_cfg.c **** 		CY_SET_XTND_REG32((void CYFAR *)(CYDEV_UDB_PA0_BASE), 0x00990000u);
 198              		.loc 1 253 0
 199 00ce 9923     		mov	r3, #153
 200 00d0 1B04     		lsl	r3, r3, #16
 201 00d2 1D4A     		ldr	r2, .L8+24
ARM GAS  C:\DOCUME~1\Remixvit\LOCALS~1\Temp\ccTT5sYa.s 			page 9


 202 00d4 1360     		str	r3, [r2]
 254:.\Generated_Source\PSoC4/cyfitter_cfg.c **** 
 255:.\Generated_Source\PSoC4/cyfitter_cfg.c **** 		/* UDB_PA_3 Starting address: CYDEV_UDB_PA3_BASE */
 256:.\Generated_Source\PSoC4/cyfitter_cfg.c **** 		CY_SET_XTND_REG32((void CYFAR *)(CYDEV_UDB_PA3_BASE), 0x00990000u);
 203              		.loc 1 256 0
 204 00d6 1D4A     		ldr	r2, .L8+28
 205 00d8 1360     		str	r3, [r2]
 257:.\Generated_Source\PSoC4/cyfitter_cfg.c **** 
 258:.\Generated_Source\PSoC4/cyfitter_cfg.c **** 		/* Enable digital routing */
 259:.\Generated_Source\PSoC4/cyfitter_cfg.c **** 		CY_SET_XTND_REG8((void *)CYREG_UDB_UDBIF_BANK_CTL, CY_GET_XTND_REG8((void *)CYREG_UDB_UDBIF_BANK_
 206              		.loc 1 259 0
 207 00da 1D4B     		ldr	r3, .L8+32
 208 00dc 1978     		ldrb	r1, [r3]
 209 00de 0222     		mov	r2, #2
 210 00e0 0A43     		orr	r2, r1
 211 00e2 1A70     		strb	r2, [r3]
 260:.\Generated_Source\PSoC4/cyfitter_cfg.c **** 
 261:.\Generated_Source\PSoC4/cyfitter_cfg.c **** 		/* Enable UDB array */
 262:.\Generated_Source\PSoC4/cyfitter_cfg.c **** 		CY_SET_XTND_REG8((void *)CYREG_UDB_UDBIF_WAIT_CFG, (uint8)((CY_GET_XTND_REG8((void *)CYREG_UDB_UD
 212              		.loc 1 262 0
 213 00e4 1B48     		ldr	r0, .L8+36
 214 00e6 0278     		ldrb	r2, [r0]
 215 00e8 3C21     		mov	r1, #60
 216 00ea 8A43     		bic	r2, r1
 217 00ec 2839     		sub	r1, r1, #40
 218 00ee 0A43     		orr	r2, r1
 219 00f0 0270     		strb	r2, [r0]
 263:.\Generated_Source\PSoC4/cyfitter_cfg.c **** 		CY_SET_XTND_REG8((void *)CYREG_UDB_UDBIF_BANK_CTL, (uint8)(CY_GET_XTND_REG8((void *)CYREG_UDB_UDB
 220              		.loc 1 263 0
 221 00f2 1978     		ldrb	r1, [r3]
 222 00f4 1622     		mov	r2, #22
 223 00f6 0A43     		orr	r2, r1
 224 00f8 1A70     		strb	r2, [r3]
 225              	.LBE2:
 264:.\Generated_Source\PSoC4/cyfitter_cfg.c **** 	}
 265:.\Generated_Source\PSoC4/cyfitter_cfg.c **** 
 266:.\Generated_Source\PSoC4/cyfitter_cfg.c **** 	/* Perform second pass device configuration. These items must be configured in specific order afte
 267:.\Generated_Source\PSoC4/cyfitter_cfg.c **** 	/* IOPINS0_0 Starting address: CYDEV_PRT0_BASE */
 268:.\Generated_Source\PSoC4/cyfitter_cfg.c **** 	CY_SET_XTND_REG32((void CYFAR *)(CYDEV_PRT0_BASE), 0x00000004u);
 226              		.loc 1 268 0
 227 00fa 0423     		mov	r3, #4
 228 00fc 164A     		ldr	r2, .L8+40
 229 00fe 1360     		str	r3, [r2]
 269:.\Generated_Source\PSoC4/cyfitter_cfg.c **** 	CY_SET_XTND_REG32((void CYFAR *)(CYREG_PRT0_PC), 0x00000180u);
 230              		.loc 1 269 0
 231 0100 C021     		mov	r1, #192
 232 0102 4900     		lsl	r1, r1, #1
 233 0104 154A     		ldr	r2, .L8+44
 234 0106 1160     		str	r1, [r2]
 270:.\Generated_Source\PSoC4/cyfitter_cfg.c **** 	CY_SET_XTND_REG32((void CYFAR *)(CYREG_PRT0_PC2), 0x00000004u);
 235              		.loc 1 270 0
 236 0108 154A     		ldr	r2, .L8+48
 237 010a 1360     		str	r3, [r2]
 271:.\Generated_Source\PSoC4/cyfitter_cfg.c **** 
 272:.\Generated_Source\PSoC4/cyfitter_cfg.c **** 	/* IOPINS0_3 Starting address: CYDEV_PRT3_BASE */
 273:.\Generated_Source\PSoC4/cyfitter_cfg.c **** 	CY_SET_XTND_REG32((void CYFAR *)(CYDEV_PRT3_BASE), 0x00000003u);
 238              		.loc 1 273 0
ARM GAS  C:\DOCUME~1\Remixvit\LOCALS~1\Temp\ccTT5sYa.s 			page 10


 239 010c 0322     		mov	r2, #3
 240 010e 154B     		ldr	r3, .L8+52
 241 0110 1A60     		str	r2, [r3]
 274:.\Generated_Source\PSoC4/cyfitter_cfg.c **** 	CY_SET_XTND_REG32((void CYFAR *)(CYREG_PRT3_PC), 0x00000DA4u);
 242              		.loc 1 274 0
 243 0112 154A     		ldr	r2, .L8+56
 244 0114 154B     		ldr	r3, .L8+60
 245 0116 1A60     		str	r2, [r3]
 275:.\Generated_Source\PSoC4/cyfitter_cfg.c **** 
 276:.\Generated_Source\PSoC4/cyfitter_cfg.c **** 	/* IOPINS0_4 Starting address: CYDEV_PRT4_BASE */
 277:.\Generated_Source\PSoC4/cyfitter_cfg.c **** 	CY_SET_XTND_REG32((void CYFAR *)(CYDEV_PRT4_BASE), 0x00000005u);
 246              		.loc 1 277 0
 247 0118 0523     		mov	r3, #5
 248 011a 154A     		ldr	r2, .L8+64
 249 011c 1360     		str	r3, [r2]
 278:.\Generated_Source\PSoC4/cyfitter_cfg.c **** 	CY_SET_XTND_REG32((void CYFAR *)(CYREG_PRT4_PC), 0x0000018Eu);
 250              		.loc 1 278 0
 251 011e 0E31     		add	r1, r1, #14
 252 0120 144A     		ldr	r2, .L8+68
 253 0122 1160     		str	r1, [r2]
 279:.\Generated_Source\PSoC4/cyfitter_cfg.c **** 	CY_SET_XTND_REG32((void CYFAR *)(CYREG_PRT4_PC2), 0x00000005u);
 254              		.loc 1 279 0
 255 0124 144A     		ldr	r2, .L8+72
 256 0126 1360     		str	r3, [r2]
 280:.\Generated_Source\PSoC4/cyfitter_cfg.c **** 
 281:.\Generated_Source\PSoC4/cyfitter_cfg.c **** 	/* Setup clocks based on selections from Clock DWR */
 282:.\Generated_Source\PSoC4/cyfitter_cfg.c **** 	ClockSetup();
 257              		.loc 1 282 0
 258 0128 FFF76AFF 		bl	ClockSetup
 259              	.LVL11:
 283:.\Generated_Source\PSoC4/cyfitter_cfg.c **** 
 284:.\Generated_Source\PSoC4/cyfitter_cfg.c **** 	/* Perform basic analog initialization to defaults */
 285:.\Generated_Source\PSoC4/cyfitter_cfg.c **** 	AnalogSetDefault();
 286:.\Generated_Source\PSoC4/cyfitter_cfg.c **** 
 287:.\Generated_Source\PSoC4/cyfitter_cfg.c **** }
 260              		.loc 1 287 0
 261              		@ sp needed
 262              	.LVL12:
 263 012c 10BD     		pop	{r4, pc}
 264              	.L9:
 265 012e C046     		.align	2
 266              	.L8:
 267 0130 00000000 		.word	.LANCHOR0
 268 0134 00000140 		.word	1073807360
 269 0138 EEEE0000 		.word	61166
 270 013c 0C000140 		.word	1073807372
 271 0140 FF0F0000 		.word	4095
 272 0144 10000140 		.word	1073807376
 273 0148 00500F40 		.word	1074745344
 274 014c 30500F40 		.word	1074745392
 275 0150 00700F40 		.word	1074753536
 276 0154 01700F40 		.word	1074753537
 277 0158 00000440 		.word	1074003968
 278 015c 08000440 		.word	1074003976
 279 0160 18000440 		.word	1074003992
 280 0164 00030440 		.word	1074004736
 281 0168 A40D0000 		.word	3492
ARM GAS  C:\DOCUME~1\Remixvit\LOCALS~1\Temp\ccTT5sYa.s 			page 11


 282 016c 08030440 		.word	1074004744
 283 0170 00040440 		.word	1074004992
 284 0174 08040440 		.word	1074005000
 285 0178 18040440 		.word	1074005016
 286              		.cfi_endproc
 287              	.LFE5:
 288              		.size	cyfitter_cfg, .-cyfitter_cfg
 289              		.section	.rodata
 290              		.align	2
 291              		.set	.LANCHOR0,. + 0
 292              		.type	cfg_memset_list.4714, %object
 293              		.size	cfg_memset_list.4714, 12
 294              	cfg_memset_list.4714:
 295 0000 00300F40 		.word	1074737152
 296 0004 0004     		.short	1024
 297 0006 00400F40 		.4byte	1074741248
 298 000a 0004     		.short	1024
 299              		.text
 300              	.Letext0:
 301              		.file 2 "c:\\program files\\cypress\\psoc creator\\3.3\\psoc creator\\import\\gnu\\arm\\4.9.3\\lib
 302              		.file 3 ".\\Generated_Source\\PSoC4\\cytypes.h"
 303              		.file 4 ".\\Generated_Source\\PSoC4\\CyLib.h"
 304              		.section	.debug_info,"",%progbits
 305              	.Ldebug_info0:
 306 0000 8C020000 		.4byte	0x28c
 307 0004 0400     		.2byte	0x4
 308 0006 00000000 		.4byte	.Ldebug_abbrev0
 309 000a 04       		.byte	0x4
 310 000b 01       		.uleb128 0x1
 311 000c 85010000 		.4byte	.LASF28
 312 0010 01       		.byte	0x1
 313 0011 41010000 		.4byte	.LASF29
 314 0015 50000000 		.4byte	.LASF30
 315 0019 00000000 		.4byte	.Ldebug_ranges0+0
 316 001d 00000000 		.4byte	0
 317 0021 00000000 		.4byte	.Ldebug_line0
 318 0025 02       		.uleb128 0x2
 319 0026 04       		.byte	0x4
 320 0027 05       		.byte	0x5
 321 0028 696E7400 		.ascii	"int\000"
 322 002c 03       		.uleb128 0x3
 323 002d 06000000 		.4byte	.LASF11
 324 0031 02       		.byte	0x2
 325 0032 D4       		.byte	0xd4
 326 0033 37000000 		.4byte	0x37
 327 0037 04       		.uleb128 0x4
 328 0038 04       		.byte	0x4
 329 0039 07       		.byte	0x7
 330 003a EE000000 		.4byte	.LASF0
 331 003e 04       		.uleb128 0x4
 332 003f 01       		.byte	0x1
 333 0040 06       		.byte	0x6
 334 0041 3B020000 		.4byte	.LASF1
 335 0045 04       		.uleb128 0x4
 336 0046 01       		.byte	0x1
 337 0047 08       		.byte	0x8
 338 0048 B8000000 		.4byte	.LASF2
ARM GAS  C:\DOCUME~1\Remixvit\LOCALS~1\Temp\ccTT5sYa.s 			page 12


 339 004c 04       		.uleb128 0x4
 340 004d 02       		.byte	0x2
 341 004e 05       		.byte	0x5
 342 004f 13020000 		.4byte	.LASF3
 343 0053 04       		.uleb128 0x4
 344 0054 02       		.byte	0x2
 345 0055 07       		.byte	0x7
 346 0056 37000000 		.4byte	.LASF4
 347 005a 04       		.uleb128 0x4
 348 005b 04       		.byte	0x4
 349 005c 05       		.byte	0x5
 350 005d 32020000 		.4byte	.LASF5
 351 0061 04       		.uleb128 0x4
 352 0062 04       		.byte	0x4
 353 0063 07       		.byte	0x7
 354 0064 96000000 		.4byte	.LASF6
 355 0068 04       		.uleb128 0x4
 356 0069 08       		.byte	0x8
 357 006a 05       		.byte	0x5
 358 006b 72010000 		.4byte	.LASF7
 359 006f 04       		.uleb128 0x4
 360 0070 08       		.byte	0x8
 361 0071 07       		.byte	0x7
 362 0072 10010000 		.4byte	.LASF8
 363 0076 04       		.uleb128 0x4
 364 0077 04       		.byte	0x4
 365 0078 07       		.byte	0x7
 366 0079 69010000 		.4byte	.LASF9
 367 007d 05       		.uleb128 0x5
 368 007e 04       		.byte	0x4
 369 007f 06       		.uleb128 0x6
 370 0080 04       		.byte	0x4
 371 0081 85000000 		.4byte	0x85
 372 0085 07       		.uleb128 0x7
 373 0086 04       		.uleb128 0x4
 374 0087 01       		.byte	0x1
 375 0088 08       		.byte	0x8
 376 0089 80010000 		.4byte	.LASF10
 377 008d 03       		.uleb128 0x3
 378 008e A8000000 		.4byte	.LASF12
 379 0092 03       		.byte	0x3
 380 0093 C2       		.byte	0xc2
 381 0094 45000000 		.4byte	0x45
 382 0098 03       		.uleb128 0x3
 383 0099 E0000000 		.4byte	.LASF13
 384 009d 03       		.byte	0x3
 385 009e C3       		.byte	0xc3
 386 009f 53000000 		.4byte	0x53
 387 00a3 03       		.uleb128 0x3
 388 00a4 E7000000 		.4byte	.LASF14
 389 00a8 03       		.byte	0x3
 390 00a9 C4       		.byte	0xc4
 391 00aa 61000000 		.4byte	0x61
 392 00ae 04       		.uleb128 0x4
 393 00af 04       		.byte	0x4
 394 00b0 04       		.byte	0x4
 395 00b1 4A000000 		.4byte	.LASF15
ARM GAS  C:\DOCUME~1\Remixvit\LOCALS~1\Temp\ccTT5sYa.s 			page 13


 396 00b5 04       		.uleb128 0x4
 397 00b6 08       		.byte	0x8
 398 00b7 04       		.byte	0x4
 399 00b8 CD000000 		.4byte	.LASF16
 400 00bc 08       		.uleb128 0x8
 401 00bd 91000000 		.4byte	.LASF17
 402 00c1 03       		.byte	0x3
 403 00c2 6C01     		.2byte	0x16c
 404 00c4 C8000000 		.4byte	0xc8
 405 00c8 09       		.uleb128 0x9
 406 00c9 8D000000 		.4byte	0x8d
 407 00cd 08       		.uleb128 0x8
 408 00ce 00000000 		.4byte	.LASF18
 409 00d2 03       		.byte	0x3
 410 00d3 6E01     		.2byte	0x16e
 411 00d5 D9000000 		.4byte	0xd9
 412 00d9 09       		.uleb128 0x9
 413 00da A3000000 		.4byte	0xa3
 414 00de 08       		.uleb128 0x8
 415 00df 27010000 		.4byte	.LASF19
 416 00e3 03       		.byte	0x3
 417 00e4 7E01     		.2byte	0x17e
 418 00e6 7F000000 		.4byte	0x7f
 419 00ea 0A       		.uleb128 0xa
 420 00eb AE000000 		.4byte	.LASF20
 421 00ef 01       		.byte	0x1
 422 00f0 3B       		.byte	0x3b
 423 00f1 00000000 		.4byte	.LFB0
 424 00f5 0C000000 		.4byte	.LFE0-.LFB0
 425 00f9 01       		.uleb128 0x1
 426 00fa 9C       		.byte	0x9c
 427 00fb 37010000 		.4byte	0x137
 428 00ff 0B       		.uleb128 0xb
 429 0100 7300     		.ascii	"s\000"
 430 0102 01       		.byte	0x1
 431 0103 3B       		.byte	0x3b
 432 0104 7D000000 		.4byte	0x7d
 433 0108 00000000 		.4byte	.LLST0
 434 010c 0B       		.uleb128 0xb
 435 010d 6E00     		.ascii	"n\000"
 436 010f 01       		.byte	0x1
 437 0110 3B       		.byte	0x3b
 438 0111 2C000000 		.4byte	0x2c
 439 0115 21000000 		.4byte	.LLST1
 440 0119 0C       		.uleb128 0xc
 441 011a 0A000000 		.4byte	.LVL2
 442 011e 3A020000 		.4byte	0x23a
 443 0122 0D       		.uleb128 0xd
 444 0123 01       		.uleb128 0x1
 445 0124 52       		.byte	0x52
 446 0125 03       		.uleb128 0x3
 447 0126 F3       		.byte	0xf3
 448 0127 01       		.uleb128 0x1
 449 0128 51       		.byte	0x51
 450 0129 0D       		.uleb128 0xd
 451 012a 01       		.uleb128 0x1
 452 012b 51       		.byte	0x51
ARM GAS  C:\DOCUME~1\Remixvit\LOCALS~1\Temp\ccTT5sYa.s 			page 14


 453 012c 01       		.uleb128 0x1
 454 012d 30       		.byte	0x30
 455 012e 0D       		.uleb128 0xd
 456 012f 01       		.uleb128 0x1
 457 0130 50       		.byte	0x50
 458 0131 03       		.uleb128 0x3
 459 0132 F3       		.byte	0xf3
 460 0133 01       		.uleb128 0x1
 461 0134 50       		.byte	0x50
 462 0135 00       		.byte	0
 463 0136 00       		.byte	0
 464 0137 0A       		.uleb128 0xa
 465 0138 2C000000 		.4byte	.LASF21
 466 013c 01       		.byte	0x1
 467 013d 90       		.byte	0x90
 468 013e 00000000 		.4byte	.LFB3
 469 0142 8C000000 		.4byte	.LFE3-.LFB3
 470 0146 01       		.uleb128 0x1
 471 0147 9C       		.byte	0x9c
 472 0148 82010000 		.4byte	0x182
 473 014c 0E       		.uleb128 0xe
 474 014d 14000000 		.4byte	.LVL3
 475 0151 57020000 		.4byte	0x257
 476 0155 5F010000 		.4byte	0x15f
 477 0159 0D       		.uleb128 0xd
 478 015a 01       		.uleb128 0x1
 479 015b 50       		.byte	0x50
 480 015c 01       		.uleb128 0x1
 481 015d 48       		.byte	0x48
 482 015e 00       		.byte	0
 483 015f 0E       		.uleb128 0xe
 484 0160 4A000000 		.4byte	.LVL4
 485 0164 68020000 		.4byte	0x268
 486 0168 72010000 		.4byte	0x172
 487 016c 0D       		.uleb128 0xd
 488 016d 01       		.uleb128 0x1
 489 016e 50       		.byte	0x50
 490 016f 01       		.uleb128 0x1
 491 0170 39       		.byte	0x39
 492 0171 00       		.byte	0
 493 0172 0C       		.uleb128 0xc
 494 0173 50000000 		.4byte	.LVL5
 495 0177 82020000 		.4byte	0x282
 496 017b 0D       		.uleb128 0xd
 497 017c 01       		.uleb128 0x1
 498 017d 50       		.byte	0x50
 499 017e 01       		.uleb128 0x1
 500 017f 39       		.byte	0x39
 501 0180 00       		.byte	0
 502 0181 00       		.byte	0
 503 0182 0F       		.uleb128 0xf
 504 0183 FB000000 		.4byte	.LASF31
 505 0187 01       		.byte	0x1
 506 0188 DC       		.byte	0xdc
 507 0189 8C000000 		.4byte	.LFB5
 508 018d F0000000 		.4byte	.LFE5-.LFB5
 509 0191 01       		.uleb128 0x1
ARM GAS  C:\DOCUME~1\Remixvit\LOCALS~1\Temp\ccTT5sYa.s 			page 15


 510 0192 9C       		.byte	0x9c
 511 0193 3A020000 		.4byte	0x23a
 512 0197 10       		.uleb128 0x10
 513 0198 90000000 		.4byte	.LBB2
 514 019c 6A000000 		.4byte	.LBE2-.LBB2
 515 01a0 30020000 		.4byte	0x230
 516 01a4 11       		.uleb128 0x11
 517 01a5 06       		.byte	0x6
 518 01a6 01       		.byte	0x1
 519 01a7 E3       		.byte	0xe3
 520 01a8 C5010000 		.4byte	0x1c5
 521 01ac 12       		.uleb128 0x12
 522 01ad 08010000 		.4byte	.LASF22
 523 01b1 01       		.byte	0x1
 524 01b2 E4       		.byte	0xe4
 525 01b3 7D000000 		.4byte	0x7d
 526 01b7 00       		.byte	0
 527 01b8 12       		.uleb128 0x12
 528 01b9 8C000000 		.4byte	.LASF23
 529 01bd 01       		.byte	0x1
 530 01be E5       		.byte	0xe5
 531 01bf 98000000 		.4byte	0x98
 532 01c3 04       		.byte	0x4
 533 01c4 00       		.byte	0
 534 01c5 03       		.uleb128 0x3
 535 01c6 34010000 		.4byte	.LASF24
 536 01ca 01       		.byte	0x1
 537 01cb E6       		.byte	0xe6
 538 01cc A4010000 		.4byte	0x1a4
 539 01d0 13       		.uleb128 0x13
 540 01d1 C5010000 		.4byte	0x1c5
 541 01d5 E0010000 		.4byte	0x1e0
 542 01d9 14       		.uleb128 0x14
 543 01da 76000000 		.4byte	0x76
 544 01de 01       		.byte	0x1
 545 01df 00       		.byte	0
 546 01e0 15       		.uleb128 0x15
 547 01e1 1C000000 		.4byte	.LASF25
 548 01e5 01       		.byte	0x1
 549 01e6 E8       		.byte	0xe8
 550 01e7 F1010000 		.4byte	0x1f1
 551 01eb 05       		.uleb128 0x5
 552 01ec 03       		.byte	0x3
 553 01ed 00000000 		.4byte	cfg_memset_list.4714
 554 01f1 16       		.uleb128 0x16
 555 01f2 D0010000 		.4byte	0x1d0
 556 01f6 17       		.uleb128 0x17
 557 01f7 6900     		.ascii	"i\000"
 558 01f9 01       		.byte	0x1
 559 01fa EE       		.byte	0xee
 560 01fb 8D000000 		.4byte	0x8d
 561 01ff 4D000000 		.4byte	.LLST2
 562 0203 18       		.uleb128 0x18
 563 0204 94000000 		.4byte	.LBB3
 564 0208 1E000000 		.4byte	.LBE3-.LBB3
 565 020c 17       		.uleb128 0x17
 566 020d 6D7300   		.ascii	"ms\000"
ARM GAS  C:\DOCUME~1\Remixvit\LOCALS~1\Temp\ccTT5sYa.s 			page 16


 567 0210 01       		.byte	0x1
 568 0211 F3       		.byte	0xf3
 569 0212 1A020000 		.4byte	0x21a
 570 0216 77000000 		.4byte	.LLST3
 571 021a 06       		.uleb128 0x6
 572 021b 04       		.byte	0x4
 573 021c 20020000 		.4byte	0x220
 574 0220 16       		.uleb128 0x16
 575 0221 C5010000 		.4byte	0x1c5
 576 0225 19       		.uleb128 0x19
 577 0226 B2000000 		.4byte	.LVL8
 578 022a EA000000 		.4byte	0xea
 579 022e 00       		.byte	0
 580 022f 00       		.byte	0
 581 0230 19       		.uleb128 0x19
 582 0231 2C010000 		.4byte	.LVL11
 583 0235 37010000 		.4byte	0x137
 584 0239 00       		.byte	0
 585 023a 1A       		.uleb128 0x1a
 586 023b C6000000 		.4byte	.LASF26
 587 023f 7D000000 		.4byte	0x7d
 588 0243 57020000 		.4byte	0x257
 589 0247 1B       		.uleb128 0x1b
 590 0248 7D000000 		.4byte	0x7d
 591 024c 1B       		.uleb128 0x1b
 592 024d 25000000 		.4byte	0x25
 593 0251 1B       		.uleb128 0x1b
 594 0252 76000000 		.4byte	0x76
 595 0256 00       		.byte	0
 596 0257 1C       		.uleb128 0x1c
 597 0258 1D020000 		.4byte	.LASF27
 598 025c 04       		.byte	0x4
 599 025d 31       		.byte	0x31
 600 025e 68020000 		.4byte	0x268
 601 0262 1B       		.uleb128 0x1b
 602 0263 A3000000 		.4byte	0xa3
 603 0267 00       		.byte	0
 604 0268 1D       		.uleb128 0x1d
 605 0269 0D000000 		.4byte	.LASF32
 606 026d 04       		.byte	0x4
 607 026e 46       		.byte	0x46
 608 026f DE000000 		.4byte	0xde
 609 0273 82020000 		.4byte	0x282
 610 0277 1B       		.uleb128 0x1b
 611 0278 8D000000 		.4byte	0x8d
 612 027c 1B       		.uleb128 0x1b
 613 027d DE000000 		.4byte	0xde
 614 0281 00       		.byte	0
 615 0282 1E       		.uleb128 0x1e
 616 0283 D4000000 		.4byte	.LASF33
 617 0287 04       		.byte	0x4
 618 0288 4C       		.byte	0x4c
 619 0289 1B       		.uleb128 0x1b
 620 028a 8D000000 		.4byte	0x8d
 621 028e 00       		.byte	0
 622 028f 00       		.byte	0
 623              		.section	.debug_abbrev,"",%progbits
ARM GAS  C:\DOCUME~1\Remixvit\LOCALS~1\Temp\ccTT5sYa.s 			page 17


 624              	.Ldebug_abbrev0:
 625 0000 01       		.uleb128 0x1
 626 0001 11       		.uleb128 0x11
 627 0002 01       		.byte	0x1
 628 0003 25       		.uleb128 0x25
 629 0004 0E       		.uleb128 0xe
 630 0005 13       		.uleb128 0x13
 631 0006 0B       		.uleb128 0xb
 632 0007 03       		.uleb128 0x3
 633 0008 0E       		.uleb128 0xe
 634 0009 1B       		.uleb128 0x1b
 635 000a 0E       		.uleb128 0xe
 636 000b 55       		.uleb128 0x55
 637 000c 17       		.uleb128 0x17
 638 000d 11       		.uleb128 0x11
 639 000e 01       		.uleb128 0x1
 640 000f 10       		.uleb128 0x10
 641 0010 17       		.uleb128 0x17
 642 0011 00       		.byte	0
 643 0012 00       		.byte	0
 644 0013 02       		.uleb128 0x2
 645 0014 24       		.uleb128 0x24
 646 0015 00       		.byte	0
 647 0016 0B       		.uleb128 0xb
 648 0017 0B       		.uleb128 0xb
 649 0018 3E       		.uleb128 0x3e
 650 0019 0B       		.uleb128 0xb
 651 001a 03       		.uleb128 0x3
 652 001b 08       		.uleb128 0x8
 653 001c 00       		.byte	0
 654 001d 00       		.byte	0
 655 001e 03       		.uleb128 0x3
 656 001f 16       		.uleb128 0x16
 657 0020 00       		.byte	0
 658 0021 03       		.uleb128 0x3
 659 0022 0E       		.uleb128 0xe
 660 0023 3A       		.uleb128 0x3a
 661 0024 0B       		.uleb128 0xb
 662 0025 3B       		.uleb128 0x3b
 663 0026 0B       		.uleb128 0xb
 664 0027 49       		.uleb128 0x49
 665 0028 13       		.uleb128 0x13
 666 0029 00       		.byte	0
 667 002a 00       		.byte	0
 668 002b 04       		.uleb128 0x4
 669 002c 24       		.uleb128 0x24
 670 002d 00       		.byte	0
 671 002e 0B       		.uleb128 0xb
 672 002f 0B       		.uleb128 0xb
 673 0030 3E       		.uleb128 0x3e
 674 0031 0B       		.uleb128 0xb
 675 0032 03       		.uleb128 0x3
 676 0033 0E       		.uleb128 0xe
 677 0034 00       		.byte	0
 678 0035 00       		.byte	0
 679 0036 05       		.uleb128 0x5
 680 0037 0F       		.uleb128 0xf
ARM GAS  C:\DOCUME~1\Remixvit\LOCALS~1\Temp\ccTT5sYa.s 			page 18


 681 0038 00       		.byte	0
 682 0039 0B       		.uleb128 0xb
 683 003a 0B       		.uleb128 0xb
 684 003b 00       		.byte	0
 685 003c 00       		.byte	0
 686 003d 06       		.uleb128 0x6
 687 003e 0F       		.uleb128 0xf
 688 003f 00       		.byte	0
 689 0040 0B       		.uleb128 0xb
 690 0041 0B       		.uleb128 0xb
 691 0042 49       		.uleb128 0x49
 692 0043 13       		.uleb128 0x13
 693 0044 00       		.byte	0
 694 0045 00       		.byte	0
 695 0046 07       		.uleb128 0x7
 696 0047 15       		.uleb128 0x15
 697 0048 00       		.byte	0
 698 0049 27       		.uleb128 0x27
 699 004a 19       		.uleb128 0x19
 700 004b 00       		.byte	0
 701 004c 00       		.byte	0
 702 004d 08       		.uleb128 0x8
 703 004e 16       		.uleb128 0x16
 704 004f 00       		.byte	0
 705 0050 03       		.uleb128 0x3
 706 0051 0E       		.uleb128 0xe
 707 0052 3A       		.uleb128 0x3a
 708 0053 0B       		.uleb128 0xb
 709 0054 3B       		.uleb128 0x3b
 710 0055 05       		.uleb128 0x5
 711 0056 49       		.uleb128 0x49
 712 0057 13       		.uleb128 0x13
 713 0058 00       		.byte	0
 714 0059 00       		.byte	0
 715 005a 09       		.uleb128 0x9
 716 005b 35       		.uleb128 0x35
 717 005c 00       		.byte	0
 718 005d 49       		.uleb128 0x49
 719 005e 13       		.uleb128 0x13
 720 005f 00       		.byte	0
 721 0060 00       		.byte	0
 722 0061 0A       		.uleb128 0xa
 723 0062 2E       		.uleb128 0x2e
 724 0063 01       		.byte	0x1
 725 0064 03       		.uleb128 0x3
 726 0065 0E       		.uleb128 0xe
 727 0066 3A       		.uleb128 0x3a
 728 0067 0B       		.uleb128 0xb
 729 0068 3B       		.uleb128 0x3b
 730 0069 0B       		.uleb128 0xb
 731 006a 27       		.uleb128 0x27
 732 006b 19       		.uleb128 0x19
 733 006c 11       		.uleb128 0x11
 734 006d 01       		.uleb128 0x1
 735 006e 12       		.uleb128 0x12
 736 006f 06       		.uleb128 0x6
 737 0070 40       		.uleb128 0x40
ARM GAS  C:\DOCUME~1\Remixvit\LOCALS~1\Temp\ccTT5sYa.s 			page 19


 738 0071 18       		.uleb128 0x18
 739 0072 9742     		.uleb128 0x2117
 740 0074 19       		.uleb128 0x19
 741 0075 01       		.uleb128 0x1
 742 0076 13       		.uleb128 0x13
 743 0077 00       		.byte	0
 744 0078 00       		.byte	0
 745 0079 0B       		.uleb128 0xb
 746 007a 05       		.uleb128 0x5
 747 007b 00       		.byte	0
 748 007c 03       		.uleb128 0x3
 749 007d 08       		.uleb128 0x8
 750 007e 3A       		.uleb128 0x3a
 751 007f 0B       		.uleb128 0xb
 752 0080 3B       		.uleb128 0x3b
 753 0081 0B       		.uleb128 0xb
 754 0082 49       		.uleb128 0x49
 755 0083 13       		.uleb128 0x13
 756 0084 02       		.uleb128 0x2
 757 0085 17       		.uleb128 0x17
 758 0086 00       		.byte	0
 759 0087 00       		.byte	0
 760 0088 0C       		.uleb128 0xc
 761 0089 898201   		.uleb128 0x4109
 762 008c 01       		.byte	0x1
 763 008d 11       		.uleb128 0x11
 764 008e 01       		.uleb128 0x1
 765 008f 31       		.uleb128 0x31
 766 0090 13       		.uleb128 0x13
 767 0091 00       		.byte	0
 768 0092 00       		.byte	0
 769 0093 0D       		.uleb128 0xd
 770 0094 8A8201   		.uleb128 0x410a
 771 0097 00       		.byte	0
 772 0098 02       		.uleb128 0x2
 773 0099 18       		.uleb128 0x18
 774 009a 9142     		.uleb128 0x2111
 775 009c 18       		.uleb128 0x18
 776 009d 00       		.byte	0
 777 009e 00       		.byte	0
 778 009f 0E       		.uleb128 0xe
 779 00a0 898201   		.uleb128 0x4109
 780 00a3 01       		.byte	0x1
 781 00a4 11       		.uleb128 0x11
 782 00a5 01       		.uleb128 0x1
 783 00a6 31       		.uleb128 0x31
 784 00a7 13       		.uleb128 0x13
 785 00a8 01       		.uleb128 0x1
 786 00a9 13       		.uleb128 0x13
 787 00aa 00       		.byte	0
 788 00ab 00       		.byte	0
 789 00ac 0F       		.uleb128 0xf
 790 00ad 2E       		.uleb128 0x2e
 791 00ae 01       		.byte	0x1
 792 00af 3F       		.uleb128 0x3f
 793 00b0 19       		.uleb128 0x19
 794 00b1 03       		.uleb128 0x3
ARM GAS  C:\DOCUME~1\Remixvit\LOCALS~1\Temp\ccTT5sYa.s 			page 20


 795 00b2 0E       		.uleb128 0xe
 796 00b3 3A       		.uleb128 0x3a
 797 00b4 0B       		.uleb128 0xb
 798 00b5 3B       		.uleb128 0x3b
 799 00b6 0B       		.uleb128 0xb
 800 00b7 27       		.uleb128 0x27
 801 00b8 19       		.uleb128 0x19
 802 00b9 11       		.uleb128 0x11
 803 00ba 01       		.uleb128 0x1
 804 00bb 12       		.uleb128 0x12
 805 00bc 06       		.uleb128 0x6
 806 00bd 40       		.uleb128 0x40
 807 00be 18       		.uleb128 0x18
 808 00bf 9742     		.uleb128 0x2117
 809 00c1 19       		.uleb128 0x19
 810 00c2 01       		.uleb128 0x1
 811 00c3 13       		.uleb128 0x13
 812 00c4 00       		.byte	0
 813 00c5 00       		.byte	0
 814 00c6 10       		.uleb128 0x10
 815 00c7 0B       		.uleb128 0xb
 816 00c8 01       		.byte	0x1
 817 00c9 11       		.uleb128 0x11
 818 00ca 01       		.uleb128 0x1
 819 00cb 12       		.uleb128 0x12
 820 00cc 06       		.uleb128 0x6
 821 00cd 01       		.uleb128 0x1
 822 00ce 13       		.uleb128 0x13
 823 00cf 00       		.byte	0
 824 00d0 00       		.byte	0
 825 00d1 11       		.uleb128 0x11
 826 00d2 13       		.uleb128 0x13
 827 00d3 01       		.byte	0x1
 828 00d4 0B       		.uleb128 0xb
 829 00d5 0B       		.uleb128 0xb
 830 00d6 3A       		.uleb128 0x3a
 831 00d7 0B       		.uleb128 0xb
 832 00d8 3B       		.uleb128 0x3b
 833 00d9 0B       		.uleb128 0xb
 834 00da 01       		.uleb128 0x1
 835 00db 13       		.uleb128 0x13
 836 00dc 00       		.byte	0
 837 00dd 00       		.byte	0
 838 00de 12       		.uleb128 0x12
 839 00df 0D       		.uleb128 0xd
 840 00e0 00       		.byte	0
 841 00e1 03       		.uleb128 0x3
 842 00e2 0E       		.uleb128 0xe
 843 00e3 3A       		.uleb128 0x3a
 844 00e4 0B       		.uleb128 0xb
 845 00e5 3B       		.uleb128 0x3b
 846 00e6 0B       		.uleb128 0xb
 847 00e7 49       		.uleb128 0x49
 848 00e8 13       		.uleb128 0x13
 849 00e9 38       		.uleb128 0x38
 850 00ea 0B       		.uleb128 0xb
 851 00eb 00       		.byte	0
ARM GAS  C:\DOCUME~1\Remixvit\LOCALS~1\Temp\ccTT5sYa.s 			page 21


 852 00ec 00       		.byte	0
 853 00ed 13       		.uleb128 0x13
 854 00ee 01       		.uleb128 0x1
 855 00ef 01       		.byte	0x1
 856 00f0 49       		.uleb128 0x49
 857 00f1 13       		.uleb128 0x13
 858 00f2 01       		.uleb128 0x1
 859 00f3 13       		.uleb128 0x13
 860 00f4 00       		.byte	0
 861 00f5 00       		.byte	0
 862 00f6 14       		.uleb128 0x14
 863 00f7 21       		.uleb128 0x21
 864 00f8 00       		.byte	0
 865 00f9 49       		.uleb128 0x49
 866 00fa 13       		.uleb128 0x13
 867 00fb 2F       		.uleb128 0x2f
 868 00fc 0B       		.uleb128 0xb
 869 00fd 00       		.byte	0
 870 00fe 00       		.byte	0
 871 00ff 15       		.uleb128 0x15
 872 0100 34       		.uleb128 0x34
 873 0101 00       		.byte	0
 874 0102 03       		.uleb128 0x3
 875 0103 0E       		.uleb128 0xe
 876 0104 3A       		.uleb128 0x3a
 877 0105 0B       		.uleb128 0xb
 878 0106 3B       		.uleb128 0x3b
 879 0107 0B       		.uleb128 0xb
 880 0108 49       		.uleb128 0x49
 881 0109 13       		.uleb128 0x13
 882 010a 02       		.uleb128 0x2
 883 010b 18       		.uleb128 0x18
 884 010c 00       		.byte	0
 885 010d 00       		.byte	0
 886 010e 16       		.uleb128 0x16
 887 010f 26       		.uleb128 0x26
 888 0110 00       		.byte	0
 889 0111 49       		.uleb128 0x49
 890 0112 13       		.uleb128 0x13
 891 0113 00       		.byte	0
 892 0114 00       		.byte	0
 893 0115 17       		.uleb128 0x17
 894 0116 34       		.uleb128 0x34
 895 0117 00       		.byte	0
 896 0118 03       		.uleb128 0x3
 897 0119 08       		.uleb128 0x8
 898 011a 3A       		.uleb128 0x3a
 899 011b 0B       		.uleb128 0xb
 900 011c 3B       		.uleb128 0x3b
 901 011d 0B       		.uleb128 0xb
 902 011e 49       		.uleb128 0x49
 903 011f 13       		.uleb128 0x13
 904 0120 02       		.uleb128 0x2
 905 0121 17       		.uleb128 0x17
 906 0122 00       		.byte	0
 907 0123 00       		.byte	0
 908 0124 18       		.uleb128 0x18
ARM GAS  C:\DOCUME~1\Remixvit\LOCALS~1\Temp\ccTT5sYa.s 			page 22


 909 0125 0B       		.uleb128 0xb
 910 0126 01       		.byte	0x1
 911 0127 11       		.uleb128 0x11
 912 0128 01       		.uleb128 0x1
 913 0129 12       		.uleb128 0x12
 914 012a 06       		.uleb128 0x6
 915 012b 00       		.byte	0
 916 012c 00       		.byte	0
 917 012d 19       		.uleb128 0x19
 918 012e 898201   		.uleb128 0x4109
 919 0131 00       		.byte	0
 920 0132 11       		.uleb128 0x11
 921 0133 01       		.uleb128 0x1
 922 0134 31       		.uleb128 0x31
 923 0135 13       		.uleb128 0x13
 924 0136 00       		.byte	0
 925 0137 00       		.byte	0
 926 0138 1A       		.uleb128 0x1a
 927 0139 2E       		.uleb128 0x2e
 928 013a 01       		.byte	0x1
 929 013b 3F       		.uleb128 0x3f
 930 013c 19       		.uleb128 0x19
 931 013d 03       		.uleb128 0x3
 932 013e 0E       		.uleb128 0xe
 933 013f 27       		.uleb128 0x27
 934 0140 19       		.uleb128 0x19
 935 0141 49       		.uleb128 0x49
 936 0142 13       		.uleb128 0x13
 937 0143 34       		.uleb128 0x34
 938 0144 19       		.uleb128 0x19
 939 0145 3C       		.uleb128 0x3c
 940 0146 19       		.uleb128 0x19
 941 0147 01       		.uleb128 0x1
 942 0148 13       		.uleb128 0x13
 943 0149 00       		.byte	0
 944 014a 00       		.byte	0
 945 014b 1B       		.uleb128 0x1b
 946 014c 05       		.uleb128 0x5
 947 014d 00       		.byte	0
 948 014e 49       		.uleb128 0x49
 949 014f 13       		.uleb128 0x13
 950 0150 00       		.byte	0
 951 0151 00       		.byte	0
 952 0152 1C       		.uleb128 0x1c
 953 0153 2E       		.uleb128 0x2e
 954 0154 01       		.byte	0x1
 955 0155 3F       		.uleb128 0x3f
 956 0156 19       		.uleb128 0x19
 957 0157 03       		.uleb128 0x3
 958 0158 0E       		.uleb128 0xe
 959 0159 3A       		.uleb128 0x3a
 960 015a 0B       		.uleb128 0xb
 961 015b 3B       		.uleb128 0x3b
 962 015c 0B       		.uleb128 0xb
 963 015d 27       		.uleb128 0x27
 964 015e 19       		.uleb128 0x19
 965 015f 3C       		.uleb128 0x3c
ARM GAS  C:\DOCUME~1\Remixvit\LOCALS~1\Temp\ccTT5sYa.s 			page 23


 966 0160 19       		.uleb128 0x19
 967 0161 01       		.uleb128 0x1
 968 0162 13       		.uleb128 0x13
 969 0163 00       		.byte	0
 970 0164 00       		.byte	0
 971 0165 1D       		.uleb128 0x1d
 972 0166 2E       		.uleb128 0x2e
 973 0167 01       		.byte	0x1
 974 0168 3F       		.uleb128 0x3f
 975 0169 19       		.uleb128 0x19
 976 016a 03       		.uleb128 0x3
 977 016b 0E       		.uleb128 0xe
 978 016c 3A       		.uleb128 0x3a
 979 016d 0B       		.uleb128 0xb
 980 016e 3B       		.uleb128 0x3b
 981 016f 0B       		.uleb128 0xb
 982 0170 27       		.uleb128 0x27
 983 0171 19       		.uleb128 0x19
 984 0172 49       		.uleb128 0x49
 985 0173 13       		.uleb128 0x13
 986 0174 3C       		.uleb128 0x3c
 987 0175 19       		.uleb128 0x19
 988 0176 01       		.uleb128 0x1
 989 0177 13       		.uleb128 0x13
 990 0178 00       		.byte	0
 991 0179 00       		.byte	0
 992 017a 1E       		.uleb128 0x1e
 993 017b 2E       		.uleb128 0x2e
 994 017c 01       		.byte	0x1
 995 017d 3F       		.uleb128 0x3f
 996 017e 19       		.uleb128 0x19
 997 017f 03       		.uleb128 0x3
 998 0180 0E       		.uleb128 0xe
 999 0181 3A       		.uleb128 0x3a
 1000 0182 0B       		.uleb128 0xb
 1001 0183 3B       		.uleb128 0x3b
 1002 0184 0B       		.uleb128 0xb
 1003 0185 27       		.uleb128 0x27
 1004 0186 19       		.uleb128 0x19
 1005 0187 3C       		.uleb128 0x3c
 1006 0188 19       		.uleb128 0x19
 1007 0189 00       		.byte	0
 1008 018a 00       		.byte	0
 1009 018b 00       		.byte	0
 1010              		.section	.debug_loc,"",%progbits
 1011              	.Ldebug_loc0:
 1012              	.LLST0:
 1013 0000 00000000 		.4byte	.LVL0
 1014 0004 09000000 		.4byte	.LVL2-1
 1015 0008 0100     		.2byte	0x1
 1016 000a 50       		.byte	0x50
 1017 000b 09000000 		.4byte	.LVL2-1
 1018 000f 0C000000 		.4byte	.LFE0
 1019 0013 0400     		.2byte	0x4
 1020 0015 F3       		.byte	0xf3
 1021 0016 01       		.uleb128 0x1
 1022 0017 50       		.byte	0x50
ARM GAS  C:\DOCUME~1\Remixvit\LOCALS~1\Temp\ccTT5sYa.s 			page 24


 1023 0018 9F       		.byte	0x9f
 1024 0019 00000000 		.4byte	0
 1025 001d 00000000 		.4byte	0
 1026              	.LLST1:
 1027 0021 00000000 		.4byte	.LVL0
 1028 0025 06000000 		.4byte	.LVL1
 1029 0029 0100     		.2byte	0x1
 1030 002b 51       		.byte	0x51
 1031 002c 06000000 		.4byte	.LVL1
 1032 0030 09000000 		.4byte	.LVL2-1
 1033 0034 0100     		.2byte	0x1
 1034 0036 52       		.byte	0x52
 1035 0037 09000000 		.4byte	.LVL2-1
 1036 003b 0C000000 		.4byte	.LFE0
 1037 003f 0400     		.2byte	0x4
 1038 0041 F3       		.byte	0xf3
 1039 0042 01       		.uleb128 0x1
 1040 0043 51       		.byte	0x51
 1041 0044 9F       		.byte	0x9f
 1042 0045 00000000 		.4byte	0
 1043 0049 00000000 		.4byte	0
 1044              	.LLST2:
 1045 004d 90000000 		.4byte	.LVL6
 1046 0051 94000000 		.4byte	.LVL7
 1047 0055 0200     		.2byte	0x2
 1048 0057 30       		.byte	0x30
 1049 0058 9F       		.byte	0x9f
 1050 0059 94000000 		.4byte	.LVL7
 1051 005d B4000000 		.4byte	.LVL9
 1052 0061 0100     		.2byte	0x1
 1053 0063 54       		.byte	0x54
 1054 0064 B6000000 		.4byte	.LVL10
 1055 0068 2C010000 		.4byte	.LVL12
 1056 006c 0100     		.2byte	0x1
 1057 006e 54       		.byte	0x54
 1058 006f 00000000 		.4byte	0
 1059 0073 00000000 		.4byte	0
 1060              	.LLST3:
 1061 0077 94000000 		.4byte	.LVL7
 1062 007b B4000000 		.4byte	.LVL9
 1063 007f 0B00     		.2byte	0xb
 1064 0081 74       		.byte	0x74
 1065 0082 00       		.sleb128 0
 1066 0083 36       		.byte	0x36
 1067 0084 1E       		.byte	0x1e
 1068 0085 03       		.byte	0x3
 1069 0086 00000000 		.4byte	cfg_memset_list.4714
 1070 008a 22       		.byte	0x22
 1071 008b 9F       		.byte	0x9f
 1072 008c B4000000 		.4byte	.LVL9
 1073 0090 B6000000 		.4byte	.LVL10
 1074 0094 0B00     		.2byte	0xb
 1075 0096 74       		.byte	0x74
 1076 0097 7F       		.sleb128 -1
 1077 0098 36       		.byte	0x36
 1078 0099 1E       		.byte	0x1e
 1079 009a 03       		.byte	0x3
ARM GAS  C:\DOCUME~1\Remixvit\LOCALS~1\Temp\ccTT5sYa.s 			page 25


 1080 009b 00000000 		.4byte	cfg_memset_list.4714
 1081 009f 22       		.byte	0x22
 1082 00a0 9F       		.byte	0x9f
 1083 00a1 00000000 		.4byte	0
 1084 00a5 00000000 		.4byte	0
 1085              		.section	.debug_aranges,"",%progbits
 1086 0000 2C000000 		.4byte	0x2c
 1087 0004 0200     		.2byte	0x2
 1088 0006 00000000 		.4byte	.Ldebug_info0
 1089 000a 04       		.byte	0x4
 1090 000b 00       		.byte	0
 1091 000c 0000     		.2byte	0
 1092 000e 0000     		.2byte	0
 1093 0010 00000000 		.4byte	.LFB0
 1094 0014 0C000000 		.4byte	.LFE0-.LFB0
 1095 0018 00000000 		.4byte	.LFB3
 1096 001c 8C000000 		.4byte	.LFE3-.LFB3
 1097 0020 8C000000 		.4byte	.LFB5
 1098 0024 F0000000 		.4byte	.LFE5-.LFB5
 1099 0028 00000000 		.4byte	0
 1100 002c 00000000 		.4byte	0
 1101              		.section	.debug_ranges,"",%progbits
 1102              	.Ldebug_ranges0:
 1103 0000 00000000 		.4byte	.LFB0
 1104 0004 0C000000 		.4byte	.LFE0
 1105 0008 00000000 		.4byte	.LFB3
 1106 000c 8C000000 		.4byte	.LFE3
 1107 0010 8C000000 		.4byte	.LFB5
 1108 0014 7C010000 		.4byte	.LFE5
 1109 0018 00000000 		.4byte	0
 1110 001c 00000000 		.4byte	0
 1111              		.section	.debug_line,"",%progbits
 1112              	.Ldebug_line0:
 1113 0000 31010000 		.section	.debug_str,"MS",%progbits,1
 1113      0200D200 
 1113      00000201 
 1113      FB0E0D00 
 1113      01010101 
 1114              	.LASF18:
 1115 0000 72656733 		.ascii	"reg32\000"
 1115      3200
 1116              	.LASF11:
 1117 0006 73697A65 		.ascii	"size_t\000"
 1117      5F7400
 1118              	.LASF32:
 1119 000d 4379496E 		.ascii	"CyIntSetVector\000"
 1119      74536574 
 1119      56656374 
 1119      6F7200
 1120              	.LASF25:
 1121 001c 6366675F 		.ascii	"cfg_memset_list\000"
 1121      6D656D73 
 1121      65745F6C 
 1121      69737400 
 1122              	.LASF21:
 1123 002c 436C6F63 		.ascii	"ClockSetup\000"
 1123      6B536574 
ARM GAS  C:\DOCUME~1\Remixvit\LOCALS~1\Temp\ccTT5sYa.s 			page 26


 1123      757000
 1124              	.LASF4:
 1125 0037 73686F72 		.ascii	"short unsigned int\000"
 1125      7420756E 
 1125      7369676E 
 1125      65642069 
 1125      6E7400
 1126              	.LASF15:
 1127 004a 666C6F61 		.ascii	"float\000"
 1127      7400
 1128              	.LASF30:
 1129 0050 433A5C45 		.ascii	"C:\\EAGLE\\My\\WirellesLoad\\WirellesLoad\\Wirelles"
 1129      41474C45 
 1129      5C4D795C 
 1129      57697265 
 1129      6C6C6573 
 1130 007e 4C6F6164 		.ascii	"Load_v1.cydsn\000"
 1130      5F76312E 
 1130      63796473 
 1130      6E00
 1131              	.LASF23:
 1132 008c 73697A65 		.ascii	"size\000"
 1132      00
 1133              	.LASF17:
 1134 0091 72656738 		.ascii	"reg8\000"
 1134      00
 1135              	.LASF6:
 1136 0096 6C6F6E67 		.ascii	"long unsigned int\000"
 1136      20756E73 
 1136      69676E65 
 1136      6420696E 
 1136      7400
 1137              	.LASF12:
 1138 00a8 75696E74 		.ascii	"uint8\000"
 1138      3800
 1139              	.LASF20:
 1140 00ae 43594D45 		.ascii	"CYMEMZERO\000"
 1140      4D5A4552 
 1140      4F00
 1141              	.LASF2:
 1142 00b8 756E7369 		.ascii	"unsigned char\000"
 1142      676E6564 
 1142      20636861 
 1142      7200
 1143              	.LASF26:
 1144 00c6 6D656D73 		.ascii	"memset\000"
 1144      657400
 1145              	.LASF16:
 1146 00cd 646F7562 		.ascii	"double\000"
 1146      6C6500
 1147              	.LASF33:
 1148 00d4 4379496E 		.ascii	"CyIntEnable\000"
 1148      74456E61 
 1148      626C6500 
 1149              	.LASF13:
 1150 00e0 75696E74 		.ascii	"uint16\000"
 1150      313600
ARM GAS  C:\DOCUME~1\Remixvit\LOCALS~1\Temp\ccTT5sYa.s 			page 27


 1151              	.LASF14:
 1152 00e7 75696E74 		.ascii	"uint32\000"
 1152      333200
 1153              	.LASF0:
 1154 00ee 756E7369 		.ascii	"unsigned int\000"
 1154      676E6564 
 1154      20696E74 
 1154      00
 1155              	.LASF31:
 1156 00fb 63796669 		.ascii	"cyfitter_cfg\000"
 1156      74746572 
 1156      5F636667 
 1156      00
 1157              	.LASF22:
 1158 0108 61646472 		.ascii	"address\000"
 1158      65737300 
 1159              	.LASF8:
 1160 0110 6C6F6E67 		.ascii	"long long unsigned int\000"
 1160      206C6F6E 
 1160      6720756E 
 1160      7369676E 
 1160      65642069 
 1161              	.LASF19:
 1162 0127 63796973 		.ascii	"cyisraddress\000"
 1162      72616464 
 1162      72657373 
 1162      00
 1163              	.LASF24:
 1164 0134 6366675F 		.ascii	"cfg_memset_t\000"
 1164      6D656D73 
 1164      65745F74 
 1164      00
 1165              	.LASF29:
 1166 0141 2E5C4765 		.ascii	".\\Generated_Source\\PSoC4\\cyfitter_cfg.c\000"
 1166      6E657261 
 1166      7465645F 
 1166      536F7572 
 1166      63655C50 
 1167              	.LASF9:
 1168 0169 73697A65 		.ascii	"sizetype\000"
 1168      74797065 
 1168      00
 1169              	.LASF7:
 1170 0172 6C6F6E67 		.ascii	"long long int\000"
 1170      206C6F6E 
 1170      6720696E 
 1170      7400
 1171              	.LASF10:
 1172 0180 63686172 		.ascii	"char\000"
 1172      00
 1173              	.LASF28:
 1174 0185 474E5520 		.ascii	"GNU C 4.9.3 20150303 (release) [ARM/embedded-4_9-br"
 1174      4320342E 
 1174      392E3320 
 1174      32303135 
 1174      30333033 
 1175 01b8 616E6368 		.ascii	"anch revision 221220] -mcpu=cortex-m0 -mthumb -g -O"
ARM GAS  C:\DOCUME~1\Remixvit\LOCALS~1\Temp\ccTT5sYa.s 			page 28


 1175      20726576 
 1175      6973696F 
 1175      6E203232 
 1175      31323230 
 1176 01eb 67202D66 		.ascii	"g -ffunction-sections -ffat-lto-objects\000"
 1176      66756E63 
 1176      74696F6E 
 1176      2D736563 
 1176      74696F6E 
 1177              	.LASF3:
 1178 0213 73686F72 		.ascii	"short int\000"
 1178      7420696E 
 1178      7400
 1179              	.LASF27:
 1180 021d 43795379 		.ascii	"CySysClkWriteImoFreq\000"
 1180      73436C6B 
 1180      57726974 
 1180      65496D6F 
 1180      46726571 
 1181              	.LASF5:
 1182 0232 6C6F6E67 		.ascii	"long int\000"
 1182      20696E74 
 1182      00
 1183              	.LASF1:
 1184 023b 7369676E 		.ascii	"signed char\000"
 1184      65642063 
 1184      68617200 
 1185              		.ident	"GCC: (GNU Tools for ARM Embedded Processors) 4.9.3 20150303 (release) [ARM/embedded-4_9-br
