ARM GAS  C:\DOCUME~1\Remixvit\LOCALS~1\Temp\cch6LRVL.s 			page 1


   1              		.cpu cortex-m0
   2              		.fpu softvfp
   3              		.eabi_attribute 20, 1
   4              		.eabi_attribute 21, 1
   5              		.eabi_attribute 23, 3
   6              		.eabi_attribute 24, 1
   7              		.eabi_attribute 25, 1
   8              		.eabi_attribute 26, 1
   9              		.eabi_attribute 30, 1
  10              		.eabi_attribute 34, 0
  11              		.eabi_attribute 18, 4
  12              		.code	16
  13              		.file	"cyfitter_cfg.c"
  14              		.text
  15              	.Ltext0:
  16              		.cfi_sections	.debug_frame
  17              		.section	.text.CYMEMZERO,"ax",%progbits
  18              		.align	2
  19              		.code	16
  20              		.thumb_func
  21              		.type	CYMEMZERO, %function
  22              	CYMEMZERO:
  23              	.LFB0:
  24              		.file 1 ".\\Generated_Source\\PSoC4\\cyfitter_cfg.c"
   1:.\Generated_Source\PSoC4/cyfitter_cfg.c **** /*******************************************************************************
   2:.\Generated_Source\PSoC4/cyfitter_cfg.c **** * File Name: cyfitter_cfg.c
   3:.\Generated_Source\PSoC4/cyfitter_cfg.c **** * 
   4:.\Generated_Source\PSoC4/cyfitter_cfg.c **** * PSoC Creator  3.3 CP1
   5:.\Generated_Source\PSoC4/cyfitter_cfg.c **** *
   6:.\Generated_Source\PSoC4/cyfitter_cfg.c **** * Description:
   7:.\Generated_Source\PSoC4/cyfitter_cfg.c **** * This file contains device initialization code.
   8:.\Generated_Source\PSoC4/cyfitter_cfg.c **** * Except for the user defined sections in CyClockStartupError(), this file should not be modified.
   9:.\Generated_Source\PSoC4/cyfitter_cfg.c **** * This file is automatically generated by PSoC Creator.
  10:.\Generated_Source\PSoC4/cyfitter_cfg.c **** *
  11:.\Generated_Source\PSoC4/cyfitter_cfg.c **** ********************************************************************************
  12:.\Generated_Source\PSoC4/cyfitter_cfg.c **** * Copyright (c) 2007-2015 Cypress Semiconductor.  All rights reserved.
  13:.\Generated_Source\PSoC4/cyfitter_cfg.c **** * You may use this file only in accordance with the license, terms, conditions, 
  14:.\Generated_Source\PSoC4/cyfitter_cfg.c **** * disclaimers, and limitations in the end user license agreement accompanying 
  15:.\Generated_Source\PSoC4/cyfitter_cfg.c **** * the software package with which this file was provided.
  16:.\Generated_Source\PSoC4/cyfitter_cfg.c **** ********************************************************************************/
  17:.\Generated_Source\PSoC4/cyfitter_cfg.c **** 
  18:.\Generated_Source\PSoC4/cyfitter_cfg.c **** #include <string.h>
  19:.\Generated_Source\PSoC4/cyfitter_cfg.c **** #include "cytypes.h"
  20:.\Generated_Source\PSoC4/cyfitter_cfg.c **** #include "cydevice_trm.h"
  21:.\Generated_Source\PSoC4/cyfitter_cfg.c **** #include "cyfitter.h"
  22:.\Generated_Source\PSoC4/cyfitter_cfg.c **** #include "CyLib.h"
  23:.\Generated_Source\PSoC4/cyfitter_cfg.c **** #include "CyLFClk.h"
  24:.\Generated_Source\PSoC4/cyfitter_cfg.c **** #include "cyfitter_cfg.h"
  25:.\Generated_Source\PSoC4/cyfitter_cfg.c **** 
  26:.\Generated_Source\PSoC4/cyfitter_cfg.c **** 
  27:.\Generated_Source\PSoC4/cyfitter_cfg.c **** #if defined(__GNUC__) || defined(__ARMCC_VERSION)
  28:.\Generated_Source\PSoC4/cyfitter_cfg.c ****     #define CYPACKED 
  29:.\Generated_Source\PSoC4/cyfitter_cfg.c ****     #define CYPACKED_ATTR __attribute__ ((packed))
  30:.\Generated_Source\PSoC4/cyfitter_cfg.c ****     #define CYALIGNED __attribute__ ((aligned))
  31:.\Generated_Source\PSoC4/cyfitter_cfg.c ****     #define CY_CFG_UNUSED __attribute__ ((unused))
  32:.\Generated_Source\PSoC4/cyfitter_cfg.c ****     #define CY_CFG_SECTION __attribute__ ((section(".psocinit")))
  33:.\Generated_Source\PSoC4/cyfitter_cfg.c ****     
ARM GAS  C:\DOCUME~1\Remixvit\LOCALS~1\Temp\cch6LRVL.s 			page 2


  34:.\Generated_Source\PSoC4/cyfitter_cfg.c ****     #if defined(__ARMCC_VERSION)
  35:.\Generated_Source\PSoC4/cyfitter_cfg.c ****         #define CY_CFG_MEMORY_BARRIER() __memory_changed()
  36:.\Generated_Source\PSoC4/cyfitter_cfg.c ****     #else
  37:.\Generated_Source\PSoC4/cyfitter_cfg.c ****         #define CY_CFG_MEMORY_BARRIER() __sync_synchronize()
  38:.\Generated_Source\PSoC4/cyfitter_cfg.c ****     #endif
  39:.\Generated_Source\PSoC4/cyfitter_cfg.c ****     
  40:.\Generated_Source\PSoC4/cyfitter_cfg.c **** #elif defined(__ICCARM__)
  41:.\Generated_Source\PSoC4/cyfitter_cfg.c ****     #include <intrinsics.h>
  42:.\Generated_Source\PSoC4/cyfitter_cfg.c **** 
  43:.\Generated_Source\PSoC4/cyfitter_cfg.c ****     #define CYPACKED __packed
  44:.\Generated_Source\PSoC4/cyfitter_cfg.c ****     #define CYPACKED_ATTR 
  45:.\Generated_Source\PSoC4/cyfitter_cfg.c ****     #define CYALIGNED _Pragma("data_alignment=4")
  46:.\Generated_Source\PSoC4/cyfitter_cfg.c ****     #define CY_CFG_UNUSED _Pragma("diag_suppress=Pe177")
  47:.\Generated_Source\PSoC4/cyfitter_cfg.c ****     #define CY_CFG_SECTION _Pragma("location=\".psocinit\"")
  48:.\Generated_Source\PSoC4/cyfitter_cfg.c ****     
  49:.\Generated_Source\PSoC4/cyfitter_cfg.c ****     #define CY_CFG_MEMORY_BARRIER() __DMB()
  50:.\Generated_Source\PSoC4/cyfitter_cfg.c ****     
  51:.\Generated_Source\PSoC4/cyfitter_cfg.c **** #else
  52:.\Generated_Source\PSoC4/cyfitter_cfg.c ****     #error Unsupported toolchain
  53:.\Generated_Source\PSoC4/cyfitter_cfg.c **** #endif
  54:.\Generated_Source\PSoC4/cyfitter_cfg.c **** 
  55:.\Generated_Source\PSoC4/cyfitter_cfg.c **** 
  56:.\Generated_Source\PSoC4/cyfitter_cfg.c **** CY_CFG_UNUSED
  57:.\Generated_Source\PSoC4/cyfitter_cfg.c **** static void CYMEMZERO(void *s, size_t n);
  58:.\Generated_Source\PSoC4/cyfitter_cfg.c **** CY_CFG_UNUSED
  59:.\Generated_Source\PSoC4/cyfitter_cfg.c **** static void CYMEMZERO(void *s, size_t n)
  60:.\Generated_Source\PSoC4/cyfitter_cfg.c **** {
  25              		.loc 1 60 0
  26              		.cfi_startproc
  27              	.LVL0:
  28 0000 08B5     		push	{r3, lr}
  29              		.cfi_def_cfa_offset 8
  30              		.cfi_offset 3, -8
  31              		.cfi_offset 14, -4
  32 0002 0A1C     		mov	r2, r1
  61:.\Generated_Source\PSoC4/cyfitter_cfg.c **** 	(void)memset(s, 0, n);
  33              		.loc 1 61 0
  34 0004 0021     		mov	r1, #0
  35              	.LVL1:
  36 0006 FFF7FEFF 		bl	memset
  37              	.LVL2:
  62:.\Generated_Source\PSoC4/cyfitter_cfg.c **** }
  38              		.loc 1 62 0
  39              		@ sp needed
  40 000a 08BD     		pop	{r3, pc}
  41              		.cfi_endproc
  42              	.LFE0:
  43              		.size	CYMEMZERO, .-CYMEMZERO
  44              		.section	.psocinit,"ax",%progbits
  45              		.align	2
  46              		.code	16
  47              		.thumb_func
  48              		.type	ClockSetup, %function
  49              	ClockSetup:
  50              	.LFB3:
  63:.\Generated_Source\PSoC4/cyfitter_cfg.c **** CY_CFG_UNUSED
  64:.\Generated_Source\PSoC4/cyfitter_cfg.c **** static void CYCONFIGCPY(void *dest, const void *src, size_t n);
ARM GAS  C:\DOCUME~1\Remixvit\LOCALS~1\Temp\cch6LRVL.s 			page 3


  65:.\Generated_Source\PSoC4/cyfitter_cfg.c **** CY_CFG_UNUSED
  66:.\Generated_Source\PSoC4/cyfitter_cfg.c **** static void CYCONFIGCPY(void *dest, const void *src, size_t n)
  67:.\Generated_Source\PSoC4/cyfitter_cfg.c **** {
  68:.\Generated_Source\PSoC4/cyfitter_cfg.c **** 	(void)memcpy(dest, src, n);
  69:.\Generated_Source\PSoC4/cyfitter_cfg.c **** }
  70:.\Generated_Source\PSoC4/cyfitter_cfg.c **** CY_CFG_UNUSED
  71:.\Generated_Source\PSoC4/cyfitter_cfg.c **** static void CYCONFIGCPYCODE(void *dest, const void *src, size_t n);
  72:.\Generated_Source\PSoC4/cyfitter_cfg.c **** CY_CFG_UNUSED
  73:.\Generated_Source\PSoC4/cyfitter_cfg.c **** static void CYCONFIGCPYCODE(void *dest, const void *src, size_t n)
  74:.\Generated_Source\PSoC4/cyfitter_cfg.c **** {
  75:.\Generated_Source\PSoC4/cyfitter_cfg.c **** 	(void)memcpy(dest, src, n);
  76:.\Generated_Source\PSoC4/cyfitter_cfg.c **** }
  77:.\Generated_Source\PSoC4/cyfitter_cfg.c **** 
  78:.\Generated_Source\PSoC4/cyfitter_cfg.c **** 
  79:.\Generated_Source\PSoC4/cyfitter_cfg.c **** 
  80:.\Generated_Source\PSoC4/cyfitter_cfg.c **** /* Clock startup error codes                                                   */
  81:.\Generated_Source\PSoC4/cyfitter_cfg.c **** #define CYCLOCKSTART_NO_ERROR    0u
  82:.\Generated_Source\PSoC4/cyfitter_cfg.c **** #define CYCLOCKSTART_XTAL_ERROR  1u
  83:.\Generated_Source\PSoC4/cyfitter_cfg.c **** #define CYCLOCKSTART_32KHZ_ERROR 2u
  84:.\Generated_Source\PSoC4/cyfitter_cfg.c **** #define CYCLOCKSTART_PLL_ERROR   3u
  85:.\Generated_Source\PSoC4/cyfitter_cfg.c **** 
  86:.\Generated_Source\PSoC4/cyfitter_cfg.c **** #ifdef CY_NEED_CYCLOCKSTARTUPERROR
  87:.\Generated_Source\PSoC4/cyfitter_cfg.c **** /*******************************************************************************
  88:.\Generated_Source\PSoC4/cyfitter_cfg.c **** * Function Name: CyClockStartupError
  89:.\Generated_Source\PSoC4/cyfitter_cfg.c **** ********************************************************************************
  90:.\Generated_Source\PSoC4/cyfitter_cfg.c **** * Summary:
  91:.\Generated_Source\PSoC4/cyfitter_cfg.c **** *  If an error is encountered during clock configuration (crystal startup error,
  92:.\Generated_Source\PSoC4/cyfitter_cfg.c **** *  PLL lock error, etc.), the system will end up here.  Unless reimplemented by
  93:.\Generated_Source\PSoC4/cyfitter_cfg.c **** *  the customer, this function will stop in an infinite loop.
  94:.\Generated_Source\PSoC4/cyfitter_cfg.c **** *
  95:.\Generated_Source\PSoC4/cyfitter_cfg.c **** * Parameters:
  96:.\Generated_Source\PSoC4/cyfitter_cfg.c **** *   void
  97:.\Generated_Source\PSoC4/cyfitter_cfg.c **** *
  98:.\Generated_Source\PSoC4/cyfitter_cfg.c **** * Return:
  99:.\Generated_Source\PSoC4/cyfitter_cfg.c **** *   void
 100:.\Generated_Source\PSoC4/cyfitter_cfg.c **** *
 101:.\Generated_Source\PSoC4/cyfitter_cfg.c **** *******************************************************************************/
 102:.\Generated_Source\PSoC4/cyfitter_cfg.c **** CY_CFG_UNUSED
 103:.\Generated_Source\PSoC4/cyfitter_cfg.c **** static void CyClockStartupError(uint8 errorCode);
 104:.\Generated_Source\PSoC4/cyfitter_cfg.c **** CY_CFG_UNUSED
 105:.\Generated_Source\PSoC4/cyfitter_cfg.c **** static void CyClockStartupError(uint8 errorCode)
 106:.\Generated_Source\PSoC4/cyfitter_cfg.c **** {
 107:.\Generated_Source\PSoC4/cyfitter_cfg.c ****     /* To remove the compiler warning if errorCode not used.                */
 108:.\Generated_Source\PSoC4/cyfitter_cfg.c ****     errorCode = errorCode;
 109:.\Generated_Source\PSoC4/cyfitter_cfg.c **** 
 110:.\Generated_Source\PSoC4/cyfitter_cfg.c ****     /* `#START CyClockStartupError` */
 111:.\Generated_Source\PSoC4/cyfitter_cfg.c **** 
 112:.\Generated_Source\PSoC4/cyfitter_cfg.c ****     /* If we have a clock startup error (bad MHz crystal, PLL lock, etc.),  */
 113:.\Generated_Source\PSoC4/cyfitter_cfg.c ****     /* we will end up here to allow the customer to implement something to  */
 114:.\Generated_Source\PSoC4/cyfitter_cfg.c ****     /* deal with the clock condition.                                       */
 115:.\Generated_Source\PSoC4/cyfitter_cfg.c **** 
 116:.\Generated_Source\PSoC4/cyfitter_cfg.c ****     /* `#END` */
 117:.\Generated_Source\PSoC4/cyfitter_cfg.c **** 
 118:.\Generated_Source\PSoC4/cyfitter_cfg.c ****     /* If nothing else, stop here since the clocks have not started         */
 119:.\Generated_Source\PSoC4/cyfitter_cfg.c ****     /* correctly.                                                           */
 120:.\Generated_Source\PSoC4/cyfitter_cfg.c ****     while(1) {}
 121:.\Generated_Source\PSoC4/cyfitter_cfg.c **** }
ARM GAS  C:\DOCUME~1\Remixvit\LOCALS~1\Temp\cch6LRVL.s 			page 4


 122:.\Generated_Source\PSoC4/cyfitter_cfg.c **** #endif
 123:.\Generated_Source\PSoC4/cyfitter_cfg.c **** 
 124:.\Generated_Source\PSoC4/cyfitter_cfg.c **** 
 125:.\Generated_Source\PSoC4/cyfitter_cfg.c **** 
 126:.\Generated_Source\PSoC4/cyfitter_cfg.c **** /*******************************************************************************
 127:.\Generated_Source\PSoC4/cyfitter_cfg.c **** * Function Name: ClockSetup
 128:.\Generated_Source\PSoC4/cyfitter_cfg.c **** ********************************************************************************
 129:.\Generated_Source\PSoC4/cyfitter_cfg.c **** *
 130:.\Generated_Source\PSoC4/cyfitter_cfg.c **** * Summary:
 131:.\Generated_Source\PSoC4/cyfitter_cfg.c **** *   Performs the initialization of all of the clocks in the device based on the
 132:.\Generated_Source\PSoC4/cyfitter_cfg.c **** *   settings in the Clock tab of the DWR.  This includes enabling the requested
 133:.\Generated_Source\PSoC4/cyfitter_cfg.c **** *   clocks and setting the necessary dividers to produce the desired frequency. 
 134:.\Generated_Source\PSoC4/cyfitter_cfg.c **** *
 135:.\Generated_Source\PSoC4/cyfitter_cfg.c **** * Parameters:
 136:.\Generated_Source\PSoC4/cyfitter_cfg.c **** *   void
 137:.\Generated_Source\PSoC4/cyfitter_cfg.c **** *
 138:.\Generated_Source\PSoC4/cyfitter_cfg.c **** * Return:
 139:.\Generated_Source\PSoC4/cyfitter_cfg.c **** *   void
 140:.\Generated_Source\PSoC4/cyfitter_cfg.c **** *
 141:.\Generated_Source\PSoC4/cyfitter_cfg.c **** *******************************************************************************/
 142:.\Generated_Source\PSoC4/cyfitter_cfg.c **** static void ClockSetup(void);
 143:.\Generated_Source\PSoC4/cyfitter_cfg.c **** CY_CFG_SECTION
 144:.\Generated_Source\PSoC4/cyfitter_cfg.c **** static void ClockSetup(void)
 145:.\Generated_Source\PSoC4/cyfitter_cfg.c **** {
  51              		.loc 1 145 0
  52              		.cfi_startproc
  53 0000 10B5     		push	{r4, lr}
  54              		.cfi_def_cfa_offset 8
  55              		.cfi_offset 4, -8
  56              		.cfi_offset 14, -4
 146:.\Generated_Source\PSoC4/cyfitter_cfg.c **** 	/* Enable HALF_EN before trimming for the flash accelerator. */
 147:.\Generated_Source\PSoC4/cyfitter_cfg.c **** 	CY_SET_REG32((void CYXDATA *)(CYREG_CLK_SELECT), (CY_GET_REG32((void *)CYREG_CLK_SELECT) | 0x00040
  57              		.loc 1 147 0
  58 0002 0F4C     		ldr	r4, .L3
  59 0004 2368     		ldr	r3, [r4]
  60 0006 8022     		mov	r2, #128
  61 0008 D202     		lsl	r2, r2, #11
  62 000a 1343     		orr	r3, r2
  63 000c 2360     		str	r3, [r4]
 148:.\Generated_Source\PSoC4/cyfitter_cfg.c **** 
 149:.\Generated_Source\PSoC4/cyfitter_cfg.c **** 	/* Setup and trim IMO based on desired frequency. */
 150:.\Generated_Source\PSoC4/cyfitter_cfg.c **** 	CySysClkWriteImoFreq(24u);
  64              		.loc 1 150 0
  65 000e 1820     		mov	r0, #24
  66 0010 FFF7FEFF 		bl	CySysClkWriteImoFreq
  67              	.LVL3:
 151:.\Generated_Source\PSoC4/cyfitter_cfg.c **** 
 152:.\Generated_Source\PSoC4/cyfitter_cfg.c **** 	/* Disable HALF_EN since it is not required at this IMO frequency. */
 153:.\Generated_Source\PSoC4/cyfitter_cfg.c **** 	CY_SET_REG32((void CYXDATA *)(CYREG_CLK_SELECT), (CY_GET_REG32((void *)CYREG_CLK_SELECT) & 0xFFFBF
  68              		.loc 1 153 0
  69 0014 2268     		ldr	r2, [r4]
  70 0016 0B4B     		ldr	r3, .L3+4
  71 0018 1340     		and	r3, r2
  72 001a 2360     		str	r3, [r4]
 154:.\Generated_Source\PSoC4/cyfitter_cfg.c **** 	/* CYDEV_CLK_ILO_CONFIG Starting address: CYDEV_CLK_ILO_CONFIG */
 155:.\Generated_Source\PSoC4/cyfitter_cfg.c **** 	CY_SET_XTND_REG32((void CYFAR *)(CYREG_CLK_ILO_CONFIG), 0x80000006u);
  73              		.loc 1 155 0
ARM GAS  C:\DOCUME~1\Remixvit\LOCALS~1\Temp\cch6LRVL.s 			page 5


  74 001c 0A4A     		ldr	r2, .L3+8
  75 001e 0B4B     		ldr	r3, .L3+12
  76 0020 1A60     		str	r2, [r3]
 156:.\Generated_Source\PSoC4/cyfitter_cfg.c **** 
 157:.\Generated_Source\PSoC4/cyfitter_cfg.c **** 
 158:.\Generated_Source\PSoC4/cyfitter_cfg.c **** 	/* CYDEV_CLK_IMO_CONFIG Starting address: CYDEV_CLK_IMO_CONFIG */
 159:.\Generated_Source\PSoC4/cyfitter_cfg.c **** 	CY_SET_XTND_REG32((void CYFAR *)(CYREG_CLK_IMO_CONFIG), 0x80000000u);
  77              		.loc 1 159 0
  78 0022 063A     		sub	r2, r2, #6
  79 0024 0A4B     		ldr	r3, .L3+16
  80 0026 1A60     		str	r2, [r3]
 160:.\Generated_Source\PSoC4/cyfitter_cfg.c **** 
 161:.\Generated_Source\PSoC4/cyfitter_cfg.c **** 	(void)CyIntSetVector(9u, &CySysWdtIsr);
  81              		.loc 1 161 0
  82 0028 0920     		mov	r0, #9
  83 002a 0A49     		ldr	r1, .L3+20
  84 002c FFF7FEFF 		bl	CyIntSetVector
  85              	.LVL4:
 162:.\Generated_Source\PSoC4/cyfitter_cfg.c **** 	CyIntEnable(9u);
  86              		.loc 1 162 0
  87 0030 0920     		mov	r0, #9
  88 0032 FFF7FEFF 		bl	CyIntEnable
  89              	.LVL5:
 163:.\Generated_Source\PSoC4/cyfitter_cfg.c **** 	CY_SET_XTND_REG32((void CYFAR *)(CYREG_WDT_CONFIG), 0x00000000u);
  90              		.loc 1 163 0
  91 0036 0022     		mov	r2, #0
  92 0038 074B     		ldr	r3, .L3+24
  93 003a 1A60     		str	r2, [r3]
 164:.\Generated_Source\PSoC4/cyfitter_cfg.c **** }
  94              		.loc 1 164 0
  95              		@ sp needed
  96 003c 10BD     		pop	{r4, pc}
  97              	.L4:
  98 003e C046     		.align	2
  99              	.L3:
 100 0040 00010B40 		.word	1074462976
 101 0044 FFFFFBFF 		.word	-262145
 102 0048 06000080 		.word	-2147483642
 103 004c 04010B40 		.word	1074462980
 104 0050 08010B40 		.word	1074462984
 105 0054 00000000 		.word	CySysWdtIsr
 106 0058 0C020B40 		.word	1074463244
 107              		.cfi_endproc
 108              	.LFE3:
 109              		.size	ClockSetup, .-ClockSetup
 110              		.align	2
 111              		.global	cyfitter_cfg
 112              		.code	16
 113              		.thumb_func
 114              		.type	cyfitter_cfg, %function
 115              	cyfitter_cfg:
 116              	.LFB5:
 165:.\Generated_Source\PSoC4/cyfitter_cfg.c **** 
 166:.\Generated_Source\PSoC4/cyfitter_cfg.c **** 
 167:.\Generated_Source\PSoC4/cyfitter_cfg.c **** /* Analog API Functions */
 168:.\Generated_Source\PSoC4/cyfitter_cfg.c **** 
 169:.\Generated_Source\PSoC4/cyfitter_cfg.c **** 
ARM GAS  C:\DOCUME~1\Remixvit\LOCALS~1\Temp\cch6LRVL.s 			page 6


 170:.\Generated_Source\PSoC4/cyfitter_cfg.c **** /*******************************************************************************
 171:.\Generated_Source\PSoC4/cyfitter_cfg.c **** * Function Name: AnalogSetDefault
 172:.\Generated_Source\PSoC4/cyfitter_cfg.c **** ********************************************************************************
 173:.\Generated_Source\PSoC4/cyfitter_cfg.c **** *
 174:.\Generated_Source\PSoC4/cyfitter_cfg.c **** * Summary:
 175:.\Generated_Source\PSoC4/cyfitter_cfg.c **** *  Sets up the analog portions of the chip to default values based on chip
 176:.\Generated_Source\PSoC4/cyfitter_cfg.c **** *  configuration options from the project.
 177:.\Generated_Source\PSoC4/cyfitter_cfg.c **** *
 178:.\Generated_Source\PSoC4/cyfitter_cfg.c **** * Parameters:
 179:.\Generated_Source\PSoC4/cyfitter_cfg.c **** *  void
 180:.\Generated_Source\PSoC4/cyfitter_cfg.c **** *
 181:.\Generated_Source\PSoC4/cyfitter_cfg.c **** * Return:
 182:.\Generated_Source\PSoC4/cyfitter_cfg.c **** *  void
 183:.\Generated_Source\PSoC4/cyfitter_cfg.c **** *
 184:.\Generated_Source\PSoC4/cyfitter_cfg.c **** *******************************************************************************/
 185:.\Generated_Source\PSoC4/cyfitter_cfg.c **** static void AnalogSetDefault(void);
 186:.\Generated_Source\PSoC4/cyfitter_cfg.c **** static void AnalogSetDefault(void)
 187:.\Generated_Source\PSoC4/cyfitter_cfg.c **** {
 188:.\Generated_Source\PSoC4/cyfitter_cfg.c **** }
 189:.\Generated_Source\PSoC4/cyfitter_cfg.c **** 
 190:.\Generated_Source\PSoC4/cyfitter_cfg.c **** #define CY_AMUX_UNUSED CYREG_CM0_ROM_DWT
 191:.\Generated_Source\PSoC4/cyfitter_cfg.c **** 
 192:.\Generated_Source\PSoC4/cyfitter_cfg.c **** 
 193:.\Generated_Source\PSoC4/cyfitter_cfg.c **** /*******************************************************************************
 194:.\Generated_Source\PSoC4/cyfitter_cfg.c **** * Function Name: cyfitter_cfg
 195:.\Generated_Source\PSoC4/cyfitter_cfg.c **** ********************************************************************************
 196:.\Generated_Source\PSoC4/cyfitter_cfg.c **** * Summary:
 197:.\Generated_Source\PSoC4/cyfitter_cfg.c **** *  This function is called by the start-up code for the selected device. It
 198:.\Generated_Source\PSoC4/cyfitter_cfg.c **** *  performs all of the necessary device configuration based on the design
 199:.\Generated_Source\PSoC4/cyfitter_cfg.c **** *  settings.  This includes settings from the Design Wide Resources (DWR) such
 200:.\Generated_Source\PSoC4/cyfitter_cfg.c **** *  as Clocks and Pins as well as any component configuration that is necessary.
 201:.\Generated_Source\PSoC4/cyfitter_cfg.c **** *
 202:.\Generated_Source\PSoC4/cyfitter_cfg.c **** * Parameters:  
 203:.\Generated_Source\PSoC4/cyfitter_cfg.c **** *   void
 204:.\Generated_Source\PSoC4/cyfitter_cfg.c **** *
 205:.\Generated_Source\PSoC4/cyfitter_cfg.c **** * Return:
 206:.\Generated_Source\PSoC4/cyfitter_cfg.c **** *   void
 207:.\Generated_Source\PSoC4/cyfitter_cfg.c **** *
 208:.\Generated_Source\PSoC4/cyfitter_cfg.c **** *******************************************************************************/
 209:.\Generated_Source\PSoC4/cyfitter_cfg.c **** CY_CFG_SECTION
 210:.\Generated_Source\PSoC4/cyfitter_cfg.c **** void cyfitter_cfg(void)
 211:.\Generated_Source\PSoC4/cyfitter_cfg.c **** {
 117              		.loc 1 211 0
 118              		.cfi_startproc
 119 005c 10B5     		push	{r4, lr}
 120              		.cfi_def_cfa_offset 8
 121              		.cfi_offset 4, -8
 122              		.cfi_offset 14, -4
 212:.\Generated_Source\PSoC4/cyfitter_cfg.c **** 	/* Disable interrupts by default. Let user enable if/when they want. */
 213:.\Generated_Source\PSoC4/cyfitter_cfg.c **** 	CyGlobalIntDisable;
 123              		.loc 1 213 0
 124              	@ 213 ".\Generated_Source\PSoC4\cyfitter_cfg.c" 1
 125 005e 72B6     		CPSID   i
 126              	@ 0 "" 2
 127              	.LVL6:
 128              		.code	16
 129              	.LBB2:
ARM GAS  C:\DOCUME~1\Remixvit\LOCALS~1\Temp\cch6LRVL.s 			page 7


 214:.\Generated_Source\PSoC4/cyfitter_cfg.c **** 
 215:.\Generated_Source\PSoC4/cyfitter_cfg.c **** 	{
 216:.\Generated_Source\PSoC4/cyfitter_cfg.c **** 
 217:.\Generated_Source\PSoC4/cyfitter_cfg.c **** 		CYPACKED typedef struct {
 218:.\Generated_Source\PSoC4/cyfitter_cfg.c **** 			void CYFAR *address;
 219:.\Generated_Source\PSoC4/cyfitter_cfg.c **** 			uint16 size;
 220:.\Generated_Source\PSoC4/cyfitter_cfg.c **** 		} CYPACKED_ATTR cfg_memset_t;
 221:.\Generated_Source\PSoC4/cyfitter_cfg.c **** 
 222:.\Generated_Source\PSoC4/cyfitter_cfg.c **** 		static const cfg_memset_t CYCODE cfg_memset_list [] = {
 223:.\Generated_Source\PSoC4/cyfitter_cfg.c **** 			/* address, size */
 224:.\Generated_Source\PSoC4/cyfitter_cfg.c **** 			{(void CYFAR *)(CYDEV_UDB_P0_U0_BASE), 1024u},
 225:.\Generated_Source\PSoC4/cyfitter_cfg.c **** 			{(void CYFAR *)(CYDEV_UDB_DSI0_BASE), 1024u},
 226:.\Generated_Source\PSoC4/cyfitter_cfg.c **** 		};
 227:.\Generated_Source\PSoC4/cyfitter_cfg.c **** 
 228:.\Generated_Source\PSoC4/cyfitter_cfg.c **** 		uint8 CYDATA i;
 229:.\Generated_Source\PSoC4/cyfitter_cfg.c **** 
 230:.\Generated_Source\PSoC4/cyfitter_cfg.c **** 		/* Zero out critical memory blocks before beginning configuration */
 231:.\Generated_Source\PSoC4/cyfitter_cfg.c **** 		for (i = 0u; i < (sizeof(cfg_memset_list)/sizeof(cfg_memset_list[0])); i++)
 130              		.loc 1 231 0
 131 0060 0024     		mov	r4, #0
 132 0062 10E0     		b	.L6
 133              	.LVL7:
 134              	.L7:
 135              	.LBB3:
 232:.\Generated_Source\PSoC4/cyfitter_cfg.c **** 		{
 233:.\Generated_Source\PSoC4/cyfitter_cfg.c **** 			const cfg_memset_t CYCODE * CYDATA ms = &cfg_memset_list[i];
 234:.\Generated_Source\PSoC4/cyfitter_cfg.c **** 			CYMEMZERO(ms->address, (size_t)(uint32)(ms->size));
 136              		.loc 1 234 0 discriminator 3
 137 0064 1848     		ldr	r0, .L8
 138 0066 6300     		lsl	r3, r4, #1
 139 0068 1A19     		add	r2, r3, r4
 140 006a 5200     		lsl	r2, r2, #1
 141 006c 8218     		add	r2, r0, r2
 142 006e 9188     		ldrh	r1, [r2, #4]
 143 0070 1B19     		add	r3, r3, r4
 144 0072 5B00     		lsl	r3, r3, #1
 145 0074 1A5A     		ldrh	r2, [r3, r0]
 146 0076 C318     		add	r3, r0, r3
 147 0078 5888     		ldrh	r0, [r3, #2]
 148 007a 0004     		lsl	r0, r0, #16
 149 007c 1043     		orr	r0, r2
 150 007e FFF7FEFF 		bl	CYMEMZERO
 151              	.LVL8:
 152              	.LBE3:
 231:.\Generated_Source\PSoC4/cyfitter_cfg.c **** 		{
 153              		.loc 1 231 0 discriminator 3
 154 0082 0134     		add	r4, r4, #1
 155              	.LVL9:
 156 0084 E4B2     		uxtb	r4, r4
 157              	.LVL10:
 158              	.L6:
 231:.\Generated_Source\PSoC4/cyfitter_cfg.c **** 		{
 159              		.loc 1 231 0 is_stmt 0 discriminator 1
 160 0086 012C     		cmp	r4, #1
 161 0088 ECD9     		bls	.L7
 235:.\Generated_Source\PSoC4/cyfitter_cfg.c **** 		}
 236:.\Generated_Source\PSoC4/cyfitter_cfg.c **** 
ARM GAS  C:\DOCUME~1\Remixvit\LOCALS~1\Temp\cch6LRVL.s 			page 8


 237:.\Generated_Source\PSoC4/cyfitter_cfg.c **** 		/* HSIOM Starting address: CYDEV_HSIOM_BASE */
 238:.\Generated_Source\PSoC4/cyfitter_cfg.c **** 		CY_SET_XTND_REG32((void CYFAR *)(CYREG_HSIOM_PORT_SEL3), 0x0000EE00u);
 162              		.loc 1 238 0 is_stmt 1
 163 008a EE22     		mov	r2, #238
 164 008c 1202     		lsl	r2, r2, #8
 165 008e 0F4B     		ldr	r3, .L8+4
 166 0090 1A60     		str	r2, [r3]
 239:.\Generated_Source\PSoC4/cyfitter_cfg.c **** 
 240:.\Generated_Source\PSoC4/cyfitter_cfg.c **** 		/* UDB_PA_3 Starting address: CYDEV_UDB_PA3_BASE */
 241:.\Generated_Source\PSoC4/cyfitter_cfg.c **** 		CY_SET_XTND_REG32((void CYFAR *)(CYDEV_UDB_PA3_BASE), 0x00990000u);
 167              		.loc 1 241 0
 168 0092 9922     		mov	r2, #153
 169 0094 1204     		lsl	r2, r2, #16
 170 0096 0E4B     		ldr	r3, .L8+8
 171 0098 1A60     		str	r2, [r3]
 242:.\Generated_Source\PSoC4/cyfitter_cfg.c **** 
 243:.\Generated_Source\PSoC4/cyfitter_cfg.c **** 		/* Enable digital routing */
 244:.\Generated_Source\PSoC4/cyfitter_cfg.c **** 		CY_SET_XTND_REG8((void *)CYREG_UDB_UDBIF_BANK_CTL, CY_GET_XTND_REG8((void *)CYREG_UDB_UDBIF_BANK_
 172              		.loc 1 244 0
 173 009a 0E4B     		ldr	r3, .L8+12
 174 009c 1978     		ldrb	r1, [r3]
 175 009e 0222     		mov	r2, #2
 176 00a0 0A43     		orr	r2, r1
 177 00a2 1A70     		strb	r2, [r3]
 245:.\Generated_Source\PSoC4/cyfitter_cfg.c **** 
 246:.\Generated_Source\PSoC4/cyfitter_cfg.c **** 		/* Enable UDB array */
 247:.\Generated_Source\PSoC4/cyfitter_cfg.c **** 		CY_SET_XTND_REG8((void *)CYREG_UDB_UDBIF_WAIT_CFG, (uint8)((CY_GET_XTND_REG8((void *)CYREG_UDB_UD
 178              		.loc 1 247 0
 179 00a4 0C48     		ldr	r0, .L8+16
 180 00a6 0278     		ldrb	r2, [r0]
 181 00a8 3C21     		mov	r1, #60
 182 00aa 8A43     		bic	r2, r1
 183 00ac 2839     		sub	r1, r1, #40
 184 00ae 0A43     		orr	r2, r1
 185 00b0 0270     		strb	r2, [r0]
 248:.\Generated_Source\PSoC4/cyfitter_cfg.c **** 		CY_SET_XTND_REG8((void *)CYREG_UDB_UDBIF_BANK_CTL, (uint8)(CY_GET_XTND_REG8((void *)CYREG_UDB_UDB
 186              		.loc 1 248 0
 187 00b2 1978     		ldrb	r1, [r3]
 188 00b4 1622     		mov	r2, #22
 189 00b6 0A43     		orr	r2, r1
 190 00b8 1A70     		strb	r2, [r3]
 191              	.LBE2:
 249:.\Generated_Source\PSoC4/cyfitter_cfg.c **** 	}
 250:.\Generated_Source\PSoC4/cyfitter_cfg.c **** 
 251:.\Generated_Source\PSoC4/cyfitter_cfg.c **** 	/* Perform second pass device configuration. These items must be configured in specific order afte
 252:.\Generated_Source\PSoC4/cyfitter_cfg.c **** 	/* IOPINS0_3 Starting address: CYDEV_PRT3_BASE */
 253:.\Generated_Source\PSoC4/cyfitter_cfg.c **** 	CY_SET_XTND_REG32((void CYFAR *)(CYREG_PRT3_PC), 0x00000D80u);
 192              		.loc 1 253 0
 193 00ba D822     		mov	r2, #216
 194 00bc 1201     		lsl	r2, r2, #4
 195 00be 074B     		ldr	r3, .L8+20
 196 00c0 1A60     		str	r2, [r3]
 254:.\Generated_Source\PSoC4/cyfitter_cfg.c **** 
 255:.\Generated_Source\PSoC4/cyfitter_cfg.c **** 	/* Setup clocks based on selections from Clock DWR */
 256:.\Generated_Source\PSoC4/cyfitter_cfg.c **** 	ClockSetup();
 197              		.loc 1 256 0
 198 00c2 FFF79DFF 		bl	ClockSetup
ARM GAS  C:\DOCUME~1\Remixvit\LOCALS~1\Temp\cch6LRVL.s 			page 9


 199              	.LVL11:
 257:.\Generated_Source\PSoC4/cyfitter_cfg.c **** 
 258:.\Generated_Source\PSoC4/cyfitter_cfg.c **** 	/* Perform basic analog initialization to defaults */
 259:.\Generated_Source\PSoC4/cyfitter_cfg.c **** 	AnalogSetDefault();
 260:.\Generated_Source\PSoC4/cyfitter_cfg.c **** 
 261:.\Generated_Source\PSoC4/cyfitter_cfg.c **** }
 200              		.loc 1 261 0
 201              		@ sp needed
 202              	.LVL12:
 203 00c6 10BD     		pop	{r4, pc}
 204              	.L9:
 205              		.align	2
 206              	.L8:
 207 00c8 00000000 		.word	.LANCHOR0
 208 00cc 0C000140 		.word	1073807372
 209 00d0 30500F40 		.word	1074745392
 210 00d4 00700F40 		.word	1074753536
 211 00d8 01700F40 		.word	1074753537
 212 00dc 08030440 		.word	1074004744
 213              		.cfi_endproc
 214              	.LFE5:
 215              		.size	cyfitter_cfg, .-cyfitter_cfg
 216              		.section	.rodata
 217              		.align	2
 218              		.set	.LANCHOR0,. + 0
 219              		.type	cfg_memset_list.4714, %object
 220              		.size	cfg_memset_list.4714, 12
 221              	cfg_memset_list.4714:
 222 0000 00300F40 		.word	1074737152
 223 0004 0004     		.short	1024
 224 0006 00400F40 		.4byte	1074741248
 225 000a 0004     		.short	1024
 226              		.text
 227              	.Letext0:
 228              		.file 2 "c:\\program files\\cypress\\psoc creator\\3.3\\psoc creator\\import\\gnu\\arm\\4.9.3\\lib
 229              		.file 3 ".\\Generated_Source\\PSoC4\\cytypes.h"
 230              		.file 4 ".\\Generated_Source\\PSoC4\\CyLib.h"
 231              		.section	.debug_info,"",%progbits
 232              	.Ldebug_info0:
 233 0000 8C020000 		.4byte	0x28c
 234 0004 0400     		.2byte	0x4
 235 0006 00000000 		.4byte	.Ldebug_abbrev0
 236 000a 04       		.byte	0x4
 237 000b 01       		.uleb128 0x1
 238 000c 85010000 		.4byte	.LASF28
 239 0010 01       		.byte	0x1
 240 0011 41010000 		.4byte	.LASF29
 241 0015 50000000 		.4byte	.LASF30
 242 0019 00000000 		.4byte	.Ldebug_ranges0+0
 243 001d 00000000 		.4byte	0
 244 0021 00000000 		.4byte	.Ldebug_line0
 245 0025 02       		.uleb128 0x2
 246 0026 04       		.byte	0x4
 247 0027 05       		.byte	0x5
 248 0028 696E7400 		.ascii	"int\000"
 249 002c 03       		.uleb128 0x3
 250 002d 06000000 		.4byte	.LASF11
ARM GAS  C:\DOCUME~1\Remixvit\LOCALS~1\Temp\cch6LRVL.s 			page 10


 251 0031 02       		.byte	0x2
 252 0032 D4       		.byte	0xd4
 253 0033 37000000 		.4byte	0x37
 254 0037 04       		.uleb128 0x4
 255 0038 04       		.byte	0x4
 256 0039 07       		.byte	0x7
 257 003a EE000000 		.4byte	.LASF0
 258 003e 04       		.uleb128 0x4
 259 003f 01       		.byte	0x1
 260 0040 06       		.byte	0x6
 261 0041 3B020000 		.4byte	.LASF1
 262 0045 04       		.uleb128 0x4
 263 0046 01       		.byte	0x1
 264 0047 08       		.byte	0x8
 265 0048 B8000000 		.4byte	.LASF2
 266 004c 04       		.uleb128 0x4
 267 004d 02       		.byte	0x2
 268 004e 05       		.byte	0x5
 269 004f 13020000 		.4byte	.LASF3
 270 0053 04       		.uleb128 0x4
 271 0054 02       		.byte	0x2
 272 0055 07       		.byte	0x7
 273 0056 37000000 		.4byte	.LASF4
 274 005a 04       		.uleb128 0x4
 275 005b 04       		.byte	0x4
 276 005c 05       		.byte	0x5
 277 005d 32020000 		.4byte	.LASF5
 278 0061 04       		.uleb128 0x4
 279 0062 04       		.byte	0x4
 280 0063 07       		.byte	0x7
 281 0064 96000000 		.4byte	.LASF6
 282 0068 04       		.uleb128 0x4
 283 0069 08       		.byte	0x8
 284 006a 05       		.byte	0x5
 285 006b 72010000 		.4byte	.LASF7
 286 006f 04       		.uleb128 0x4
 287 0070 08       		.byte	0x8
 288 0071 07       		.byte	0x7
 289 0072 10010000 		.4byte	.LASF8
 290 0076 04       		.uleb128 0x4
 291 0077 04       		.byte	0x4
 292 0078 07       		.byte	0x7
 293 0079 69010000 		.4byte	.LASF9
 294 007d 05       		.uleb128 0x5
 295 007e 04       		.byte	0x4
 296 007f 06       		.uleb128 0x6
 297 0080 04       		.byte	0x4
 298 0081 85000000 		.4byte	0x85
 299 0085 07       		.uleb128 0x7
 300 0086 04       		.uleb128 0x4
 301 0087 01       		.byte	0x1
 302 0088 08       		.byte	0x8
 303 0089 80010000 		.4byte	.LASF10
 304 008d 03       		.uleb128 0x3
 305 008e A8000000 		.4byte	.LASF12
 306 0092 03       		.byte	0x3
 307 0093 C2       		.byte	0xc2
ARM GAS  C:\DOCUME~1\Remixvit\LOCALS~1\Temp\cch6LRVL.s 			page 11


 308 0094 45000000 		.4byte	0x45
 309 0098 03       		.uleb128 0x3
 310 0099 E0000000 		.4byte	.LASF13
 311 009d 03       		.byte	0x3
 312 009e C3       		.byte	0xc3
 313 009f 53000000 		.4byte	0x53
 314 00a3 03       		.uleb128 0x3
 315 00a4 E7000000 		.4byte	.LASF14
 316 00a8 03       		.byte	0x3
 317 00a9 C4       		.byte	0xc4
 318 00aa 61000000 		.4byte	0x61
 319 00ae 04       		.uleb128 0x4
 320 00af 04       		.byte	0x4
 321 00b0 04       		.byte	0x4
 322 00b1 4A000000 		.4byte	.LASF15
 323 00b5 04       		.uleb128 0x4
 324 00b6 08       		.byte	0x8
 325 00b7 04       		.byte	0x4
 326 00b8 CD000000 		.4byte	.LASF16
 327 00bc 08       		.uleb128 0x8
 328 00bd 91000000 		.4byte	.LASF17
 329 00c1 03       		.byte	0x3
 330 00c2 6C01     		.2byte	0x16c
 331 00c4 C8000000 		.4byte	0xc8
 332 00c8 09       		.uleb128 0x9
 333 00c9 8D000000 		.4byte	0x8d
 334 00cd 08       		.uleb128 0x8
 335 00ce 00000000 		.4byte	.LASF18
 336 00d2 03       		.byte	0x3
 337 00d3 6E01     		.2byte	0x16e
 338 00d5 D9000000 		.4byte	0xd9
 339 00d9 09       		.uleb128 0x9
 340 00da A3000000 		.4byte	0xa3
 341 00de 08       		.uleb128 0x8
 342 00df 27010000 		.4byte	.LASF19
 343 00e3 03       		.byte	0x3
 344 00e4 7E01     		.2byte	0x17e
 345 00e6 7F000000 		.4byte	0x7f
 346 00ea 0A       		.uleb128 0xa
 347 00eb AE000000 		.4byte	.LASF20
 348 00ef 01       		.byte	0x1
 349 00f0 3B       		.byte	0x3b
 350 00f1 00000000 		.4byte	.LFB0
 351 00f5 0C000000 		.4byte	.LFE0-.LFB0
 352 00f9 01       		.uleb128 0x1
 353 00fa 9C       		.byte	0x9c
 354 00fb 37010000 		.4byte	0x137
 355 00ff 0B       		.uleb128 0xb
 356 0100 7300     		.ascii	"s\000"
 357 0102 01       		.byte	0x1
 358 0103 3B       		.byte	0x3b
 359 0104 7D000000 		.4byte	0x7d
 360 0108 00000000 		.4byte	.LLST0
 361 010c 0B       		.uleb128 0xb
 362 010d 6E00     		.ascii	"n\000"
 363 010f 01       		.byte	0x1
 364 0110 3B       		.byte	0x3b
ARM GAS  C:\DOCUME~1\Remixvit\LOCALS~1\Temp\cch6LRVL.s 			page 12


 365 0111 2C000000 		.4byte	0x2c
 366 0115 21000000 		.4byte	.LLST1
 367 0119 0C       		.uleb128 0xc
 368 011a 0A000000 		.4byte	.LVL2
 369 011e 3A020000 		.4byte	0x23a
 370 0122 0D       		.uleb128 0xd
 371 0123 01       		.uleb128 0x1
 372 0124 52       		.byte	0x52
 373 0125 03       		.uleb128 0x3
 374 0126 F3       		.byte	0xf3
 375 0127 01       		.uleb128 0x1
 376 0128 51       		.byte	0x51
 377 0129 0D       		.uleb128 0xd
 378 012a 01       		.uleb128 0x1
 379 012b 51       		.byte	0x51
 380 012c 01       		.uleb128 0x1
 381 012d 30       		.byte	0x30
 382 012e 0D       		.uleb128 0xd
 383 012f 01       		.uleb128 0x1
 384 0130 50       		.byte	0x50
 385 0131 03       		.uleb128 0x3
 386 0132 F3       		.byte	0xf3
 387 0133 01       		.uleb128 0x1
 388 0134 50       		.byte	0x50
 389 0135 00       		.byte	0
 390 0136 00       		.byte	0
 391 0137 0A       		.uleb128 0xa
 392 0138 2C000000 		.4byte	.LASF21
 393 013c 01       		.byte	0x1
 394 013d 90       		.byte	0x90
 395 013e 00000000 		.4byte	.LFB3
 396 0142 5C000000 		.4byte	.LFE3-.LFB3
 397 0146 01       		.uleb128 0x1
 398 0147 9C       		.byte	0x9c
 399 0148 82010000 		.4byte	0x182
 400 014c 0E       		.uleb128 0xe
 401 014d 14000000 		.4byte	.LVL3
 402 0151 57020000 		.4byte	0x257
 403 0155 5F010000 		.4byte	0x15f
 404 0159 0D       		.uleb128 0xd
 405 015a 01       		.uleb128 0x1
 406 015b 50       		.byte	0x50
 407 015c 01       		.uleb128 0x1
 408 015d 48       		.byte	0x48
 409 015e 00       		.byte	0
 410 015f 0E       		.uleb128 0xe
 411 0160 30000000 		.4byte	.LVL4
 412 0164 68020000 		.4byte	0x268
 413 0168 72010000 		.4byte	0x172
 414 016c 0D       		.uleb128 0xd
 415 016d 01       		.uleb128 0x1
 416 016e 50       		.byte	0x50
 417 016f 01       		.uleb128 0x1
 418 0170 39       		.byte	0x39
 419 0171 00       		.byte	0
 420 0172 0C       		.uleb128 0xc
 421 0173 36000000 		.4byte	.LVL5
ARM GAS  C:\DOCUME~1\Remixvit\LOCALS~1\Temp\cch6LRVL.s 			page 13


 422 0177 82020000 		.4byte	0x282
 423 017b 0D       		.uleb128 0xd
 424 017c 01       		.uleb128 0x1
 425 017d 50       		.byte	0x50
 426 017e 01       		.uleb128 0x1
 427 017f 39       		.byte	0x39
 428 0180 00       		.byte	0
 429 0181 00       		.byte	0
 430 0182 0F       		.uleb128 0xf
 431 0183 FB000000 		.4byte	.LASF31
 432 0187 01       		.byte	0x1
 433 0188 D2       		.byte	0xd2
 434 0189 5C000000 		.4byte	.LFB5
 435 018d 84000000 		.4byte	.LFE5-.LFB5
 436 0191 01       		.uleb128 0x1
 437 0192 9C       		.byte	0x9c
 438 0193 3A020000 		.4byte	0x23a
 439 0197 10       		.uleb128 0x10
 440 0198 60000000 		.4byte	.LBB2
 441 019c 5A000000 		.4byte	.LBE2-.LBB2
 442 01a0 30020000 		.4byte	0x230
 443 01a4 11       		.uleb128 0x11
 444 01a5 06       		.byte	0x6
 445 01a6 01       		.byte	0x1
 446 01a7 D9       		.byte	0xd9
 447 01a8 C5010000 		.4byte	0x1c5
 448 01ac 12       		.uleb128 0x12
 449 01ad 08010000 		.4byte	.LASF22
 450 01b1 01       		.byte	0x1
 451 01b2 DA       		.byte	0xda
 452 01b3 7D000000 		.4byte	0x7d
 453 01b7 00       		.byte	0
 454 01b8 12       		.uleb128 0x12
 455 01b9 8C000000 		.4byte	.LASF23
 456 01bd 01       		.byte	0x1
 457 01be DB       		.byte	0xdb
 458 01bf 98000000 		.4byte	0x98
 459 01c3 04       		.byte	0x4
 460 01c4 00       		.byte	0
 461 01c5 03       		.uleb128 0x3
 462 01c6 34010000 		.4byte	.LASF24
 463 01ca 01       		.byte	0x1
 464 01cb DC       		.byte	0xdc
 465 01cc A4010000 		.4byte	0x1a4
 466 01d0 13       		.uleb128 0x13
 467 01d1 C5010000 		.4byte	0x1c5
 468 01d5 E0010000 		.4byte	0x1e0
 469 01d9 14       		.uleb128 0x14
 470 01da 76000000 		.4byte	0x76
 471 01de 01       		.byte	0x1
 472 01df 00       		.byte	0
 473 01e0 15       		.uleb128 0x15
 474 01e1 1C000000 		.4byte	.LASF25
 475 01e5 01       		.byte	0x1
 476 01e6 DE       		.byte	0xde
 477 01e7 F1010000 		.4byte	0x1f1
 478 01eb 05       		.uleb128 0x5
ARM GAS  C:\DOCUME~1\Remixvit\LOCALS~1\Temp\cch6LRVL.s 			page 14


 479 01ec 03       		.byte	0x3
 480 01ed 00000000 		.4byte	cfg_memset_list.4714
 481 01f1 16       		.uleb128 0x16
 482 01f2 D0010000 		.4byte	0x1d0
 483 01f6 17       		.uleb128 0x17
 484 01f7 6900     		.ascii	"i\000"
 485 01f9 01       		.byte	0x1
 486 01fa E4       		.byte	0xe4
 487 01fb 8D000000 		.4byte	0x8d
 488 01ff 4D000000 		.4byte	.LLST2
 489 0203 18       		.uleb128 0x18
 490 0204 64000000 		.4byte	.LBB3
 491 0208 1E000000 		.4byte	.LBE3-.LBB3
 492 020c 17       		.uleb128 0x17
 493 020d 6D7300   		.ascii	"ms\000"
 494 0210 01       		.byte	0x1
 495 0211 E9       		.byte	0xe9
 496 0212 1A020000 		.4byte	0x21a
 497 0216 77000000 		.4byte	.LLST3
 498 021a 06       		.uleb128 0x6
 499 021b 04       		.byte	0x4
 500 021c 20020000 		.4byte	0x220
 501 0220 16       		.uleb128 0x16
 502 0221 C5010000 		.4byte	0x1c5
 503 0225 19       		.uleb128 0x19
 504 0226 82000000 		.4byte	.LVL8
 505 022a EA000000 		.4byte	0xea
 506 022e 00       		.byte	0
 507 022f 00       		.byte	0
 508 0230 19       		.uleb128 0x19
 509 0231 C6000000 		.4byte	.LVL11
 510 0235 37010000 		.4byte	0x137
 511 0239 00       		.byte	0
 512 023a 1A       		.uleb128 0x1a
 513 023b C6000000 		.4byte	.LASF26
 514 023f 7D000000 		.4byte	0x7d
 515 0243 57020000 		.4byte	0x257
 516 0247 1B       		.uleb128 0x1b
 517 0248 7D000000 		.4byte	0x7d
 518 024c 1B       		.uleb128 0x1b
 519 024d 25000000 		.4byte	0x25
 520 0251 1B       		.uleb128 0x1b
 521 0252 76000000 		.4byte	0x76
 522 0256 00       		.byte	0
 523 0257 1C       		.uleb128 0x1c
 524 0258 1D020000 		.4byte	.LASF27
 525 025c 04       		.byte	0x4
 526 025d 31       		.byte	0x31
 527 025e 68020000 		.4byte	0x268
 528 0262 1B       		.uleb128 0x1b
 529 0263 A3000000 		.4byte	0xa3
 530 0267 00       		.byte	0
 531 0268 1D       		.uleb128 0x1d
 532 0269 0D000000 		.4byte	.LASF32
 533 026d 04       		.byte	0x4
 534 026e 46       		.byte	0x46
 535 026f DE000000 		.4byte	0xde
ARM GAS  C:\DOCUME~1\Remixvit\LOCALS~1\Temp\cch6LRVL.s 			page 15


 536 0273 82020000 		.4byte	0x282
 537 0277 1B       		.uleb128 0x1b
 538 0278 8D000000 		.4byte	0x8d
 539 027c 1B       		.uleb128 0x1b
 540 027d DE000000 		.4byte	0xde
 541 0281 00       		.byte	0
 542 0282 1E       		.uleb128 0x1e
 543 0283 D4000000 		.4byte	.LASF33
 544 0287 04       		.byte	0x4
 545 0288 4C       		.byte	0x4c
 546 0289 1B       		.uleb128 0x1b
 547 028a 8D000000 		.4byte	0x8d
 548 028e 00       		.byte	0
 549 028f 00       		.byte	0
 550              		.section	.debug_abbrev,"",%progbits
 551              	.Ldebug_abbrev0:
 552 0000 01       		.uleb128 0x1
 553 0001 11       		.uleb128 0x11
 554 0002 01       		.byte	0x1
 555 0003 25       		.uleb128 0x25
 556 0004 0E       		.uleb128 0xe
 557 0005 13       		.uleb128 0x13
 558 0006 0B       		.uleb128 0xb
 559 0007 03       		.uleb128 0x3
 560 0008 0E       		.uleb128 0xe
 561 0009 1B       		.uleb128 0x1b
 562 000a 0E       		.uleb128 0xe
 563 000b 55       		.uleb128 0x55
 564 000c 17       		.uleb128 0x17
 565 000d 11       		.uleb128 0x11
 566 000e 01       		.uleb128 0x1
 567 000f 10       		.uleb128 0x10
 568 0010 17       		.uleb128 0x17
 569 0011 00       		.byte	0
 570 0012 00       		.byte	0
 571 0013 02       		.uleb128 0x2
 572 0014 24       		.uleb128 0x24
 573 0015 00       		.byte	0
 574 0016 0B       		.uleb128 0xb
 575 0017 0B       		.uleb128 0xb
 576 0018 3E       		.uleb128 0x3e
 577 0019 0B       		.uleb128 0xb
 578 001a 03       		.uleb128 0x3
 579 001b 08       		.uleb128 0x8
 580 001c 00       		.byte	0
 581 001d 00       		.byte	0
 582 001e 03       		.uleb128 0x3
 583 001f 16       		.uleb128 0x16
 584 0020 00       		.byte	0
 585 0021 03       		.uleb128 0x3
 586 0022 0E       		.uleb128 0xe
 587 0023 3A       		.uleb128 0x3a
 588 0024 0B       		.uleb128 0xb
 589 0025 3B       		.uleb128 0x3b
 590 0026 0B       		.uleb128 0xb
 591 0027 49       		.uleb128 0x49
 592 0028 13       		.uleb128 0x13
ARM GAS  C:\DOCUME~1\Remixvit\LOCALS~1\Temp\cch6LRVL.s 			page 16


 593 0029 00       		.byte	0
 594 002a 00       		.byte	0
 595 002b 04       		.uleb128 0x4
 596 002c 24       		.uleb128 0x24
 597 002d 00       		.byte	0
 598 002e 0B       		.uleb128 0xb
 599 002f 0B       		.uleb128 0xb
 600 0030 3E       		.uleb128 0x3e
 601 0031 0B       		.uleb128 0xb
 602 0032 03       		.uleb128 0x3
 603 0033 0E       		.uleb128 0xe
 604 0034 00       		.byte	0
 605 0035 00       		.byte	0
 606 0036 05       		.uleb128 0x5
 607 0037 0F       		.uleb128 0xf
 608 0038 00       		.byte	0
 609 0039 0B       		.uleb128 0xb
 610 003a 0B       		.uleb128 0xb
 611 003b 00       		.byte	0
 612 003c 00       		.byte	0
 613 003d 06       		.uleb128 0x6
 614 003e 0F       		.uleb128 0xf
 615 003f 00       		.byte	0
 616 0040 0B       		.uleb128 0xb
 617 0041 0B       		.uleb128 0xb
 618 0042 49       		.uleb128 0x49
 619 0043 13       		.uleb128 0x13
 620 0044 00       		.byte	0
 621 0045 00       		.byte	0
 622 0046 07       		.uleb128 0x7
 623 0047 15       		.uleb128 0x15
 624 0048 00       		.byte	0
 625 0049 27       		.uleb128 0x27
 626 004a 19       		.uleb128 0x19
 627 004b 00       		.byte	0
 628 004c 00       		.byte	0
 629 004d 08       		.uleb128 0x8
 630 004e 16       		.uleb128 0x16
 631 004f 00       		.byte	0
 632 0050 03       		.uleb128 0x3
 633 0051 0E       		.uleb128 0xe
 634 0052 3A       		.uleb128 0x3a
 635 0053 0B       		.uleb128 0xb
 636 0054 3B       		.uleb128 0x3b
 637 0055 05       		.uleb128 0x5
 638 0056 49       		.uleb128 0x49
 639 0057 13       		.uleb128 0x13
 640 0058 00       		.byte	0
 641 0059 00       		.byte	0
 642 005a 09       		.uleb128 0x9
 643 005b 35       		.uleb128 0x35
 644 005c 00       		.byte	0
 645 005d 49       		.uleb128 0x49
 646 005e 13       		.uleb128 0x13
 647 005f 00       		.byte	0
 648 0060 00       		.byte	0
 649 0061 0A       		.uleb128 0xa
ARM GAS  C:\DOCUME~1\Remixvit\LOCALS~1\Temp\cch6LRVL.s 			page 17


 650 0062 2E       		.uleb128 0x2e
 651 0063 01       		.byte	0x1
 652 0064 03       		.uleb128 0x3
 653 0065 0E       		.uleb128 0xe
 654 0066 3A       		.uleb128 0x3a
 655 0067 0B       		.uleb128 0xb
 656 0068 3B       		.uleb128 0x3b
 657 0069 0B       		.uleb128 0xb
 658 006a 27       		.uleb128 0x27
 659 006b 19       		.uleb128 0x19
 660 006c 11       		.uleb128 0x11
 661 006d 01       		.uleb128 0x1
 662 006e 12       		.uleb128 0x12
 663 006f 06       		.uleb128 0x6
 664 0070 40       		.uleb128 0x40
 665 0071 18       		.uleb128 0x18
 666 0072 9742     		.uleb128 0x2117
 667 0074 19       		.uleb128 0x19
 668 0075 01       		.uleb128 0x1
 669 0076 13       		.uleb128 0x13
 670 0077 00       		.byte	0
 671 0078 00       		.byte	0
 672 0079 0B       		.uleb128 0xb
 673 007a 05       		.uleb128 0x5
 674 007b 00       		.byte	0
 675 007c 03       		.uleb128 0x3
 676 007d 08       		.uleb128 0x8
 677 007e 3A       		.uleb128 0x3a
 678 007f 0B       		.uleb128 0xb
 679 0080 3B       		.uleb128 0x3b
 680 0081 0B       		.uleb128 0xb
 681 0082 49       		.uleb128 0x49
 682 0083 13       		.uleb128 0x13
 683 0084 02       		.uleb128 0x2
 684 0085 17       		.uleb128 0x17
 685 0086 00       		.byte	0
 686 0087 00       		.byte	0
 687 0088 0C       		.uleb128 0xc
 688 0089 898201   		.uleb128 0x4109
 689 008c 01       		.byte	0x1
 690 008d 11       		.uleb128 0x11
 691 008e 01       		.uleb128 0x1
 692 008f 31       		.uleb128 0x31
 693 0090 13       		.uleb128 0x13
 694 0091 00       		.byte	0
 695 0092 00       		.byte	0
 696 0093 0D       		.uleb128 0xd
 697 0094 8A8201   		.uleb128 0x410a
 698 0097 00       		.byte	0
 699 0098 02       		.uleb128 0x2
 700 0099 18       		.uleb128 0x18
 701 009a 9142     		.uleb128 0x2111
 702 009c 18       		.uleb128 0x18
 703 009d 00       		.byte	0
 704 009e 00       		.byte	0
 705 009f 0E       		.uleb128 0xe
 706 00a0 898201   		.uleb128 0x4109
ARM GAS  C:\DOCUME~1\Remixvit\LOCALS~1\Temp\cch6LRVL.s 			page 18


 707 00a3 01       		.byte	0x1
 708 00a4 11       		.uleb128 0x11
 709 00a5 01       		.uleb128 0x1
 710 00a6 31       		.uleb128 0x31
 711 00a7 13       		.uleb128 0x13
 712 00a8 01       		.uleb128 0x1
 713 00a9 13       		.uleb128 0x13
 714 00aa 00       		.byte	0
 715 00ab 00       		.byte	0
 716 00ac 0F       		.uleb128 0xf
 717 00ad 2E       		.uleb128 0x2e
 718 00ae 01       		.byte	0x1
 719 00af 3F       		.uleb128 0x3f
 720 00b0 19       		.uleb128 0x19
 721 00b1 03       		.uleb128 0x3
 722 00b2 0E       		.uleb128 0xe
 723 00b3 3A       		.uleb128 0x3a
 724 00b4 0B       		.uleb128 0xb
 725 00b5 3B       		.uleb128 0x3b
 726 00b6 0B       		.uleb128 0xb
 727 00b7 27       		.uleb128 0x27
 728 00b8 19       		.uleb128 0x19
 729 00b9 11       		.uleb128 0x11
 730 00ba 01       		.uleb128 0x1
 731 00bb 12       		.uleb128 0x12
 732 00bc 06       		.uleb128 0x6
 733 00bd 40       		.uleb128 0x40
 734 00be 18       		.uleb128 0x18
 735 00bf 9742     		.uleb128 0x2117
 736 00c1 19       		.uleb128 0x19
 737 00c2 01       		.uleb128 0x1
 738 00c3 13       		.uleb128 0x13
 739 00c4 00       		.byte	0
 740 00c5 00       		.byte	0
 741 00c6 10       		.uleb128 0x10
 742 00c7 0B       		.uleb128 0xb
 743 00c8 01       		.byte	0x1
 744 00c9 11       		.uleb128 0x11
 745 00ca 01       		.uleb128 0x1
 746 00cb 12       		.uleb128 0x12
 747 00cc 06       		.uleb128 0x6
 748 00cd 01       		.uleb128 0x1
 749 00ce 13       		.uleb128 0x13
 750 00cf 00       		.byte	0
 751 00d0 00       		.byte	0
 752 00d1 11       		.uleb128 0x11
 753 00d2 13       		.uleb128 0x13
 754 00d3 01       		.byte	0x1
 755 00d4 0B       		.uleb128 0xb
 756 00d5 0B       		.uleb128 0xb
 757 00d6 3A       		.uleb128 0x3a
 758 00d7 0B       		.uleb128 0xb
 759 00d8 3B       		.uleb128 0x3b
 760 00d9 0B       		.uleb128 0xb
 761 00da 01       		.uleb128 0x1
 762 00db 13       		.uleb128 0x13
 763 00dc 00       		.byte	0
ARM GAS  C:\DOCUME~1\Remixvit\LOCALS~1\Temp\cch6LRVL.s 			page 19


 764 00dd 00       		.byte	0
 765 00de 12       		.uleb128 0x12
 766 00df 0D       		.uleb128 0xd
 767 00e0 00       		.byte	0
 768 00e1 03       		.uleb128 0x3
 769 00e2 0E       		.uleb128 0xe
 770 00e3 3A       		.uleb128 0x3a
 771 00e4 0B       		.uleb128 0xb
 772 00e5 3B       		.uleb128 0x3b
 773 00e6 0B       		.uleb128 0xb
 774 00e7 49       		.uleb128 0x49
 775 00e8 13       		.uleb128 0x13
 776 00e9 38       		.uleb128 0x38
 777 00ea 0B       		.uleb128 0xb
 778 00eb 00       		.byte	0
 779 00ec 00       		.byte	0
 780 00ed 13       		.uleb128 0x13
 781 00ee 01       		.uleb128 0x1
 782 00ef 01       		.byte	0x1
 783 00f0 49       		.uleb128 0x49
 784 00f1 13       		.uleb128 0x13
 785 00f2 01       		.uleb128 0x1
 786 00f3 13       		.uleb128 0x13
 787 00f4 00       		.byte	0
 788 00f5 00       		.byte	0
 789 00f6 14       		.uleb128 0x14
 790 00f7 21       		.uleb128 0x21
 791 00f8 00       		.byte	0
 792 00f9 49       		.uleb128 0x49
 793 00fa 13       		.uleb128 0x13
 794 00fb 2F       		.uleb128 0x2f
 795 00fc 0B       		.uleb128 0xb
 796 00fd 00       		.byte	0
 797 00fe 00       		.byte	0
 798 00ff 15       		.uleb128 0x15
 799 0100 34       		.uleb128 0x34
 800 0101 00       		.byte	0
 801 0102 03       		.uleb128 0x3
 802 0103 0E       		.uleb128 0xe
 803 0104 3A       		.uleb128 0x3a
 804 0105 0B       		.uleb128 0xb
 805 0106 3B       		.uleb128 0x3b
 806 0107 0B       		.uleb128 0xb
 807 0108 49       		.uleb128 0x49
 808 0109 13       		.uleb128 0x13
 809 010a 02       		.uleb128 0x2
 810 010b 18       		.uleb128 0x18
 811 010c 00       		.byte	0
 812 010d 00       		.byte	0
 813 010e 16       		.uleb128 0x16
 814 010f 26       		.uleb128 0x26
 815 0110 00       		.byte	0
 816 0111 49       		.uleb128 0x49
 817 0112 13       		.uleb128 0x13
 818 0113 00       		.byte	0
 819 0114 00       		.byte	0
 820 0115 17       		.uleb128 0x17
ARM GAS  C:\DOCUME~1\Remixvit\LOCALS~1\Temp\cch6LRVL.s 			page 20


 821 0116 34       		.uleb128 0x34
 822 0117 00       		.byte	0
 823 0118 03       		.uleb128 0x3
 824 0119 08       		.uleb128 0x8
 825 011a 3A       		.uleb128 0x3a
 826 011b 0B       		.uleb128 0xb
 827 011c 3B       		.uleb128 0x3b
 828 011d 0B       		.uleb128 0xb
 829 011e 49       		.uleb128 0x49
 830 011f 13       		.uleb128 0x13
 831 0120 02       		.uleb128 0x2
 832 0121 17       		.uleb128 0x17
 833 0122 00       		.byte	0
 834 0123 00       		.byte	0
 835 0124 18       		.uleb128 0x18
 836 0125 0B       		.uleb128 0xb
 837 0126 01       		.byte	0x1
 838 0127 11       		.uleb128 0x11
 839 0128 01       		.uleb128 0x1
 840 0129 12       		.uleb128 0x12
 841 012a 06       		.uleb128 0x6
 842 012b 00       		.byte	0
 843 012c 00       		.byte	0
 844 012d 19       		.uleb128 0x19
 845 012e 898201   		.uleb128 0x4109
 846 0131 00       		.byte	0
 847 0132 11       		.uleb128 0x11
 848 0133 01       		.uleb128 0x1
 849 0134 31       		.uleb128 0x31
 850 0135 13       		.uleb128 0x13
 851 0136 00       		.byte	0
 852 0137 00       		.byte	0
 853 0138 1A       		.uleb128 0x1a
 854 0139 2E       		.uleb128 0x2e
 855 013a 01       		.byte	0x1
 856 013b 3F       		.uleb128 0x3f
 857 013c 19       		.uleb128 0x19
 858 013d 03       		.uleb128 0x3
 859 013e 0E       		.uleb128 0xe
 860 013f 27       		.uleb128 0x27
 861 0140 19       		.uleb128 0x19
 862 0141 49       		.uleb128 0x49
 863 0142 13       		.uleb128 0x13
 864 0143 34       		.uleb128 0x34
 865 0144 19       		.uleb128 0x19
 866 0145 3C       		.uleb128 0x3c
 867 0146 19       		.uleb128 0x19
 868 0147 01       		.uleb128 0x1
 869 0148 13       		.uleb128 0x13
 870 0149 00       		.byte	0
 871 014a 00       		.byte	0
 872 014b 1B       		.uleb128 0x1b
 873 014c 05       		.uleb128 0x5
 874 014d 00       		.byte	0
 875 014e 49       		.uleb128 0x49
 876 014f 13       		.uleb128 0x13
 877 0150 00       		.byte	0
ARM GAS  C:\DOCUME~1\Remixvit\LOCALS~1\Temp\cch6LRVL.s 			page 21


 878 0151 00       		.byte	0
 879 0152 1C       		.uleb128 0x1c
 880 0153 2E       		.uleb128 0x2e
 881 0154 01       		.byte	0x1
 882 0155 3F       		.uleb128 0x3f
 883 0156 19       		.uleb128 0x19
 884 0157 03       		.uleb128 0x3
 885 0158 0E       		.uleb128 0xe
 886 0159 3A       		.uleb128 0x3a
 887 015a 0B       		.uleb128 0xb
 888 015b 3B       		.uleb128 0x3b
 889 015c 0B       		.uleb128 0xb
 890 015d 27       		.uleb128 0x27
 891 015e 19       		.uleb128 0x19
 892 015f 3C       		.uleb128 0x3c
 893 0160 19       		.uleb128 0x19
 894 0161 01       		.uleb128 0x1
 895 0162 13       		.uleb128 0x13
 896 0163 00       		.byte	0
 897 0164 00       		.byte	0
 898 0165 1D       		.uleb128 0x1d
 899 0166 2E       		.uleb128 0x2e
 900 0167 01       		.byte	0x1
 901 0168 3F       		.uleb128 0x3f
 902 0169 19       		.uleb128 0x19
 903 016a 03       		.uleb128 0x3
 904 016b 0E       		.uleb128 0xe
 905 016c 3A       		.uleb128 0x3a
 906 016d 0B       		.uleb128 0xb
 907 016e 3B       		.uleb128 0x3b
 908 016f 0B       		.uleb128 0xb
 909 0170 27       		.uleb128 0x27
 910 0171 19       		.uleb128 0x19
 911 0172 49       		.uleb128 0x49
 912 0173 13       		.uleb128 0x13
 913 0174 3C       		.uleb128 0x3c
 914 0175 19       		.uleb128 0x19
 915 0176 01       		.uleb128 0x1
 916 0177 13       		.uleb128 0x13
 917 0178 00       		.byte	0
 918 0179 00       		.byte	0
 919 017a 1E       		.uleb128 0x1e
 920 017b 2E       		.uleb128 0x2e
 921 017c 01       		.byte	0x1
 922 017d 3F       		.uleb128 0x3f
 923 017e 19       		.uleb128 0x19
 924 017f 03       		.uleb128 0x3
 925 0180 0E       		.uleb128 0xe
 926 0181 3A       		.uleb128 0x3a
 927 0182 0B       		.uleb128 0xb
 928 0183 3B       		.uleb128 0x3b
 929 0184 0B       		.uleb128 0xb
 930 0185 27       		.uleb128 0x27
 931 0186 19       		.uleb128 0x19
 932 0187 3C       		.uleb128 0x3c
 933 0188 19       		.uleb128 0x19
 934 0189 00       		.byte	0
ARM GAS  C:\DOCUME~1\Remixvit\LOCALS~1\Temp\cch6LRVL.s 			page 22


 935 018a 00       		.byte	0
 936 018b 00       		.byte	0
 937              		.section	.debug_loc,"",%progbits
 938              	.Ldebug_loc0:
 939              	.LLST0:
 940 0000 00000000 		.4byte	.LVL0
 941 0004 09000000 		.4byte	.LVL2-1
 942 0008 0100     		.2byte	0x1
 943 000a 50       		.byte	0x50
 944 000b 09000000 		.4byte	.LVL2-1
 945 000f 0C000000 		.4byte	.LFE0
 946 0013 0400     		.2byte	0x4
 947 0015 F3       		.byte	0xf3
 948 0016 01       		.uleb128 0x1
 949 0017 50       		.byte	0x50
 950 0018 9F       		.byte	0x9f
 951 0019 00000000 		.4byte	0
 952 001d 00000000 		.4byte	0
 953              	.LLST1:
 954 0021 00000000 		.4byte	.LVL0
 955 0025 06000000 		.4byte	.LVL1
 956 0029 0100     		.2byte	0x1
 957 002b 51       		.byte	0x51
 958 002c 06000000 		.4byte	.LVL1
 959 0030 09000000 		.4byte	.LVL2-1
 960 0034 0100     		.2byte	0x1
 961 0036 52       		.byte	0x52
 962 0037 09000000 		.4byte	.LVL2-1
 963 003b 0C000000 		.4byte	.LFE0
 964 003f 0400     		.2byte	0x4
 965 0041 F3       		.byte	0xf3
 966 0042 01       		.uleb128 0x1
 967 0043 51       		.byte	0x51
 968 0044 9F       		.byte	0x9f
 969 0045 00000000 		.4byte	0
 970 0049 00000000 		.4byte	0
 971              	.LLST2:
 972 004d 60000000 		.4byte	.LVL6
 973 0051 64000000 		.4byte	.LVL7
 974 0055 0200     		.2byte	0x2
 975 0057 30       		.byte	0x30
 976 0058 9F       		.byte	0x9f
 977 0059 64000000 		.4byte	.LVL7
 978 005d 84000000 		.4byte	.LVL9
 979 0061 0100     		.2byte	0x1
 980 0063 54       		.byte	0x54
 981 0064 86000000 		.4byte	.LVL10
 982 0068 C6000000 		.4byte	.LVL12
 983 006c 0100     		.2byte	0x1
 984 006e 54       		.byte	0x54
 985 006f 00000000 		.4byte	0
 986 0073 00000000 		.4byte	0
 987              	.LLST3:
 988 0077 64000000 		.4byte	.LVL7
 989 007b 84000000 		.4byte	.LVL9
 990 007f 0B00     		.2byte	0xb
 991 0081 74       		.byte	0x74
ARM GAS  C:\DOCUME~1\Remixvit\LOCALS~1\Temp\cch6LRVL.s 			page 23


 992 0082 00       		.sleb128 0
 993 0083 36       		.byte	0x36
 994 0084 1E       		.byte	0x1e
 995 0085 03       		.byte	0x3
 996 0086 00000000 		.4byte	cfg_memset_list.4714
 997 008a 22       		.byte	0x22
 998 008b 9F       		.byte	0x9f
 999 008c 84000000 		.4byte	.LVL9
 1000 0090 86000000 		.4byte	.LVL10
 1001 0094 0B00     		.2byte	0xb
 1002 0096 74       		.byte	0x74
 1003 0097 7F       		.sleb128 -1
 1004 0098 36       		.byte	0x36
 1005 0099 1E       		.byte	0x1e
 1006 009a 03       		.byte	0x3
 1007 009b 00000000 		.4byte	cfg_memset_list.4714
 1008 009f 22       		.byte	0x22
 1009 00a0 9F       		.byte	0x9f
 1010 00a1 00000000 		.4byte	0
 1011 00a5 00000000 		.4byte	0
 1012              		.section	.debug_aranges,"",%progbits
 1013 0000 2C000000 		.4byte	0x2c
 1014 0004 0200     		.2byte	0x2
 1015 0006 00000000 		.4byte	.Ldebug_info0
 1016 000a 04       		.byte	0x4
 1017 000b 00       		.byte	0
 1018 000c 0000     		.2byte	0
 1019 000e 0000     		.2byte	0
 1020 0010 00000000 		.4byte	.LFB0
 1021 0014 0C000000 		.4byte	.LFE0-.LFB0
 1022 0018 00000000 		.4byte	.LFB3
 1023 001c 5C000000 		.4byte	.LFE3-.LFB3
 1024 0020 5C000000 		.4byte	.LFB5
 1025 0024 84000000 		.4byte	.LFE5-.LFB5
 1026 0028 00000000 		.4byte	0
 1027 002c 00000000 		.4byte	0
 1028              		.section	.debug_ranges,"",%progbits
 1029              	.Ldebug_ranges0:
 1030 0000 00000000 		.4byte	.LFB0
 1031 0004 0C000000 		.4byte	.LFE0
 1032 0008 00000000 		.4byte	.LFB3
 1033 000c 5C000000 		.4byte	.LFE3
 1034 0010 5C000000 		.4byte	.LFB5
 1035 0014 E0000000 		.4byte	.LFE5
 1036 0018 00000000 		.4byte	0
 1037 001c 00000000 		.4byte	0
 1038              		.section	.debug_line,"",%progbits
 1039              	.Ldebug_line0:
 1040 0000 22010000 		.section	.debug_str,"MS",%progbits,1
 1040      0200D200 
 1040      00000201 
 1040      FB0E0D00 
 1040      01010101 
 1041              	.LASF18:
 1042 0000 72656733 		.ascii	"reg32\000"
 1042      3200
 1043              	.LASF11:
ARM GAS  C:\DOCUME~1\Remixvit\LOCALS~1\Temp\cch6LRVL.s 			page 24


 1044 0006 73697A65 		.ascii	"size_t\000"
 1044      5F7400
 1045              	.LASF32:
 1046 000d 4379496E 		.ascii	"CyIntSetVector\000"
 1046      74536574 
 1046      56656374 
 1046      6F7200
 1047              	.LASF25:
 1048 001c 6366675F 		.ascii	"cfg_memset_list\000"
 1048      6D656D73 
 1048      65745F6C 
 1048      69737400 
 1049              	.LASF21:
 1050 002c 436C6F63 		.ascii	"ClockSetup\000"
 1050      6B536574 
 1050      757000
 1051              	.LASF4:
 1052 0037 73686F72 		.ascii	"short unsigned int\000"
 1052      7420756E 
 1052      7369676E 
 1052      65642069 
 1052      6E7400
 1053              	.LASF15:
 1054 004a 666C6F61 		.ascii	"float\000"
 1054      7400
 1055              	.LASF30:
 1056 0050 433A5C45 		.ascii	"C:\\EAGLE\\My\\WirellesLoad\\WirellesLoad\\Wirelles"
 1056      41474C45 
 1056      5C4D795C 
 1056      57697265 
 1056      6C6C6573 
 1057 007e 4C6F6164 		.ascii	"Load_v1.cydsn\000"
 1057      5F76312E 
 1057      63796473 
 1057      6E00
 1058              	.LASF23:
 1059 008c 73697A65 		.ascii	"size\000"
 1059      00
 1060              	.LASF17:
 1061 0091 72656738 		.ascii	"reg8\000"
 1061      00
 1062              	.LASF6:
 1063 0096 6C6F6E67 		.ascii	"long unsigned int\000"
 1063      20756E73 
 1063      69676E65 
 1063      6420696E 
 1063      7400
 1064              	.LASF12:
 1065 00a8 75696E74 		.ascii	"uint8\000"
 1065      3800
 1066              	.LASF20:
 1067 00ae 43594D45 		.ascii	"CYMEMZERO\000"
 1067      4D5A4552 
 1067      4F00
 1068              	.LASF2:
 1069 00b8 756E7369 		.ascii	"unsigned char\000"
 1069      676E6564 
ARM GAS  C:\DOCUME~1\Remixvit\LOCALS~1\Temp\cch6LRVL.s 			page 25


 1069      20636861 
 1069      7200
 1070              	.LASF26:
 1071 00c6 6D656D73 		.ascii	"memset\000"
 1071      657400
 1072              	.LASF16:
 1073 00cd 646F7562 		.ascii	"double\000"
 1073      6C6500
 1074              	.LASF33:
 1075 00d4 4379496E 		.ascii	"CyIntEnable\000"
 1075      74456E61 
 1075      626C6500 
 1076              	.LASF13:
 1077 00e0 75696E74 		.ascii	"uint16\000"
 1077      313600
 1078              	.LASF14:
 1079 00e7 75696E74 		.ascii	"uint32\000"
 1079      333200
 1080              	.LASF0:
 1081 00ee 756E7369 		.ascii	"unsigned int\000"
 1081      676E6564 
 1081      20696E74 
 1081      00
 1082              	.LASF31:
 1083 00fb 63796669 		.ascii	"cyfitter_cfg\000"
 1083      74746572 
 1083      5F636667 
 1083      00
 1084              	.LASF22:
 1085 0108 61646472 		.ascii	"address\000"
 1085      65737300 
 1086              	.LASF8:
 1087 0110 6C6F6E67 		.ascii	"long long unsigned int\000"
 1087      206C6F6E 
 1087      6720756E 
 1087      7369676E 
 1087      65642069 
 1088              	.LASF19:
 1089 0127 63796973 		.ascii	"cyisraddress\000"
 1089      72616464 
 1089      72657373 
 1089      00
 1090              	.LASF24:
 1091 0134 6366675F 		.ascii	"cfg_memset_t\000"
 1091      6D656D73 
 1091      65745F74 
 1091      00
 1092              	.LASF29:
 1093 0141 2E5C4765 		.ascii	".\\Generated_Source\\PSoC4\\cyfitter_cfg.c\000"
 1093      6E657261 
 1093      7465645F 
 1093      536F7572 
 1093      63655C50 
 1094              	.LASF9:
 1095 0169 73697A65 		.ascii	"sizetype\000"
 1095      74797065 
 1095      00
ARM GAS  C:\DOCUME~1\Remixvit\LOCALS~1\Temp\cch6LRVL.s 			page 26


 1096              	.LASF7:
 1097 0172 6C6F6E67 		.ascii	"long long int\000"
 1097      206C6F6E 
 1097      6720696E 
 1097      7400
 1098              	.LASF10:
 1099 0180 63686172 		.ascii	"char\000"
 1099      00
 1100              	.LASF28:
 1101 0185 474E5520 		.ascii	"GNU C 4.9.3 20150303 (release) [ARM/embedded-4_9-br"
 1101      4320342E 
 1101      392E3320 
 1101      32303135 
 1101      30333033 
 1102 01b8 616E6368 		.ascii	"anch revision 221220] -mcpu=cortex-m0 -mthumb -g -O"
 1102      20726576 
 1102      6973696F 
 1102      6E203232 
 1102      31323230 
 1103 01eb 67202D66 		.ascii	"g -ffunction-sections -ffat-lto-objects\000"
 1103      66756E63 
 1103      74696F6E 
 1103      2D736563 
 1103      74696F6E 
 1104              	.LASF3:
 1105 0213 73686F72 		.ascii	"short int\000"
 1105      7420696E 
 1105      7400
 1106              	.LASF27:
 1107 021d 43795379 		.ascii	"CySysClkWriteImoFreq\000"
 1107      73436C6B 
 1107      57726974 
 1107      65496D6F 
 1107      46726571 
 1108              	.LASF5:
 1109 0232 6C6F6E67 		.ascii	"long int\000"
 1109      20696E74 
 1109      00
 1110              	.LASF1:
 1111 023b 7369676E 		.ascii	"signed char\000"
 1111      65642063 
 1111      68617200 
 1112              		.ident	"GCC: (GNU Tools for ARM Embedded Processors) 4.9.3 20150303 (release) [ARM/embedded-4_9-br
