Archive member included because of file (symbol)

.\CortexM0\ARM_GCC_493\Debug\WirellesLoad_v1.a(cyfitter_cfg.o)
                              .\CortexM0\ARM_GCC_493\Debug\Cm0Start.o (cyfitter_cfg)
.\CortexM0\ARM_GCC_493\Debug\WirellesLoad_v1.a(CyLib.o)
                              .\CortexM0\ARM_GCC_493\Debug\WirellesLoad_v1.a(cyfitter_cfg.o) (CyIntEnable)
.\CortexM0\ARM_GCC_493\Debug\WirellesLoad_v1.a(CyLFClk.o)
                              .\CortexM0\ARM_GCC_493\Debug\WirellesLoad_v1.a(cyfitter_cfg.o) (CySysWdtIsr)
.\CortexM0\ARM_GCC_493\Debug\WirellesLoad_v1.a(NRF_IRQ.o)
                              .\CortexM0\ARM_GCC_493\Debug\MyLib.o (NRF_IRQ_Read)
.\CortexM0\ARM_GCC_493\Debug\WirellesLoad_v1.a(OPT_IRQ.o)
                              .\CortexM0\ARM_GCC_493\Debug\MyLib.o (OPT_IRQ_Read)
.\CortexM0\ARM_GCC_493\Debug\WirellesLoad_v1.a(TEMP_IRQ.o)
                              .\CortexM0\ARM_GCC_493\Debug\MyLib.o (TEMP_IRQ_Read)
.\CortexM0\ARM_GCC_493\Debug\WirellesLoad_v1.a(CRIT_TEMP_IRQ.o)
                              .\CortexM0\ARM_GCC_493\Debug\MyLib.o (CRIT_TEMP_IRQ_Read)
.\CortexM0\ARM_GCC_493\Debug\WirellesLoad_v1.a(Button.o)
                              .\CortexM0\ARM_GCC_493\Debug\MyLib.o (Button_Read)
.\CortexM0\ARM_GCC_493\Debug\WirellesLoad_v1.a(I2C_I2C_MASTER.o)
                              .\CortexM0\ARM_GCC_493\Debug\OPT3001.o (I2C_I2CMasterSendStart)
.\CortexM0\ARM_GCC_493\Debug\WirellesLoad_v1.a(I2C_sda.o)
                              .\CortexM0\ARM_GCC_493\Debug\WirellesLoad_v1.a(I2C_I2C_MASTER.o) (I2C_sda_Read)
.\CortexM0\ARM_GCC_493\Debug\WirellesLoad_v1.a(I2C_scl.o)
                              .\CortexM0\ARM_GCC_493\Debug\WirellesLoad_v1.a(I2C_I2C_MASTER.o) (I2C_scl_Write)
.\CortexM0\ARM_GCC_493\Debug\WirellesLoad_v1.a(Timer_RTOS_ISR.o)
                              .\CortexM0\ARM_GCC_493\Debug\TaskDispatcher.o (Timer_RTOS_ISR_StartEx)
.\CortexM0\ARM_GCC_493\Debug\WirellesLoad_v1.a(Timer.o)
                              .\CortexM0\ARM_GCC_493\Debug\SysClock.o (Timer_Start)
.\CortexM0\ARM_GCC_493\Debug\WirellesLoad_v1.a(CyBootAsmGnu.o)
                              .\CortexM0\ARM_GCC_493\Debug\WirellesLoad_v1.a(CyLib.o) (CyDelayCycles)
.\CortexM0\ARM_GCC_493\Debug\WirellesLoad_v1.a(I2C_I2C.o)
                              .\CortexM0\ARM_GCC_493\Debug\WirellesLoad_v1.a(I2C_I2C_MASTER.o) (I2C_state)
.\CortexM0\ARM_GCC_493\Debug\WirellesLoad_v1.a(I2C_I2C_INT.o)
                              .\CortexM0\ARM_GCC_493\Debug\WirellesLoad_v1.a(I2C_I2C.o) (I2C_I2C_ISR)
.\CortexM0\ARM_GCC_493\Debug\WirellesLoad_v1.a(I2C.o)
                              .\CortexM0\ARM_GCC_493\Debug\WirellesLoad_v1.a(I2C_I2C_INT.o) (I2C_customIntrHandler)
c:/program files/cypress/psoc creator/3.3/psoc creator/import/gnu/arm/4.9.3/bin/../lib/gcc/arm-none-eabi/4.9.3/armv6-m\libgcc.a(_udivsi3.o)
                              .\CortexM0\ARM_GCC_493\Debug\WirellesLoad_v1.a(CyLib.o) (__aeabi_uidiv)
c:/program files/cypress/psoc creator/3.3/psoc creator/import/gnu/arm/4.9.3/bin/../lib/gcc/arm-none-eabi/4.9.3/armv6-m\libgcc.a(_dvmd_tls.o)
                              c:/program files/cypress/psoc creator/3.3/psoc creator/import/gnu/arm/4.9.3/bin/../lib/gcc/arm-none-eabi/4.9.3/armv6-m\libgcc.a(_udivsi3.o) (__aeabi_idiv0)
c:/program files/cypress/psoc creator/3.3/psoc creator/import/gnu/arm/4.9.3/bin/../lib/gcc/arm-none-eabi/4.9.3/../../../../arm-none-eabi/lib/armv6-m\libg_nano.a(lib_a-errno.o)
                              .\CortexM0\ARM_GCC_493\Debug\Cm0Start.o (__errno)
c:/program files/cypress/psoc creator/3.3/psoc creator/import/gnu/arm/4.9.3/bin/../lib/gcc/arm-none-eabi/4.9.3/../../../../arm-none-eabi/lib/armv6-m\libg_nano.a(lib_a-exit.o)
                              c:/program files/cypress/psoc creator/3.3/psoc creator/import/gnu/arm/4.9.3/bin/../lib/gcc/arm-none-eabi/4.9.3/../../../../arm-none-eabi/lib/armv6-m/crt0.o (exit)
c:/program files/cypress/psoc creator/3.3/psoc creator/import/gnu/arm/4.9.3/bin/../lib/gcc/arm-none-eabi/4.9.3/../../../../arm-none-eabi/lib/armv6-m\libg_nano.a(lib_a-impure.o)
                              c:/program files/cypress/psoc creator/3.3/psoc creator/import/gnu/arm/4.9.3/bin/../lib/gcc/arm-none-eabi/4.9.3/../../../../arm-none-eabi/lib/armv6-m\libg_nano.a(lib_a-exit.o) (_global_impure_ptr)
c:/program files/cypress/psoc creator/3.3/psoc creator/import/gnu/arm/4.9.3/bin/../lib/gcc/arm-none-eabi/4.9.3/../../../../arm-none-eabi/lib/armv6-m\libg_nano.a(lib_a-init.o)
                              c:/program files/cypress/psoc creator/3.3/psoc creator/import/gnu/arm/4.9.3/bin/../lib/gcc/arm-none-eabi/4.9.3/../../../../arm-none-eabi/lib/armv6-m/crt0.o (__libc_init_array)
c:/program files/cypress/psoc creator/3.3/psoc creator/import/gnu/arm/4.9.3/bin/../lib/gcc/arm-none-eabi/4.9.3/../../../../arm-none-eabi/lib/armv6-m\libg_nano.a(lib_a-memset.o)
                              c:/program files/cypress/psoc creator/3.3/psoc creator/import/gnu/arm/4.9.3/bin/../lib/gcc/arm-none-eabi/4.9.3/../../../../arm-none-eabi/lib/armv6-m/crt0.o (memset)
c:/program files/cypress/psoc creator/3.3/psoc creator/import/gnu/arm/4.9.3/bin/../lib/gcc/arm-none-eabi/4.9.3/../../../../arm-none-eabi/lib/armv6-m\libg_nano.a(lib_a-strncat.o)
                              .\CortexM0\ARM_GCC_493\Debug\OPT3001.o (strncat)

Allocating common symbols
Common symbol       size              file

I2C_mstrWrBufIndexTmp
                    0x4               .\CortexM0\ARM_GCC_493\Debug\WirellesLoad_v1.a(I2C_I2C_MASTER.o)
System_Timer        0x28              .\CortexM0\ARM_GCC_493\Debug\TaskDispatcher.o
OPT_Out_String      0x19              .\CortexM0\ARM_GCC_493\Debug\OPT3001.o
I2C_state           0x1               .\CortexM0\ARM_GCC_493\Debug\WirellesLoad_v1.a(I2C_I2C.o)
I2C_mstrWrBufIndex  0x4               .\CortexM0\ARM_GCC_493\Debug\WirellesLoad_v1.a(I2C_I2C_MASTER.o)
I2C_mstrWrBufSize   0x4               .\CortexM0\ARM_GCC_493\Debug\WirellesLoad_v1.a(I2C_I2C_MASTER.o)
I2C_mstrStatus      0x2               .\CortexM0\ARM_GCC_493\Debug\WirellesLoad_v1.a(I2C_I2C_MASTER.o)
I2C_mstrRdBufPtr    0x4               .\CortexM0\ARM_GCC_493\Debug\WirellesLoad_v1.a(I2C_I2C_MASTER.o)
I2C_mstrControl     0x1               .\CortexM0\ARM_GCC_493\Debug\WirellesLoad_v1.a(I2C_I2C_MASTER.o)
ExtInt              0x5               .\CortexM0\ARM_GCC_493\Debug\main.o
I2C_mstrRdBufSize   0x4               .\CortexM0\ARM_GCC_493\Debug\WirellesLoad_v1.a(I2C_I2C_MASTER.o)
I2C_mstrRdBufIndex  0x4               .\CortexM0\ARM_GCC_493\Debug\WirellesLoad_v1.a(I2C_I2C_MASTER.o)
System_Timer_Flag   0x5               .\CortexM0\ARM_GCC_493\Debug\TaskDispatcher.o
I2C_mstrWrBufPtr    0x4               .\CortexM0\ARM_GCC_493\Debug\WirellesLoad_v1.a(I2C_I2C_MASTER.o)

Discarded input sections

 .text          0x00000000        0x0 c:/program files/cypress/psoc creator/3.3/psoc creator/import/gnu/arm/4.9.3/bin/../lib/gcc/arm-none-eabi/4.9.3/armv6-m/crti.o
 .data          0x00000000        0x0 c:/program files/cypress/psoc creator/3.3/psoc creator/import/gnu/arm/4.9.3/bin/../lib/gcc/arm-none-eabi/4.9.3/armv6-m/crti.o
 .bss           0x00000000        0x0 c:/program files/cypress/psoc creator/3.3/psoc creator/import/gnu/arm/4.9.3/bin/../lib/gcc/arm-none-eabi/4.9.3/armv6-m/crti.o
 .data          0x00000000        0x4 c:/program files/cypress/psoc creator/3.3/psoc creator/import/gnu/arm/4.9.3/bin/../lib/gcc/arm-none-eabi/4.9.3/armv6-m/crtbegin.o
 .text          0x00000000       0x78 c:/program files/cypress/psoc creator/3.3/psoc creator/import/gnu/arm/4.9.3/bin/../lib/gcc/arm-none-eabi/4.9.3/../../../../arm-none-eabi/lib/armv6-m/crt0.o
 .data          0x00000000        0x0 c:/program files/cypress/psoc creator/3.3/psoc creator/import/gnu/arm/4.9.3/bin/../lib/gcc/arm-none-eabi/4.9.3/../../../../arm-none-eabi/lib/armv6-m/crt0.o
 .bss           0x00000000        0x0 c:/program files/cypress/psoc creator/3.3/psoc creator/import/gnu/arm/4.9.3/bin/../lib/gcc/arm-none-eabi/4.9.3/../../../../arm-none-eabi/lib/armv6-m/crt0.o
 .ARM.extab     0x00000000        0x0 c:/program files/cypress/psoc creator/3.3/psoc creator/import/gnu/arm/4.9.3/bin/../lib/gcc/arm-none-eabi/4.9.3/../../../../arm-none-eabi/lib/armv6-m/crt0.o
 .ARM.exidx     0x00000000        0x8 c:/program files/cypress/psoc creator/3.3/psoc creator/import/gnu/arm/4.9.3/bin/../lib/gcc/arm-none-eabi/4.9.3/../../../../arm-none-eabi/lib/armv6-m/crt0.o
 .text          0x00000000        0x0 .\CortexM0\ARM_GCC_493\Debug\main.o
 .data          0x00000000        0x0 .\CortexM0\ARM_GCC_493\Debug\main.o
 .bss           0x00000000        0x0 .\CortexM0\ARM_GCC_493\Debug\main.o
 COMMON         0x00000000        0x5 .\CortexM0\ARM_GCC_493\Debug\main.o
 .text          0x00000000        0x0 .\CortexM0\ARM_GCC_493\Debug\MyLib.o
 .data          0x00000000        0x0 .\CortexM0\ARM_GCC_493\Debug\MyLib.o
 .bss           0x00000000        0x0 .\CortexM0\ARM_GCC_493\Debug\MyLib.o
 .text.ExtInter_Head
                0x00000000       0x28 .\CortexM0\ARM_GCC_493\Debug\MyLib.o
 .text.InterruptAction
                0x00000000        0x4 .\CortexM0\ARM_GCC_493\Debug\MyLib.o
 .text          0x00000000        0x0 .\CortexM0\ARM_GCC_493\Debug\TaskDispatcher.o
 .data          0x00000000        0x0 .\CortexM0\ARM_GCC_493\Debug\TaskDispatcher.o
 .bss           0x00000000       0xd4 .\CortexM0\ARM_GCC_493\Debug\TaskDispatcher.o
 .text.Idle     0x00000000        0x4 .\CortexM0\ARM_GCC_493\Debug\TaskDispatcher.o
 .text.TaskManager
                0x00000000       0x3c .\CortexM0\ARM_GCC_493\Debug\TaskDispatcher.o
 .text.SetTask  0x00000000       0x34 .\CortexM0\ARM_GCC_493\Debug\TaskDispatcher.o
 .text.TaskDispatcher_ISR
                0x00000000       0x50 .\CortexM0\ARM_GCC_493\Debug\TaskDispatcher.o
 .text.SetTimerTask
                0x00000000       0x58 .\CortexM0\ARM_GCC_493\Debug\TaskDispatcher.o
 .text.InitRTOS
                0x00000000       0x3c .\CortexM0\ARM_GCC_493\Debug\TaskDispatcher.o
 .text.RTOS_Start
                0x00000000       0x48 .\CortexM0\ARM_GCC_493\Debug\TaskDispatcher.o
 .text.TimerService
                0x00000000       0x50 .\CortexM0\ARM_GCC_493\Debug\TaskDispatcher.o
 COMMON         0x00000000       0x2d .\CortexM0\ARM_GCC_493\Debug\TaskDispatcher.o
 .text          0x00000000        0x0 .\CortexM0\ARM_GCC_493\Debug\OPT3001.o
 .data          0x00000000        0x0 .\CortexM0\ARM_GCC_493\Debug\OPT3001.o
 .bss           0x00000000        0x0 .\CortexM0\ARM_GCC_493\Debug\OPT3001.o
 .text.I2C_ReadRegister
                0x00000000       0x80 .\CortexM0\ARM_GCC_493\Debug\OPT3001.o
 .text.OPT_IsReady
                0x00000000       0x2c .\CortexM0\ARM_GCC_493\Debug\OPT3001.o
 .text.I2C_WriteRegister
                0x00000000       0x88 .\CortexM0\ARM_GCC_493\Debug\OPT3001.o
 .text.OPT_ReadResult
                0x00000000       0x9c .\CortexM0\ARM_GCC_493\Debug\OPT3001.o
 .rodata        0x00000000       0x4c .\CortexM0\ARM_GCC_493\Debug\OPT3001.o
 .text.OPT_StartConvert
                0x00000000       0x34 .\CortexM0\ARM_GCC_493\Debug\OPT3001.o
 .text.OPT_GetResultString
                0x00000000      0x15c .\CortexM0\ARM_GCC_493\Debug\OPT3001.o
 .rodata.str1.4
                0x00000000       0x14 .\CortexM0\ARM_GCC_493\Debug\OPT3001.o
 COMMON         0x00000000       0x19 .\CortexM0\ARM_GCC_493\Debug\OPT3001.o
 .text          0x00000000        0x0 .\CortexM0\ARM_GCC_493\Debug\SysClock.o
 .data          0x00000000        0x0 .\CortexM0\ARM_GCC_493\Debug\SysClock.o
 .bss           0x00000000        0x0 .\CortexM0\ARM_GCC_493\Debug\SysClock.o
 .text.System_Timer_ISR
                0x00000000       0x84 .\CortexM0\ARM_GCC_493\Debug\SysClock.o
 .text.System_Timer_Start
                0x00000000       0x5c .\CortexM0\ARM_GCC_493\Debug\SysClock.o
 .text.System_Timer_Add
                0x00000000       0xac .\CortexM0\ARM_GCC_493\Debug\SysClock.o
 .text.System_Timer_Remove
                0x00000000       0x5c .\CortexM0\ARM_GCC_493\Debug\SysClock.o
 .text          0x00000000        0x0 .\CortexM0\ARM_GCC_493\Debug\cymetadata.o
 .data          0x00000000        0x0 .\CortexM0\ARM_GCC_493\Debug\cymetadata.o
 .bss           0x00000000        0x0 .\CortexM0\ARM_GCC_493\Debug\cymetadata.o
 .text          0x00000000        0x0 .\CortexM0\ARM_GCC_493\Debug\Cm0Start.o
 .data          0x00000000        0x4 .\CortexM0\ARM_GCC_493\Debug\Cm0Start.o
 .bss           0x00000000        0x0 .\CortexM0\ARM_GCC_493\Debug\Cm0Start.o
 .text._exit    0x00000000        0xc .\CortexM0\ARM_GCC_493\Debug\Cm0Start.o
 .text._sbrk    0x00000000       0x30 .\CortexM0\ARM_GCC_493\Debug\Cm0Start.o
 .text          0x00000000        0x0 .\CortexM0\ARM_GCC_493\Debug\WirellesLoad_v1.a(cyfitter_cfg.o)
 .data          0x00000000        0x0 .\CortexM0\ARM_GCC_493\Debug\WirellesLoad_v1.a(cyfitter_cfg.o)
 .bss           0x00000000        0x0 .\CortexM0\ARM_GCC_493\Debug\WirellesLoad_v1.a(cyfitter_cfg.o)
 .text          0x00000000        0x0 .\CortexM0\ARM_GCC_493\Debug\WirellesLoad_v1.a(CyLib.o)
 .bss           0x00000000       0x18 .\CortexM0\ARM_GCC_493\Debug\WirellesLoad_v1.a(CyLib.o)
 .text.CySysClkImoStart
                0x00000000       0x14 .\CortexM0\ARM_GCC_493\Debug\WirellesLoad_v1.a(CyLib.o)
 .text.CySysClkImoStop
                0x00000000       0x10 .\CortexM0\ARM_GCC_493\Debug\WirellesLoad_v1.a(CyLib.o)
 .text.CySysClkWriteHfclkDirect
                0x00000000       0x24 .\CortexM0\ARM_GCC_493\Debug\WirellesLoad_v1.a(CyLib.o)
 .text.CySysClkWriteSysclkDiv
                0x00000000       0x28 .\CortexM0\ARM_GCC_493\Debug\WirellesLoad_v1.a(CyLib.o)
 .text.CySysLvdDisable
                0x00000000       0x20 .\CortexM0\ARM_GCC_493\Debug\WirellesLoad_v1.a(CyLib.o)
 .text.CySysLvdGetInterruptSource
                0x00000000       0x10 .\CortexM0\ARM_GCC_493\Debug\WirellesLoad_v1.a(CyLib.o)
 .text.CySysLvdClearInterrupt
                0x00000000        0xc .\CortexM0\ARM_GCC_493\Debug\WirellesLoad_v1.a(CyLib.o)
 .text.CySysGetResetReason
                0x00000000       0x14 .\CortexM0\ARM_GCC_493\Debug\WirellesLoad_v1.a(CyLib.o)
 .text.CyDisableInts
                0x00000000       0x10 .\CortexM0\ARM_GCC_493\Debug\WirellesLoad_v1.a(CyLib.o)
 .text.CyEnableInts
                0x00000000        0xc .\CortexM0\ARM_GCC_493\Debug\WirellesLoad_v1.a(CyLib.o)
 .text.CyIntGetState
                0x00000000       0x18 .\CortexM0\ARM_GCC_493\Debug\WirellesLoad_v1.a(CyLib.o)
 .text.CyIntDisable
                0x00000000       0x14 .\CortexM0\ARM_GCC_493\Debug\WirellesLoad_v1.a(CyLib.o)
 .text.CyIntSetPending
                0x00000000       0x14 .\CortexM0\ARM_GCC_493\Debug\WirellesLoad_v1.a(CyLib.o)
 .text.CyIntClearPending
                0x00000000       0x14 .\CortexM0\ARM_GCC_493\Debug\WirellesLoad_v1.a(CyLib.o)
 .text.CyIntSetSysVector
                0x00000000       0x20 .\CortexM0\ARM_GCC_493\Debug\WirellesLoad_v1.a(CyLib.o)
 .text.CyIntGetSysVector
                0x00000000       0x1c .\CortexM0\ARM_GCC_493\Debug\WirellesLoad_v1.a(CyLib.o)
 .text.CyIntGetVector
                0x00000000       0x20 .\CortexM0\ARM_GCC_493\Debug\WirellesLoad_v1.a(CyLib.o)
 .text.CyIntSetPriority
                0x00000000       0x4c .\CortexM0\ARM_GCC_493\Debug\WirellesLoad_v1.a(CyLib.o)
 .text.CyIntGetPriority
                0x00000000       0x2c .\CortexM0\ARM_GCC_493\Debug\WirellesLoad_v1.a(CyLib.o)
 .text.CySoftwareReset
                0x00000000       0x18 .\CortexM0\ARM_GCC_493\Debug\WirellesLoad_v1.a(CyLib.o)
 .text.CyDelay  0x00000000       0x30 .\CortexM0\ARM_GCC_493\Debug\WirellesLoad_v1.a(CyLib.o)
 .text.CySysLvdEnable
                0x00000000       0x44 .\CortexM0\ARM_GCC_493\Debug\WirellesLoad_v1.a(CyLib.o)
 .text.CyDelayFreq
                0x00000000       0x4c .\CortexM0\ARM_GCC_493\Debug\WirellesLoad_v1.a(CyLib.o)
 .text.CySysTickStop
                0x00000000       0x10 .\CortexM0\ARM_GCC_493\Debug\WirellesLoad_v1.a(CyLib.o)
 .text.CySysTickEnableInterrupt
                0x00000000       0x10 .\CortexM0\ARM_GCC_493\Debug\WirellesLoad_v1.a(CyLib.o)
 .text.CySysTickEnable
                0x00000000       0x18 .\CortexM0\ARM_GCC_493\Debug\WirellesLoad_v1.a(CyLib.o)
 .text.CySysTickDisableInterrupt
                0x00000000       0x10 .\CortexM0\ARM_GCC_493\Debug\WirellesLoad_v1.a(CyLib.o)
 .text.CySysTickSetReload
                0x00000000       0x10 .\CortexM0\ARM_GCC_493\Debug\WirellesLoad_v1.a(CyLib.o)
 .text.CySysTickGetReload
                0x00000000       0x10 .\CortexM0\ARM_GCC_493\Debug\WirellesLoad_v1.a(CyLib.o)
 .text.CySysTickGetValue
                0x00000000       0x10 .\CortexM0\ARM_GCC_493\Debug\WirellesLoad_v1.a(CyLib.o)
 .text.CySysTickGetCountFlag
                0x00000000       0x10 .\CortexM0\ARM_GCC_493\Debug\WirellesLoad_v1.a(CyLib.o)
 .text.CySysTickServiceCallbacks
                0x00000000       0x28 .\CortexM0\ARM_GCC_493\Debug\WirellesLoad_v1.a(CyLib.o)
 .text.CySysTickClear
                0x00000000        0xc .\CortexM0\ARM_GCC_493\Debug\WirellesLoad_v1.a(CyLib.o)
 .text.CySysTickInit
                0x00000000       0x44 .\CortexM0\ARM_GCC_493\Debug\WirellesLoad_v1.a(CyLib.o)
 .text.CySysTickStart
                0x00000000       0x20 .\CortexM0\ARM_GCC_493\Debug\WirellesLoad_v1.a(CyLib.o)
 .text.CySysTickSetCallback
                0x00000000       0x10 .\CortexM0\ARM_GCC_493\Debug\WirellesLoad_v1.a(CyLib.o)
 .text.CySysTickGetCallback
                0x00000000        0xc .\CortexM0\ARM_GCC_493\Debug\WirellesLoad_v1.a(CyLib.o)
 .text.CyGetUniqueId
                0x00000000       0x70 .\CortexM0\ARM_GCC_493\Debug\WirellesLoad_v1.a(CyLib.o)
 .text          0x00000000        0x0 .\CortexM0\ARM_GCC_493\Debug\WirellesLoad_v1.a(CyLFClk.o)
 .text.CySysClkIloEnabled
                0x00000000       0x14 .\CortexM0\ARM_GCC_493\Debug\WirellesLoad_v1.a(CyLFClk.o)
 .text.CySysClkIloStart
                0x00000000       0x14 .\CortexM0\ARM_GCC_493\Debug\WirellesLoad_v1.a(CyLFClk.o)
 .text.CySysWdtGetEnabledStatus
                0x00000000       0x24 .\CortexM0\ARM_GCC_493\Debug\WirellesLoad_v1.a(CyLFClk.o)
 .text.CySysWdtSetMode
                0x00000000       0x38 .\CortexM0\ARM_GCC_493\Debug\WirellesLoad_v1.a(CyLFClk.o)
 .text.CySysClkLfclkPosedgeRestore
                0x00000000       0x2c .\CortexM0\ARM_GCC_493\Debug\WirellesLoad_v1.a(CyLFClk.o)
 .text.CySysWdtGetMode
                0x00000000       0x14 .\CortexM0\ARM_GCC_493\Debug\WirellesLoad_v1.a(CyLFClk.o)
 .text.CySysWdtSetClearOnMatch
                0x00000000       0x38 .\CortexM0\ARM_GCC_493\Debug\WirellesLoad_v1.a(CyLFClk.o)
 .text.CySysWdtGetClearOnMatch
                0x00000000       0x24 .\CortexM0\ARM_GCC_493\Debug\WirellesLoad_v1.a(CyLFClk.o)
 .text.CySysWdtEnable
                0x00000000       0x40 .\CortexM0\ARM_GCC_493\Debug\WirellesLoad_v1.a(CyLFClk.o)
 .text.CySysWdtDisable
                0x00000000       0x44 .\CortexM0\ARM_GCC_493\Debug\WirellesLoad_v1.a(CyLFClk.o)
 .text.CySysWdtSetCascade
                0x00000000       0x34 .\CortexM0\ARM_GCC_493\Debug\WirellesLoad_v1.a(CyLFClk.o)
 .text.CySysWdtGetCascade
                0x00000000       0x14 .\CortexM0\ARM_GCC_493\Debug\WirellesLoad_v1.a(CyLFClk.o)
 .text.CySysWdtSetMatch
                0x00000000       0x3c .\CortexM0\ARM_GCC_493\Debug\WirellesLoad_v1.a(CyLFClk.o)
 .text.CySysWdtSetToggleBit
                0x00000000       0x2c .\CortexM0\ARM_GCC_493\Debug\WirellesLoad_v1.a(CyLFClk.o)
 .text.CySysWdtGetToggleBit
                0x00000000       0x10 .\CortexM0\ARM_GCC_493\Debug\WirellesLoad_v1.a(CyLFClk.o)
 .text.CySysWdtGetMatch
                0x00000000       0x20 .\CortexM0\ARM_GCC_493\Debug\WirellesLoad_v1.a(CyLFClk.o)
 .text.CySysWdtGetCount
                0x00000000       0x3c .\CortexM0\ARM_GCC_493\Debug\WirellesLoad_v1.a(CyLFClk.o)
 .text.CySysClkLfclkPosedgeCatch
                0x00000000       0x74 .\CortexM0\ARM_GCC_493\Debug\WirellesLoad_v1.a(CyLFClk.o)
 .text.CySysClkIloStop
                0x00000000       0x38 .\CortexM0\ARM_GCC_493\Debug\WirellesLoad_v1.a(CyLFClk.o)
 .text.CySysWdtGetInterruptSource
                0x00000000       0x14 .\CortexM0\ARM_GCC_493\Debug\WirellesLoad_v1.a(CyLFClk.o)
 .text.CySysWdtResetCounters
                0x00000000       0x20 .\CortexM0\ARM_GCC_493\Debug\WirellesLoad_v1.a(CyLFClk.o)
 .text.CySysWdtSetInterruptCallback
                0x00000000       0x20 .\CortexM0\ARM_GCC_493\Debug\WirellesLoad_v1.a(CyLFClk.o)
 .text.CySysWdtGetInterruptCallback
                0x00000000       0x20 .\CortexM0\ARM_GCC_493\Debug\WirellesLoad_v1.a(CyLFClk.o)
 .text.CySysWdtEnableCounterIsr
                0x00000000       0x34 .\CortexM0\ARM_GCC_493\Debug\WirellesLoad_v1.a(CyLFClk.o)
 .text.CySysWdtDisableCounterIsr
                0x00000000       0x28 .\CortexM0\ARM_GCC_493\Debug\WirellesLoad_v1.a(CyLFClk.o)
 .text.CySysTimerDelayUntilMatch
                0x00000000       0x6c .\CortexM0\ARM_GCC_493\Debug\WirellesLoad_v1.a(CyLFClk.o)
 .text.CySysTimerDelay
                0x00000000       0x3c .\CortexM0\ARM_GCC_493\Debug\WirellesLoad_v1.a(CyLFClk.o)
 .text.CySysWatchdogFeed
                0x00000000       0x60 .\CortexM0\ARM_GCC_493\Debug\WirellesLoad_v1.a(CyLFClk.o)
 .rodata        0x00000000        0xc .\CortexM0\ARM_GCC_493\Debug\WirellesLoad_v1.a(CyLFClk.o)
 .text          0x00000000        0x0 .\CortexM0\ARM_GCC_493\Debug\WirellesLoad_v1.a(NRF_IRQ.o)
 .data          0x00000000        0x0 .\CortexM0\ARM_GCC_493\Debug\WirellesLoad_v1.a(NRF_IRQ.o)
 .bss           0x00000000        0x0 .\CortexM0\ARM_GCC_493\Debug\WirellesLoad_v1.a(NRF_IRQ.o)
 .text.NRF_IRQ_Write
                0x00000000       0x18 .\CortexM0\ARM_GCC_493\Debug\WirellesLoad_v1.a(NRF_IRQ.o)
 .text.NRF_IRQ_SetDriveMode
                0x00000000       0x18 .\CortexM0\ARM_GCC_493\Debug\WirellesLoad_v1.a(NRF_IRQ.o)
 .text.NRF_IRQ_Read
                0x00000000       0x10 .\CortexM0\ARM_GCC_493\Debug\WirellesLoad_v1.a(NRF_IRQ.o)
 .text.NRF_IRQ_ReadDataReg
                0x00000000       0x10 .\CortexM0\ARM_GCC_493\Debug\WirellesLoad_v1.a(NRF_IRQ.o)
 .text.NRF_IRQ_ClearInterrupt
                0x00000000       0x14 .\CortexM0\ARM_GCC_493\Debug\WirellesLoad_v1.a(NRF_IRQ.o)
 .text          0x00000000        0x0 .\CortexM0\ARM_GCC_493\Debug\WirellesLoad_v1.a(OPT_IRQ.o)
 .data          0x00000000        0x0 .\CortexM0\ARM_GCC_493\Debug\WirellesLoad_v1.a(OPT_IRQ.o)
 .bss           0x00000000        0x0 .\CortexM0\ARM_GCC_493\Debug\WirellesLoad_v1.a(OPT_IRQ.o)
 .text.OPT_IRQ_Write
                0x00000000       0x18 .\CortexM0\ARM_GCC_493\Debug\WirellesLoad_v1.a(OPT_IRQ.o)
 .text.OPT_IRQ_SetDriveMode
                0x00000000       0x18 .\CortexM0\ARM_GCC_493\Debug\WirellesLoad_v1.a(OPT_IRQ.o)
 .text.OPT_IRQ_Read
                0x00000000       0x10 .\CortexM0\ARM_GCC_493\Debug\WirellesLoad_v1.a(OPT_IRQ.o)
 .text.OPT_IRQ_ReadDataReg
                0x00000000       0x10 .\CortexM0\ARM_GCC_493\Debug\WirellesLoad_v1.a(OPT_IRQ.o)
 .text.OPT_IRQ_ClearInterrupt
                0x00000000       0x14 .\CortexM0\ARM_GCC_493\Debug\WirellesLoad_v1.a(OPT_IRQ.o)
 .text          0x00000000        0x0 .\CortexM0\ARM_GCC_493\Debug\WirellesLoad_v1.a(TEMP_IRQ.o)
 .data          0x00000000        0x0 .\CortexM0\ARM_GCC_493\Debug\WirellesLoad_v1.a(TEMP_IRQ.o)
 .bss           0x00000000        0x0 .\CortexM0\ARM_GCC_493\Debug\WirellesLoad_v1.a(TEMP_IRQ.o)
 .text.TEMP_IRQ_Write
                0x00000000       0x18 .\CortexM0\ARM_GCC_493\Debug\WirellesLoad_v1.a(TEMP_IRQ.o)
 .text.TEMP_IRQ_SetDriveMode
                0x00000000       0x18 .\CortexM0\ARM_GCC_493\Debug\WirellesLoad_v1.a(TEMP_IRQ.o)
 .text.TEMP_IRQ_Read
                0x00000000       0x10 .\CortexM0\ARM_GCC_493\Debug\WirellesLoad_v1.a(TEMP_IRQ.o)
 .text.TEMP_IRQ_ReadDataReg
                0x00000000       0x10 .\CortexM0\ARM_GCC_493\Debug\WirellesLoad_v1.a(TEMP_IRQ.o)
 .text.TEMP_IRQ_ClearInterrupt
                0x00000000       0x14 .\CortexM0\ARM_GCC_493\Debug\WirellesLoad_v1.a(TEMP_IRQ.o)
 .text          0x00000000        0x0 .\CortexM0\ARM_GCC_493\Debug\WirellesLoad_v1.a(CRIT_TEMP_IRQ.o)
 .data          0x00000000        0x0 .\CortexM0\ARM_GCC_493\Debug\WirellesLoad_v1.a(CRIT_TEMP_IRQ.o)
 .bss           0x00000000        0x0 .\CortexM0\ARM_GCC_493\Debug\WirellesLoad_v1.a(CRIT_TEMP_IRQ.o)
 .text.CRIT_TEMP_IRQ_Write
                0x00000000       0x18 .\CortexM0\ARM_GCC_493\Debug\WirellesLoad_v1.a(CRIT_TEMP_IRQ.o)
 .text.CRIT_TEMP_IRQ_SetDriveMode
                0x00000000       0x18 .\CortexM0\ARM_GCC_493\Debug\WirellesLoad_v1.a(CRIT_TEMP_IRQ.o)
 .text.CRIT_TEMP_IRQ_Read
                0x00000000       0x10 .\CortexM0\ARM_GCC_493\Debug\WirellesLoad_v1.a(CRIT_TEMP_IRQ.o)
 .text.CRIT_TEMP_IRQ_ReadDataReg
                0x00000000       0x10 .\CortexM0\ARM_GCC_493\Debug\WirellesLoad_v1.a(CRIT_TEMP_IRQ.o)
 .text.CRIT_TEMP_IRQ_ClearInterrupt
                0x00000000       0x14 .\CortexM0\ARM_GCC_493\Debug\WirellesLoad_v1.a(CRIT_TEMP_IRQ.o)
 .text          0x00000000        0x0 .\CortexM0\ARM_GCC_493\Debug\WirellesLoad_v1.a(Button.o)
 .data          0x00000000        0x0 .\CortexM0\ARM_GCC_493\Debug\WirellesLoad_v1.a(Button.o)
 .bss           0x00000000        0x0 .\CortexM0\ARM_GCC_493\Debug\WirellesLoad_v1.a(Button.o)
 .text.Button_Write
                0x00000000       0x18 .\CortexM0\ARM_GCC_493\Debug\WirellesLoad_v1.a(Button.o)
 .text.Button_SetDriveMode
                0x00000000       0x18 .\CortexM0\ARM_GCC_493\Debug\WirellesLoad_v1.a(Button.o)
 .text.Button_Read
                0x00000000       0x10 .\CortexM0\ARM_GCC_493\Debug\WirellesLoad_v1.a(Button.o)
 .text.Button_ReadDataReg
                0x00000000       0x10 .\CortexM0\ARM_GCC_493\Debug\WirellesLoad_v1.a(Button.o)
 .text.Button_ClearInterrupt
                0x00000000       0x14 .\CortexM0\ARM_GCC_493\Debug\WirellesLoad_v1.a(Button.o)
 .text          0x00000000        0x0 .\CortexM0\ARM_GCC_493\Debug\WirellesLoad_v1.a(I2C_I2C_MASTER.o)
 .data          0x00000000        0x0 .\CortexM0\ARM_GCC_493\Debug\WirellesLoad_v1.a(I2C_I2C_MASTER.o)
 .bss           0x00000000        0x0 .\CortexM0\ARM_GCC_493\Debug\WirellesLoad_v1.a(I2C_I2C_MASTER.o)
 .text.I2C_I2CMasterSendStart
                0x00000000       0xd8 .\CortexM0\ARM_GCC_493\Debug\WirellesLoad_v1.a(I2C_I2C_MASTER.o)
 .text.I2C_I2CMasterSendStop
                0x00000000       0x8c .\CortexM0\ARM_GCC_493\Debug\WirellesLoad_v1.a(I2C_I2C_MASTER.o)
 .text.I2C_I2CMasterWriteByte
                0x00000000       0x98 .\CortexM0\ARM_GCC_493\Debug\WirellesLoad_v1.a(I2C_I2C_MASTER.o)
 .text.I2C_I2CMasterReadByte
                0x00000000       0x84 .\CortexM0\ARM_GCC_493\Debug\WirellesLoad_v1.a(I2C_I2C_MASTER.o)
 .text.I2C_I2CMasterGetReadBufSize
                0x00000000        0xc .\CortexM0\ARM_GCC_493\Debug\WirellesLoad_v1.a(I2C_I2C_MASTER.o)
 .text.I2C_I2CMasterGetWriteBufSize
                0x00000000        0xc .\CortexM0\ARM_GCC_493\Debug\WirellesLoad_v1.a(I2C_I2C_MASTER.o)
 .text.I2C_I2CMasterClearReadBuf
                0x00000000       0x28 .\CortexM0\ARM_GCC_493\Debug\WirellesLoad_v1.a(I2C_I2C_MASTER.o)
 .text.I2C_I2CMasterClearWriteBuf
                0x00000000       0x28 .\CortexM0\ARM_GCC_493\Debug\WirellesLoad_v1.a(I2C_I2C_MASTER.o)
 .text.I2C_I2CMasterStatus
                0x00000000       0x30 .\CortexM0\ARM_GCC_493\Debug\WirellesLoad_v1.a(I2C_I2C_MASTER.o)
 .text.I2C_I2CMasterClearStatus
                0x00000000       0x20 .\CortexM0\ARM_GCC_493\Debug\WirellesLoad_v1.a(I2C_I2C_MASTER.o)
 .text.I2C_I2CReStartGeneration
                0x00000000       0x90 .\CortexM0\ARM_GCC_493\Debug\WirellesLoad_v1.a(I2C_I2C_MASTER.o)
 .text.I2C_I2CMasterWriteBuf
                0x00000000       0xec .\CortexM0\ARM_GCC_493\Debug\WirellesLoad_v1.a(I2C_I2C_MASTER.o)
 .text.I2C_I2CMasterReadBuf
                0x00000000       0xfc .\CortexM0\ARM_GCC_493\Debug\WirellesLoad_v1.a(I2C_I2C_MASTER.o)
 .text.I2C_I2CMasterSendRestart
                0x00000000       0xc4 .\CortexM0\ARM_GCC_493\Debug\WirellesLoad_v1.a(I2C_I2C_MASTER.o)
 COMMON         0x00000000       0x24 .\CortexM0\ARM_GCC_493\Debug\WirellesLoad_v1.a(I2C_I2C_MASTER.o)
 .text          0x00000000        0x0 .\CortexM0\ARM_GCC_493\Debug\WirellesLoad_v1.a(I2C_sda.o)
 .data          0x00000000        0x0 .\CortexM0\ARM_GCC_493\Debug\WirellesLoad_v1.a(I2C_sda.o)
 .bss           0x00000000        0x0 .\CortexM0\ARM_GCC_493\Debug\WirellesLoad_v1.a(I2C_sda.o)
 .text.I2C_sda_Write
                0x00000000       0x18 .\CortexM0\ARM_GCC_493\Debug\WirellesLoad_v1.a(I2C_sda.o)
 .text.I2C_sda_SetDriveMode
                0x00000000       0x14 .\CortexM0\ARM_GCC_493\Debug\WirellesLoad_v1.a(I2C_sda.o)
 .text.I2C_sda_Read
                0x00000000       0x10 .\CortexM0\ARM_GCC_493\Debug\WirellesLoad_v1.a(I2C_sda.o)
 .text.I2C_sda_ReadDataReg
                0x00000000       0x10 .\CortexM0\ARM_GCC_493\Debug\WirellesLoad_v1.a(I2C_sda.o)
 .text.I2C_sda_ClearInterrupt
                0x00000000       0x14 .\CortexM0\ARM_GCC_493\Debug\WirellesLoad_v1.a(I2C_sda.o)
 .text          0x00000000        0x0 .\CortexM0\ARM_GCC_493\Debug\WirellesLoad_v1.a(I2C_scl.o)
 .data          0x00000000        0x0 .\CortexM0\ARM_GCC_493\Debug\WirellesLoad_v1.a(I2C_scl.o)
 .bss           0x00000000        0x0 .\CortexM0\ARM_GCC_493\Debug\WirellesLoad_v1.a(I2C_scl.o)
 .text.I2C_scl_Write
                0x00000000       0x18 .\CortexM0\ARM_GCC_493\Debug\WirellesLoad_v1.a(I2C_scl.o)
 .text.I2C_scl_SetDriveMode
                0x00000000       0x14 .\CortexM0\ARM_GCC_493\Debug\WirellesLoad_v1.a(I2C_scl.o)
 .text.I2C_scl_Read
                0x00000000       0x10 .\CortexM0\ARM_GCC_493\Debug\WirellesLoad_v1.a(I2C_scl.o)
 .text.I2C_scl_ReadDataReg
                0x00000000       0x10 .\CortexM0\ARM_GCC_493\Debug\WirellesLoad_v1.a(I2C_scl.o)
 .text.I2C_scl_ClearInterrupt
                0x00000000       0x10 .\CortexM0\ARM_GCC_493\Debug\WirellesLoad_v1.a(I2C_scl.o)
 .text          0x00000000        0x0 .\CortexM0\ARM_GCC_493\Debug\WirellesLoad_v1.a(Timer_RTOS_ISR.o)
 .data          0x00000000        0x0 .\CortexM0\ARM_GCC_493\Debug\WirellesLoad_v1.a(Timer_RTOS_ISR.o)
 .bss           0x00000000        0x0 .\CortexM0\ARM_GCC_493\Debug\WirellesLoad_v1.a(Timer_RTOS_ISR.o)
 .text.Timer_RTOS_ISR_Interrupt
                0x00000000        0x4 .\CortexM0\ARM_GCC_493\Debug\WirellesLoad_v1.a(Timer_RTOS_ISR.o)
 .text.Timer_RTOS_ISR_SetVector
                0x00000000        0xc .\CortexM0\ARM_GCC_493\Debug\WirellesLoad_v1.a(Timer_RTOS_ISR.o)
 .text.Timer_RTOS_ISR_GetVector
                0x00000000        0xc .\CortexM0\ARM_GCC_493\Debug\WirellesLoad_v1.a(Timer_RTOS_ISR.o)
 .text.Timer_RTOS_ISR_SetPriority
                0x00000000       0x24 .\CortexM0\ARM_GCC_493\Debug\WirellesLoad_v1.a(Timer_RTOS_ISR.o)
 .text.Timer_RTOS_ISR_GetPriority
                0x00000000       0x10 .\CortexM0\ARM_GCC_493\Debug\WirellesLoad_v1.a(Timer_RTOS_ISR.o)
 .text.Timer_RTOS_ISR_Enable
                0x00000000        0xc .\CortexM0\ARM_GCC_493\Debug\WirellesLoad_v1.a(Timer_RTOS_ISR.o)
 .text.Timer_RTOS_ISR_GetState
                0x00000000       0x14 .\CortexM0\ARM_GCC_493\Debug\WirellesLoad_v1.a(Timer_RTOS_ISR.o)
 .text.Timer_RTOS_ISR_Disable
                0x00000000        0xc .\CortexM0\ARM_GCC_493\Debug\WirellesLoad_v1.a(Timer_RTOS_ISR.o)
 .text.Timer_RTOS_ISR_Start
                0x00000000       0x1c .\CortexM0\ARM_GCC_493\Debug\WirellesLoad_v1.a(Timer_RTOS_ISR.o)
 .text.Timer_RTOS_ISR_StartEx
                0x00000000       0x1c .\CortexM0\ARM_GCC_493\Debug\WirellesLoad_v1.a(Timer_RTOS_ISR.o)
 .text.Timer_RTOS_ISR_Stop
                0x00000000       0x14 .\CortexM0\ARM_GCC_493\Debug\WirellesLoad_v1.a(Timer_RTOS_ISR.o)
 .text.Timer_RTOS_ISR_SetPending
                0x00000000        0xc .\CortexM0\ARM_GCC_493\Debug\WirellesLoad_v1.a(Timer_RTOS_ISR.o)
 .text.Timer_RTOS_ISR_ClearPending
                0x00000000        0xc .\CortexM0\ARM_GCC_493\Debug\WirellesLoad_v1.a(Timer_RTOS_ISR.o)
 .text          0x00000000        0x0 .\CortexM0\ARM_GCC_493\Debug\WirellesLoad_v1.a(Timer.o)
 .data          0x00000000        0x0 .\CortexM0\ARM_GCC_493\Debug\WirellesLoad_v1.a(Timer.o)
 .bss           0x00000000        0x1 .\CortexM0\ARM_GCC_493\Debug\WirellesLoad_v1.a(Timer.o)
 .text.Timer_Stop
                0x00000000       0x1c .\CortexM0\ARM_GCC_493\Debug\WirellesLoad_v1.a(Timer.o)
 .text.Timer_SetMode
                0x00000000       0x28 .\CortexM0\ARM_GCC_493\Debug\WirellesLoad_v1.a(Timer.o)
 .text.Timer_SetQDMode
                0x00000000       0x28 .\CortexM0\ARM_GCC_493\Debug\WirellesLoad_v1.a(Timer.o)
 .text.Timer_SetPrescaler
                0x00000000       0x28 .\CortexM0\ARM_GCC_493\Debug\WirellesLoad_v1.a(Timer.o)
 .text.Timer_SetOneShot
                0x00000000       0x2c .\CortexM0\ARM_GCC_493\Debug\WirellesLoad_v1.a(Timer.o)
 .text.Timer_SetPWMMode
                0x00000000       0x10 .\CortexM0\ARM_GCC_493\Debug\WirellesLoad_v1.a(Timer.o)
 .text.Timer_SetPWMSyncKill
                0x00000000       0x28 .\CortexM0\ARM_GCC_493\Debug\WirellesLoad_v1.a(Timer.o)
 .text.Timer_SetPWMStopOnKill
                0x00000000       0x28 .\CortexM0\ARM_GCC_493\Debug\WirellesLoad_v1.a(Timer.o)
 .text.Timer_SetPWMDeadTime
                0x00000000       0x2c .\CortexM0\ARM_GCC_493\Debug\WirellesLoad_v1.a(Timer.o)
 .text.Timer_SetPWMInvert
                0x00000000       0x28 .\CortexM0\ARM_GCC_493\Debug\WirellesLoad_v1.a(Timer.o)
 .text.Timer_WriteCounter
                0x00000000       0x10 .\CortexM0\ARM_GCC_493\Debug\WirellesLoad_v1.a(Timer.o)
 .text.Timer_ReadCounter
                0x00000000       0x10 .\CortexM0\ARM_GCC_493\Debug\WirellesLoad_v1.a(Timer.o)
 .text.Timer_SetCounterMode
                0x00000000       0x28 .\CortexM0\ARM_GCC_493\Debug\WirellesLoad_v1.a(Timer.o)
 .text.Timer_WritePeriod
                0x00000000       0x10 .\CortexM0\ARM_GCC_493\Debug\WirellesLoad_v1.a(Timer.o)
 .text.Timer_ReadPeriod
                0x00000000       0x10 .\CortexM0\ARM_GCC_493\Debug\WirellesLoad_v1.a(Timer.o)
 .text.Timer_SetCompareSwap
                0x00000000       0x24 .\CortexM0\ARM_GCC_493\Debug\WirellesLoad_v1.a(Timer.o)
 .text.Timer_WritePeriodBuf
                0x00000000       0x10 .\CortexM0\ARM_GCC_493\Debug\WirellesLoad_v1.a(Timer.o)
 .text.Timer_ReadPeriodBuf
                0x00000000       0x10 .\CortexM0\ARM_GCC_493\Debug\WirellesLoad_v1.a(Timer.o)
 .text.Timer_SetPeriodSwap
                0x00000000       0x28 .\CortexM0\ARM_GCC_493\Debug\WirellesLoad_v1.a(Timer.o)
 .text.Timer_WriteCompare
                0x00000000       0x10 .\CortexM0\ARM_GCC_493\Debug\WirellesLoad_v1.a(Timer.o)
 .text.Timer_ReadCompare
                0x00000000       0x10 .\CortexM0\ARM_GCC_493\Debug\WirellesLoad_v1.a(Timer.o)
 .text.Timer_WriteCompareBuf
                0x00000000       0x10 .\CortexM0\ARM_GCC_493\Debug\WirellesLoad_v1.a(Timer.o)
 .text.Timer_ReadCompareBuf
                0x00000000       0x10 .\CortexM0\ARM_GCC_493\Debug\WirellesLoad_v1.a(Timer.o)
 .text.Timer_ReadCapture
                0x00000000       0x10 .\CortexM0\ARM_GCC_493\Debug\WirellesLoad_v1.a(Timer.o)
 .text.Timer_ReadCaptureBuf
                0x00000000       0x10 .\CortexM0\ARM_GCC_493\Debug\WirellesLoad_v1.a(Timer.o)
 .text.Timer_SetCaptureMode
                0x00000000       0x24 .\CortexM0\ARM_GCC_493\Debug\WirellesLoad_v1.a(Timer.o)
 .text.Timer_SetReloadMode
                0x00000000       0x24 .\CortexM0\ARM_GCC_493\Debug\WirellesLoad_v1.a(Timer.o)
 .text.Timer_SetStartMode
                0x00000000       0x28 .\CortexM0\ARM_GCC_493\Debug\WirellesLoad_v1.a(Timer.o)
 .text.Timer_SetStopMode
                0x00000000       0x24 .\CortexM0\ARM_GCC_493\Debug\WirellesLoad_v1.a(Timer.o)
 .text.Timer_SetCountMode
                0x00000000       0x24 .\CortexM0\ARM_GCC_493\Debug\WirellesLoad_v1.a(Timer.o)
 .text.Timer_TriggerCommand
                0x00000000       0x1c .\CortexM0\ARM_GCC_493\Debug\WirellesLoad_v1.a(Timer.o)
 .text.Timer_Enable
                0x00000000       0x24 .\CortexM0\ARM_GCC_493\Debug\WirellesLoad_v1.a(Timer.o)
 .text.Timer_ReadStatus
                0x00000000       0x14 .\CortexM0\ARM_GCC_493\Debug\WirellesLoad_v1.a(Timer.o)
 .text.Timer_SetInterruptMode
                0x00000000        0xc .\CortexM0\ARM_GCC_493\Debug\WirellesLoad_v1.a(Timer.o)
 .text.Timer_Init
                0x00000000       0x30 .\CortexM0\ARM_GCC_493\Debug\WirellesLoad_v1.a(Timer.o)
 .text.Timer_Start
                0x00000000       0x20 .\CortexM0\ARM_GCC_493\Debug\WirellesLoad_v1.a(Timer.o)
 .text.Timer_GetInterruptSourceMasked
                0x00000000        0xc .\CortexM0\ARM_GCC_493\Debug\WirellesLoad_v1.a(Timer.o)
 .text.Timer_GetInterruptSource
                0x00000000        0xc .\CortexM0\ARM_GCC_493\Debug\WirellesLoad_v1.a(Timer.o)
 .text.Timer_ClearInterrupt
                0x00000000        0xc .\CortexM0\ARM_GCC_493\Debug\WirellesLoad_v1.a(Timer.o)
 .text.Timer_SetInterrupt
                0x00000000        0xc .\CortexM0\ARM_GCC_493\Debug\WirellesLoad_v1.a(Timer.o)
 .data          0x00000000        0x0 .\CortexM0\ARM_GCC_493\Debug\WirellesLoad_v1.a(CyBootAsmGnu.o)
 .bss           0x00000000        0x0 .\CortexM0\ARM_GCC_493\Debug\WirellesLoad_v1.a(CyBootAsmGnu.o)
 .text          0x00000000        0x0 .\CortexM0\ARM_GCC_493\Debug\WirellesLoad_v1.a(I2C_I2C.o)
 .data          0x00000000        0x0 .\CortexM0\ARM_GCC_493\Debug\WirellesLoad_v1.a(I2C_I2C.o)
 .bss           0x00000000        0x0 .\CortexM0\ARM_GCC_493\Debug\WirellesLoad_v1.a(I2C_I2C.o)
 .text.I2C_I2CInit
                0x00000000       0xcc .\CortexM0\ARM_GCC_493\Debug\WirellesLoad_v1.a(I2C_I2C.o)
 .text.I2C_I2CStop
                0x00000000        0xc .\CortexM0\ARM_GCC_493\Debug\WirellesLoad_v1.a(I2C_I2C.o)
 COMMON         0x00000000        0x1 .\CortexM0\ARM_GCC_493\Debug\WirellesLoad_v1.a(I2C_I2C.o)
 .text          0x00000000        0x0 .\CortexM0\ARM_GCC_493\Debug\WirellesLoad_v1.a(I2C_I2C_INT.o)
 .data          0x00000000        0x0 .\CortexM0\ARM_GCC_493\Debug\WirellesLoad_v1.a(I2C_I2C_INT.o)
 .bss           0x00000000        0x0 .\CortexM0\ARM_GCC_493\Debug\WirellesLoad_v1.a(I2C_I2C_INT.o)
 .text.I2C_I2C_ISR
                0x00000000      0x3a0 .\CortexM0\ARM_GCC_493\Debug\WirellesLoad_v1.a(I2C_I2C_INT.o)
 .text          0x00000000        0x0 .\CortexM0\ARM_GCC_493\Debug\WirellesLoad_v1.a(I2C.o)
 .data          0x00000000        0x0 .\CortexM0\ARM_GCC_493\Debug\WirellesLoad_v1.a(I2C.o)
 .bss           0x00000000        0x8 .\CortexM0\ARM_GCC_493\Debug\WirellesLoad_v1.a(I2C.o)
 .text.I2C_ScbEnableIntr
                0x00000000        0xc .\CortexM0\ARM_GCC_493\Debug\WirellesLoad_v1.a(I2C.o)
 .text.I2C_ScbModeStop
                0x00000000        0x8 .\CortexM0\ARM_GCC_493\Debug\WirellesLoad_v1.a(I2C.o)
 .text.I2C_Init
                0x00000000        0x8 .\CortexM0\ARM_GCC_493\Debug\WirellesLoad_v1.a(I2C.o)
 .text.I2C_Enable
                0x00000000       0x18 .\CortexM0\ARM_GCC_493\Debug\WirellesLoad_v1.a(I2C.o)
 .text.I2C_Start
                0x00000000       0x20 .\CortexM0\ARM_GCC_493\Debug\WirellesLoad_v1.a(I2C.o)
 .text.I2C_Stop
                0x00000000       0x2c .\CortexM0\ARM_GCC_493\Debug\WirellesLoad_v1.a(I2C.o)
 .text.I2C_SetRxFifoLevel
                0x00000000       0x14 .\CortexM0\ARM_GCC_493\Debug\WirellesLoad_v1.a(I2C.o)
 .text.I2C_SetTxFifoLevel
                0x00000000       0x14 .\CortexM0\ARM_GCC_493\Debug\WirellesLoad_v1.a(I2C.o)
 .text.I2C_SetCustomInterruptHandler
                0x00000000        0xc .\CortexM0\ARM_GCC_493\Debug\WirellesLoad_v1.a(I2C.o)
 .text.I2C_I2CSlaveNackGeneration
                0x00000000       0x3c .\CortexM0\ARM_GCC_493\Debug\WirellesLoad_v1.a(I2C.o)
 .text          0x00000000      0x120 c:/program files/cypress/psoc creator/3.3/psoc creator/import/gnu/arm/4.9.3/bin/../lib/gcc/arm-none-eabi/4.9.3/armv6-m\libgcc.a(_udivsi3.o)
 .data          0x00000000        0x0 c:/program files/cypress/psoc creator/3.3/psoc creator/import/gnu/arm/4.9.3/bin/../lib/gcc/arm-none-eabi/4.9.3/armv6-m\libgcc.a(_udivsi3.o)
 .bss           0x00000000        0x0 c:/program files/cypress/psoc creator/3.3/psoc creator/import/gnu/arm/4.9.3/bin/../lib/gcc/arm-none-eabi/4.9.3/armv6-m\libgcc.a(_udivsi3.o)
 .text          0x00000000        0x4 c:/program files/cypress/psoc creator/3.3/psoc creator/import/gnu/arm/4.9.3/bin/../lib/gcc/arm-none-eabi/4.9.3/armv6-m\libgcc.a(_dvmd_tls.o)
 .data          0x00000000        0x0 c:/program files/cypress/psoc creator/3.3/psoc creator/import/gnu/arm/4.9.3/bin/../lib/gcc/arm-none-eabi/4.9.3/armv6-m\libgcc.a(_dvmd_tls.o)
 .bss           0x00000000        0x0 c:/program files/cypress/psoc creator/3.3/psoc creator/import/gnu/arm/4.9.3/bin/../lib/gcc/arm-none-eabi/4.9.3/armv6-m\libgcc.a(_dvmd_tls.o)
 .text          0x00000000        0x0 c:/program files/cypress/psoc creator/3.3/psoc creator/import/gnu/arm/4.9.3/bin/../lib/gcc/arm-none-eabi/4.9.3/../../../../arm-none-eabi/lib/armv6-m\libg_nano.a(lib_a-errno.o)
 .data          0x00000000        0x0 c:/program files/cypress/psoc creator/3.3/psoc creator/import/gnu/arm/4.9.3/bin/../lib/gcc/arm-none-eabi/4.9.3/../../../../arm-none-eabi/lib/armv6-m\libg_nano.a(lib_a-errno.o)
 .bss           0x00000000        0x0 c:/program files/cypress/psoc creator/3.3/psoc creator/import/gnu/arm/4.9.3/bin/../lib/gcc/arm-none-eabi/4.9.3/../../../../arm-none-eabi/lib/armv6-m\libg_nano.a(lib_a-errno.o)
 .text.__errno  0x00000000        0xc c:/program files/cypress/psoc creator/3.3/psoc creator/import/gnu/arm/4.9.3/bin/../lib/gcc/arm-none-eabi/4.9.3/../../../../arm-none-eabi/lib/armv6-m\libg_nano.a(lib_a-errno.o)
 .text          0x00000000        0x0 c:/program files/cypress/psoc creator/3.3/psoc creator/import/gnu/arm/4.9.3/bin/../lib/gcc/arm-none-eabi/4.9.3/../../../../arm-none-eabi/lib/armv6-m\libg_nano.a(lib_a-exit.o)
 .data          0x00000000        0x0 c:/program files/cypress/psoc creator/3.3/psoc creator/import/gnu/arm/4.9.3/bin/../lib/gcc/arm-none-eabi/4.9.3/../../../../arm-none-eabi/lib/armv6-m\libg_nano.a(lib_a-exit.o)
 .bss           0x00000000        0x0 c:/program files/cypress/psoc creator/3.3/psoc creator/import/gnu/arm/4.9.3/bin/../lib/gcc/arm-none-eabi/4.9.3/../../../../arm-none-eabi/lib/armv6-m\libg_nano.a(lib_a-exit.o)
 .text.exit     0x00000000       0x2c c:/program files/cypress/psoc creator/3.3/psoc creator/import/gnu/arm/4.9.3/bin/../lib/gcc/arm-none-eabi/4.9.3/../../../../arm-none-eabi/lib/armv6-m\libg_nano.a(lib_a-exit.o)
 .text          0x00000000        0x0 c:/program files/cypress/psoc creator/3.3/psoc creator/import/gnu/arm/4.9.3/bin/../lib/gcc/arm-none-eabi/4.9.3/../../../../arm-none-eabi/lib/armv6-m\libg_nano.a(lib_a-impure.o)
 .data          0x00000000        0x0 c:/program files/cypress/psoc creator/3.3/psoc creator/import/gnu/arm/4.9.3/bin/../lib/gcc/arm-none-eabi/4.9.3/../../../../arm-none-eabi/lib/armv6-m\libg_nano.a(lib_a-impure.o)
 .bss           0x00000000        0x0 c:/program files/cypress/psoc creator/3.3/psoc creator/import/gnu/arm/4.9.3/bin/../lib/gcc/arm-none-eabi/4.9.3/../../../../arm-none-eabi/lib/armv6-m\libg_nano.a(lib_a-impure.o)
 .data.impure_data
                0x00000000       0x60 c:/program files/cypress/psoc creator/3.3/psoc creator/import/gnu/arm/4.9.3/bin/../lib/gcc/arm-none-eabi/4.9.3/../../../../arm-none-eabi/lib/armv6-m\libg_nano.a(lib_a-impure.o)
 .data._impure_ptr
                0x00000000        0x4 c:/program files/cypress/psoc creator/3.3/psoc creator/import/gnu/arm/4.9.3/bin/../lib/gcc/arm-none-eabi/4.9.3/../../../../arm-none-eabi/lib/armv6-m\libg_nano.a(lib_a-impure.o)
 .rodata.str1.1
                0x00000000        0x2 c:/program files/cypress/psoc creator/3.3/psoc creator/import/gnu/arm/4.9.3/bin/../lib/gcc/arm-none-eabi/4.9.3/../../../../arm-none-eabi/lib/armv6-m\libg_nano.a(lib_a-impure.o)
 .rodata._global_impure_ptr
                0x00000000        0x4 c:/program files/cypress/psoc creator/3.3/psoc creator/import/gnu/arm/4.9.3/bin/../lib/gcc/arm-none-eabi/4.9.3/../../../../arm-none-eabi/lib/armv6-m\libg_nano.a(lib_a-impure.o)
 .text          0x00000000        0x0 c:/program files/cypress/psoc creator/3.3/psoc creator/import/gnu/arm/4.9.3/bin/../lib/gcc/arm-none-eabi/4.9.3/../../../../arm-none-eabi/lib/armv6-m\libg_nano.a(lib_a-init.o)
 .data          0x00000000        0x0 c:/program files/cypress/psoc creator/3.3/psoc creator/import/gnu/arm/4.9.3/bin/../lib/gcc/arm-none-eabi/4.9.3/../../../../arm-none-eabi/lib/armv6-m\libg_nano.a(lib_a-init.o)
 .bss           0x00000000        0x0 c:/program files/cypress/psoc creator/3.3/psoc creator/import/gnu/arm/4.9.3/bin/../lib/gcc/arm-none-eabi/4.9.3/../../../../arm-none-eabi/lib/armv6-m\libg_nano.a(lib_a-init.o)
 .text          0x00000000        0x0 c:/program files/cypress/psoc creator/3.3/psoc creator/import/gnu/arm/4.9.3/bin/../lib/gcc/arm-none-eabi/4.9.3/../../../../arm-none-eabi/lib/armv6-m\libg_nano.a(lib_a-memset.o)
 .data          0x00000000        0x0 c:/program files/cypress/psoc creator/3.3/psoc creator/import/gnu/arm/4.9.3/bin/../lib/gcc/arm-none-eabi/4.9.3/../../../../arm-none-eabi/lib/armv6-m\libg_nano.a(lib_a-memset.o)
 .bss           0x00000000        0x0 c:/program files/cypress/psoc creator/3.3/psoc creator/import/gnu/arm/4.9.3/bin/../lib/gcc/arm-none-eabi/4.9.3/../../../../arm-none-eabi/lib/armv6-m\libg_nano.a(lib_a-memset.o)
 .text          0x00000000        0x0 c:/program files/cypress/psoc creator/3.3/psoc creator/import/gnu/arm/4.9.3/bin/../lib/gcc/arm-none-eabi/4.9.3/../../../../arm-none-eabi/lib/armv6-m\libg_nano.a(lib_a-strncat.o)
 .data          0x00000000        0x0 c:/program files/cypress/psoc creator/3.3/psoc creator/import/gnu/arm/4.9.3/bin/../lib/gcc/arm-none-eabi/4.9.3/../../../../arm-none-eabi/lib/armv6-m\libg_nano.a(lib_a-strncat.o)
 .bss           0x00000000        0x0 c:/program files/cypress/psoc creator/3.3/psoc creator/import/gnu/arm/4.9.3/bin/../lib/gcc/arm-none-eabi/4.9.3/../../../../arm-none-eabi/lib/armv6-m\libg_nano.a(lib_a-strncat.o)
 .text.strncat  0x00000000       0x28 c:/program files/cypress/psoc creator/3.3/psoc creator/import/gnu/arm/4.9.3/bin/../lib/gcc/arm-none-eabi/4.9.3/../../../../arm-none-eabi/lib/armv6-m\libg_nano.a(lib_a-strncat.o)
 .text          0x00000000        0x0 c:/program files/cypress/psoc creator/3.3/psoc creator/import/gnu/arm/4.9.3/bin/../lib/gcc/arm-none-eabi/4.9.3/armv6-m/crtend.o
 .data          0x00000000        0x0 c:/program files/cypress/psoc creator/3.3/psoc creator/import/gnu/arm/4.9.3/bin/../lib/gcc/arm-none-eabi/4.9.3/armv6-m/crtend.o
 .bss           0x00000000        0x0 c:/program files/cypress/psoc creator/3.3/psoc creator/import/gnu/arm/4.9.3/bin/../lib/gcc/arm-none-eabi/4.9.3/armv6-m/crtend.o
 .text          0x00000000        0x0 c:/program files/cypress/psoc creator/3.3/psoc creator/import/gnu/arm/4.9.3/bin/../lib/gcc/arm-none-eabi/4.9.3/armv6-m/crtn.o
 .data          0x00000000        0x0 c:/program files/cypress/psoc creator/3.3/psoc creator/import/gnu/arm/4.9.3/bin/../lib/gcc/arm-none-eabi/4.9.3/armv6-m/crtn.o
 .bss           0x00000000        0x0 c:/program files/cypress/psoc creator/3.3/psoc creator/import/gnu/arm/4.9.3/bin/../lib/gcc/arm-none-eabi/4.9.3/armv6-m/crtn.o

Memory Configuration

Name             Origin             Length             Attributes
rom              0x00000000         0x00008000         xr
ram              0x20000000         0x00001000         xrw
*default*        0x00000000         0xffffffff

Linker script and memory map

LOAD c:/program files/cypress/psoc creator/3.3/psoc creator/import/gnu/arm/4.9.3/bin/../lib/gcc/arm-none-eabi/4.9.3/armv6-m/crti.o
LOAD c:/program files/cypress/psoc creator/3.3/psoc creator/import/gnu/arm/4.9.3/bin/../lib/gcc/arm-none-eabi/4.9.3/armv6-m/crtbegin.o
LOAD c:/program files/cypress/psoc creator/3.3/psoc creator/import/gnu/arm/4.9.3/bin/../lib/gcc/arm-none-eabi/4.9.3/../../../../arm-none-eabi/lib/armv6-m/crt0.o
START GROUP
LOAD .\CortexM0\ARM_GCC_493\Debug\main.o
LOAD .\CortexM0\ARM_GCC_493\Debug\MyLib.o
LOAD .\CortexM0\ARM_GCC_493\Debug\TaskDispatcher.o
LOAD .\CortexM0\ARM_GCC_493\Debug\OPT3001.o
LOAD .\CortexM0\ARM_GCC_493\Debug\SysClock.o
LOAD .\CortexM0\ARM_GCC_493\Debug\cymetadata.o
LOAD .\CortexM0\ARM_GCC_493\Debug\Cm0Start.o
LOAD .\CortexM0\ARM_GCC_493\Debug\WirellesLoad_v1.a
LOAD C:\Program Files\Cypress\PSoC Creator\3.3\PSoC Creator\psoc\content\cycomponentlibrary\CyComponentLibrary.cylib\CortexM0\ARM_GCC_493\Debug\CyComponentLibrary.a
END GROUP
START GROUP
LOAD c:/program files/cypress/psoc creator/3.3/psoc creator/import/gnu/arm/4.9.3/bin/../lib/gcc/arm-none-eabi/4.9.3/armv6-m\libgcc.a
LOAD c:/program files/cypress/psoc creator/3.3/psoc creator/import/gnu/arm/4.9.3/bin/../lib/gcc/arm-none-eabi/4.9.3/../../../../arm-none-eabi/lib/armv6-m\libg_nano.a
LOAD c:/program files/cypress/psoc creator/3.3/psoc creator/import/gnu/arm/4.9.3/bin/../lib/gcc/arm-none-eabi/4.9.3/../../../../arm-none-eabi/lib/armv6-m\libc_nano.a
END GROUP
START GROUP
LOAD c:/program files/cypress/psoc creator/3.3/psoc creator/import/gnu/arm/4.9.3/bin/../lib/gcc/arm-none-eabi/4.9.3/armv6-m\libgcc.a
LOAD c:/program files/cypress/psoc creator/3.3/psoc creator/import/gnu/arm/4.9.3/bin/../lib/gcc/arm-none-eabi/4.9.3/../../../../arm-none-eabi/lib/armv6-m\libc_nano.a
END GROUP
LOAD c:/program files/cypress/psoc creator/3.3/psoc creator/import/gnu/arm/4.9.3/bin/../lib/gcc/arm-none-eabi/4.9.3/armv6-m/crtend.o
LOAD c:/program files/cypress/psoc creator/3.3/psoc creator/import/gnu/arm/4.9.3/bin/../lib/gcc/arm-none-eabi/4.9.3/armv6-m/crtn.o
START GROUP
LOAD c:/program files/cypress/psoc creator/3.3/psoc creator/import/gnu/arm/4.9.3/bin/../lib/gcc/arm-none-eabi/4.9.3/armv6-m\libgcc.a
LOAD c:/program files/cypress/psoc creator/3.3/psoc creator/import/gnu/arm/4.9.3/bin/../lib/gcc/arm-none-eabi/4.9.3/../../../../arm-none-eabi/lib/armv6-m\libc.a
LOAD c:/program files/cypress/psoc creator/3.3/psoc creator/import/gnu/arm/4.9.3/bin/../lib/gcc/arm-none-eabi/4.9.3/../../../../arm-none-eabi/lib/armv6-m\libnosys.a
END GROUP
                0x00000000                CY_APPL_ORIGIN = 0x0
                0x00000080                CY_FLASH_ROW_SIZE = 0x80
                0x00000001                CY_APPL_NUM = 0x1
                0x00000001                CY_APPL_MAX = 0x1
                0x00000040                CY_METADATA_SIZE = 0x40
                0x00000000                CY_APPL_LOADABLE = 0x0
                0x00000000                CY_CHECKSUM_EXCLUDE_SIZE = ALIGN (0x0, CY_FLASH_ROW_SIZE)
                0x00000000                CY_APP_FOR_STACK_AND_COPIER = 0x0
                0x20000118                PROVIDE (__cy_heap_start, _end)
                0x00000001                PROVIDE (__cy_region_num, ((__cy_regions_end - __cy_regions) / 0x10))
                0x20001000                PROVIDE (__cy_stack, (ORIGIN (ram) + 0x1000))
                0x20000c00                PROVIDE (__cy_heap_end, (__cy_stack - 0x400))

.cybootloader   0x00000000        0x0
 *(.cybootloader)
                0x00000000                appl1_start = CY_APPL_ORIGIN?CY_APPL_ORIGIN:ALIGN (CY_FLASH_ROW_SIZE)
                0x00003f80                appl2_start = (appl1_start + ALIGN ((((0x8000 - appl1_start) - (0x2 * CY_FLASH_ROW_SIZE)) / 0x2), CY_FLASH_ROW_SIZE))
                0x00000000                appl_start = (CY_APPL_NUM == 0x1)?appl1_start:appl2_start
                0x00000001                cy_project_type_bootloader = (appl_start == 0x0)?0x1:0x0
                0x00000000                cy_project_type_app_for_stack_and_copier = (CY_APP_FOR_STACK_AND_COPIER == 0x1)?0x1:0x0

.text           0x00000000      0x6c4
 CREATE_OBJECT_SYMBOLS
                0x00000000                PROVIDE (__cy_interrupt_vector, RomVectors)
 *(.romvectors)
 .romvectors    0x00000000       0x10 .\CortexM0\ARM_GCC_493\Debug\Cm0Start.o
                0x00000000                RomVectors
                0x00000001                ASSERT ((. != __cy_interrupt_vector), No interrupt vector)
                0x00000001                ASSERT (CY_APPL_ORIGIN?(SIZEOF (.cybootloader) <= CY_APPL_ORIGIN):0x1, Wrong image location)
                0x00000010                PROVIDE (__cy_reset, Reset)
 *(.text.Reset)
 .text.Reset    0x00000010        0x8 .\CortexM0\ARM_GCC_493\Debug\Cm0Start.o
                0x00000010                Reset
                0x00000001                ASSERT ((. != __cy_reset), No reset code)
 *(.psocinit)
 .psocinit      0x00000018      0x1ec .\CortexM0\ARM_GCC_493\Debug\WirellesLoad_v1.a(cyfitter_cfg.o)
                0x000000bc                cyfitter_cfg
                0x00000204                . = MAX (., 0x100)
 *(.text .text.* .gnu.linkonce.t.*)
 .text          0x00000204       0x60 c:/program files/cypress/psoc creator/3.3/psoc creator/import/gnu/arm/4.9.3/bin/../lib/gcc/arm-none-eabi/4.9.3/armv6-m/crtbegin.o
 .text.main     0x00000264        0x4 .\CortexM0\ARM_GCC_493\Debug\main.o
                0x00000264                main
 .text.IntDefaultHandler
                0x00000268        0x4 .\CortexM0\ARM_GCC_493\Debug\Cm0Start.o
                0x00000268                IntDefaultHandler
 .text.Start_c  0x0000026c       0x48 .\CortexM0\ARM_GCC_493\Debug\Cm0Start.o
                0x0000026c                Start_c
 .text.initialize_psoc
                0x000002b4       0x48 .\CortexM0\ARM_GCC_493\Debug\Cm0Start.o
                0x000002b4                initialize_psoc
 .text.cfg_write_bytes32
                0x000002fc       0x34 .\CortexM0\ARM_GCC_493\Debug\WirellesLoad_v1.a(cyfitter_cfg.o)
 .text.CYMEMZERO
                0x00000330        0xc .\CortexM0\ARM_GCC_493\Debug\WirellesLoad_v1.a(cyfitter_cfg.o)
 .text.CyIntEnable
                0x0000033c       0x14 .\CortexM0\ARM_GCC_493\Debug\WirellesLoad_v1.a(CyLib.o)
                0x0000033c                CyIntEnable
 .text.CyHalt   0x00000350        0x4 .\CortexM0\ARM_GCC_493\Debug\WirellesLoad_v1.a(CyLib.o)
                0x00000350                CyHalt
 .text.CyIntSetVector
                0x00000354       0x24 .\CortexM0\ARM_GCC_493\Debug\WirellesLoad_v1.a(CyLib.o)
                0x00000354                CyIntSetVector
 .text.CyDelayUs
                0x00000378       0x14 .\CortexM0\ARM_GCC_493\Debug\WirellesLoad_v1.a(CyLib.o)
                0x00000378                CyDelayUs
 .text.CySysClkWriteImoFreq
                0x0000038c      0x164 .\CortexM0\ARM_GCC_493\Debug\WirellesLoad_v1.a(CyLib.o)
                0x0000038c                CySysClkWriteImoFreq
 .text.CySysWdtLocked
                0x000004f0       0x14 .\CortexM0\ARM_GCC_493\Debug\WirellesLoad_v1.a(CyLFClk.o)
 .text.CySysWdtLock
                0x00000504       0x1c .\CortexM0\ARM_GCC_493\Debug\WirellesLoad_v1.a(CyLFClk.o)
                0x00000504                CySysWdtLock
 .text.CySysWdtUnlock
                0x00000520       0x30 .\CortexM0\ARM_GCC_493\Debug\WirellesLoad_v1.a(CyLFClk.o)
                0x00000520                CySysWdtUnlock
 .text.CySysWdtClearInterrupt
                0x00000550       0x4c .\CortexM0\ARM_GCC_493\Debug\WirellesLoad_v1.a(CyLFClk.o)
                0x00000550                CySysWdtClearInterrupt
 .text.CySysWdtIsr
                0x0000059c       0xa4 .\CortexM0\ARM_GCC_493\Debug\WirellesLoad_v1.a(CyLFClk.o)
                0x0000059c                CySysWdtIsr
 .text          0x00000640       0x28 .\CortexM0\ARM_GCC_493\Debug\WirellesLoad_v1.a(CyBootAsmGnu.o)
                0x00000640                CyDelayCycles
                0x00000654                CyEnterCriticalSection
                0x0000065c                CyExitCriticalSection
 .text.__libc_init_array
                0x00000668       0x4c c:/program files/cypress/psoc creator/3.3/psoc creator/import/gnu/arm/4.9.3/bin/../lib/gcc/arm-none-eabi/4.9.3/../../../../arm-none-eabi/lib/armv6-m\libg_nano.a(lib_a-init.o)
                0x00000668                __libc_init_array
 .text.memset   0x000006b4       0x10 c:/program files/cypress/psoc creator/3.3/psoc creator/import/gnu/arm/4.9.3/bin/../lib/gcc/arm-none-eabi/4.9.3/../../../../arm-none-eabi/lib/armv6-m\libg_nano.a(lib_a-memset.o)
                0x000006b4                memset
 *(.plt)
 *(.gnu.warning)
 *(.glue_7t)
 .glue_7t       0x00000000        0x0 linker stubs
 *(.glue_7)
 .glue_7        0x00000000        0x0 linker stubs
 *(.vfp11_veneer)
 .vfp11_veneer  0x00000000        0x0 linker stubs
 *(.bootloader)
 *(.ARM.extab* .gnu.linkonce.armextab.*)
 *(.gcc_except_table)

.v4_bx          0x000006c4        0x0
 .v4_bx         0x00000000        0x0 linker stubs

.iplt           0x000006c4        0x0
 .iplt          0x00000000        0x0 c:/program files/cypress/psoc creator/3.3/psoc creator/import/gnu/arm/4.9.3/bin/../lib/gcc/arm-none-eabi/4.9.3/armv6-m/crtbegin.o

.eh_frame_hdr
 *(.eh_frame_hdr)

.eh_frame       0x000006c4        0x4
 *(.eh_frame)
 .eh_frame      0x000006c4        0x0 c:/program files/cypress/psoc creator/3.3/psoc creator/import/gnu/arm/4.9.3/bin/../lib/gcc/arm-none-eabi/4.9.3/armv6-m/crtbegin.o
 .eh_frame      0x000006c4        0x4 c:/program files/cypress/psoc creator/3.3/psoc creator/import/gnu/arm/4.9.3/bin/../lib/gcc/arm-none-eabi/4.9.3/armv6-m/crtend.o
                0x000006c8                PROVIDE (__exidx_start, .)

.ARM.exidx
 *(.ARM.exidx* .gnu.linkonce.armexidx.*)
                0x000006c8                __exidx_end = .

.rodata         0x000006c8      0x100
 *(.rodata .rodata.* .gnu.linkonce.r.*)
 .rodata        0x000006c8       0x9c .\CortexM0\ARM_GCC_493\Debug\WirellesLoad_v1.a(cyfitter_cfg.o)
 .rodata        0x00000764       0x30 .\CortexM0\ARM_GCC_493\Debug\WirellesLoad_v1.a(CyLib.o)
                0x00000764                cyImoFreqMhz2Reg
                0x00000794                . = ALIGN (0x4)
 *(.init)
 .init          0x00000794        0x4 c:/program files/cypress/psoc creator/3.3/psoc creator/import/gnu/arm/4.9.3/bin/../lib/gcc/arm-none-eabi/4.9.3/armv6-m/crti.o
                0x00000794                _init
 .init          0x00000798        0x8 c:/program files/cypress/psoc creator/3.3/psoc creator/import/gnu/arm/4.9.3/bin/../lib/gcc/arm-none-eabi/4.9.3/armv6-m/crtn.o
                0x000007a0                . = ALIGN (0x4)
                0x000007a0                __preinit_array_start = .
 *(.preinit_array)
                0x000007a0                __preinit_array_end = .
                0x000007a0                . = ALIGN (0x4)
                0x000007a0                __init_array_start = .
 *(SORT(.init_array.*))
 *(.init_array)
 .init_array    0x000007a0        0x4 c:/program files/cypress/psoc creator/3.3/psoc creator/import/gnu/arm/4.9.3/bin/../lib/gcc/arm-none-eabi/4.9.3/armv6-m/crtbegin.o
 .init_array    0x000007a4        0x4 .\CortexM0\ARM_GCC_493\Debug\Cm0Start.o
                0x000007a8                __init_array_end = .
                0x000007a8                . = ALIGN (0x4)
 *(.fini)
 .fini          0x000007a8        0x4 c:/program files/cypress/psoc creator/3.3/psoc creator/import/gnu/arm/4.9.3/bin/../lib/gcc/arm-none-eabi/4.9.3/armv6-m/crti.o
                0x000007a8                _fini
 .fini          0x000007ac        0x8 c:/program files/cypress/psoc creator/3.3/psoc creator/import/gnu/arm/4.9.3/bin/../lib/gcc/arm-none-eabi/4.9.3/armv6-m/crtn.o
                0x000007b4                . = ALIGN (0x4)
                0x000007b4                __fini_array_start = .
 *(.fini_array)
 .fini_array    0x000007b4        0x4 c:/program files/cypress/psoc creator/3.3/psoc creator/import/gnu/arm/4.9.3/bin/../lib/gcc/arm-none-eabi/4.9.3/armv6-m/crtbegin.o
 *(SORT(.fini_array.*))
                0x000007b8                __fini_array_end = .
                0x000007b8                . = ALIGN (0x4)
 *crtbegin.o(.ctors)
 *(EXCLUDE_FILE(*crtend.o) .ctors)
 *(SORT(.ctors.*))
 *crtend.o(.ctors)
                0x000007b8                . = ALIGN (0x4)
 *crtbegin.o(.dtors)
 *(EXCLUDE_FILE(*crtend.o) .dtors)
 *(SORT(.dtors.*))
 *crtend.o(.dtors)
                0x000007b8                . = ALIGN (0x4)
                0x000007b8                __cy_regions = .
                0x000007b8        0x4 LONG 0x7c8 __cy_region_init_ram
                0x000007bc        0x4 LONG 0x200000c8 __cy_region_start_data
                0x000007c0        0x4 LONG 0x18 __cy_region_init_size_ram
                0x000007c4        0x4 LONG 0x38 __cy_region_zero_size_ram
                0x000007c8                __cy_regions_end = .
                0x000007c8                . = ALIGN (0x8)
                0x000007c8                _etext = .

.cy_checksum_exclude
                0x000007c8        0x0
 *(.cy_checksum_exclude)

.ramvectors     0x20000000       0xc0
                0x20000000                __cy_region_start_ram = .
 *(.ramvectors)
 .ramvectors    0x20000000       0xc0 .\CortexM0\ARM_GCC_493\Debug\Cm0Start.o
                0x20000000                CyRamVectors

.noinit         0x200000c0        0x4
 *(.noinit)
 .noinit        0x200000c0        0x4 .\CortexM0\ARM_GCC_493\Debug\Cm0Start.o

.data           0x200000c8       0x18 load address 0x000007c8
                0x200000c8                __cy_region_start_data = .
 *(.jcr)
 .jcr           0x200000c8        0x0 c:/program files/cypress/psoc creator/3.3/psoc creator/import/gnu/arm/4.9.3/bin/../lib/gcc/arm-none-eabi/4.9.3/armv6-m/crtbegin.o
 .jcr           0x200000c8        0x4 c:/program files/cypress/psoc creator/3.3/psoc creator/import/gnu/arm/4.9.3/bin/../lib/gcc/arm-none-eabi/4.9.3/armv6-m/crtend.o
 *(.got.plt)
 *(.got)
 *(.shdata)
 *(.data .data.* .gnu.linkonce.d.*)
 .data          0x200000cc       0x10 .\CortexM0\ARM_GCC_493\Debug\WirellesLoad_v1.a(CyLib.o)
                0x200000cc                cydelay32kMs
                0x200000d0                cydelayFreqKhz
                0x200000d4                cydelayFreqMhz
                0x200000d8                cydelayFreqHz
 .data          0x200000dc        0x4 .\CortexM0\ARM_GCC_493\Debug\WirellesLoad_v1.a(CyLFClk.o)
                0x200000e0                . = ALIGN (0x8)
 *(.ram)
                0x200000e0                _edata = .

.igot.plt       0x200000e0        0x0 load address 0x000007e0
 .igot.plt      0x00000000        0x0 c:/program files/cypress/psoc creator/3.3/psoc creator/import/gnu/arm/4.9.3/bin/../lib/gcc/arm-none-eabi/4.9.3/armv6-m/crtbegin.o

.bss            0x200000e0       0x38 load address 0x000007e0
                0x200000e0                PROVIDE (__bss_start__, .)
 *(.shbss)
 *(.bss .bss.* .gnu.linkonce.b.*)
 .bss           0x200000e0       0x1c c:/program files/cypress/psoc creator/3.3/psoc creator/import/gnu/arm/4.9.3/bin/../lib/gcc/arm-none-eabi/4.9.3/armv6-m/crtbegin.o
 .bss           0x200000fc       0x1c .\CortexM0\ARM_GCC_493\Debug\WirellesLoad_v1.a(CyLFClk.o)
 *(COMMON)
                0x20000118                . = ALIGN (0x8)
 *(.ram.b)
                0x20000118                _end = .
                0x20000118                __end = .
                0x20000118                PROVIDE (end, .)
                0x20000118                PROVIDE (__bss_end__, .)
                0x000007c8                __cy_region_init_ram = LOADADDR (.data)
                0x00000018                __cy_region_init_size_ram = (_edata - ADDR (.data))
                0x00000038                __cy_region_zero_size_ram = (_end - _edata)

.heap           0x20000118       0x80 load address 0x000007e0
                0x20000118                . = _end
                0x20000198                . = (. + 0x80)
 *fill*         0x20000118       0x80 
                0x20000198                __cy_heap_limit = .

.stack          0x20000c00      0x400
                0x20000c00                __cy_stack_limit = .
                0x20001000                . = (. + 0x400)
 *fill*         0x20000c00      0x400 
                0x00000001                ASSERT ((__cy_stack_limit >= __cy_heap_limit), region RAM overflowed with stack)
                0x00000000                cy_checksum_exclude_size = (CY_APPL_LOADABLE == 0x1)?SIZEOF (.cy_checksum_exclude):0x0
                0x00000001                ASSERT ((cy_checksum_exclude_size <= CY_CHECKSUM_EXCLUDE_SIZE), CY_BOOT: Section .cy_checksum_exclude size exceedes specified limit.)
                0x00007fc0                cyloadermeta_start = (cy_project_type_bootloader || cy_project_type_app_for_stack_and_copier)?(0x8000 - CY_METADATA_SIZE):0xf0000000

.cyloadermeta
 *(.cyloadermeta)
                0x00007fc0                cyloadablemeta_start = cy_project_type_app_for_stack_and_copier?((0x8000 - CY_FLASH_ROW_SIZE) - CY_METADATA_SIZE):((0x8000 - (CY_FLASH_ROW_SIZE * (CY_APPL_NUM - 0x1))) - CY_METADATA_SIZE)

.cyloadablemeta
 *(.cyloadablemeta)

.cyflashprotect
                0x90400000       0x20
 *(.cyflashprotect)
 .cyflashprotect
                0x90400000       0x20 .\CortexM0\ARM_GCC_493\Debug\cymetadata.o
                0x90400000                cy_meta_flashprotect

.cymeta         0x90500000        0xc
 *(.cymeta)
 .cymeta        0x90500000        0xc .\CortexM0\ARM_GCC_493\Debug\cymetadata.o
                0x90500000                cy_metadata

.cychipprotect  0x90600000        0x4
 *(.cychipprotect)
 .cychipprotect
                0x90600000        0x4 .\CortexM0\ARM_GCC_493\Debug\cymetadata.o
                0x90600000                cy_meta_chipprotect

.rel.dyn        0x000007e0        0x0 load address 0x90600004
 .rel.iplt      0x00000000        0x0 c:/program files/cypress/psoc creator/3.3/psoc creator/import/gnu/arm/4.9.3/bin/../lib/gcc/arm-none-eabi/4.9.3/armv6-m/crtbegin.o

.stab
 *(.stab)

.stabstr
 *(.stabstr)

.debug
 *(.debug)

.line
 *(.line)

.debug_srcinfo
 *(.debug_srcinfo)

.debug_sfnames
 *(.debug_sfnames)

.debug_aranges  0x00000000      0x938
 *(.debug_aranges)
 .debug_aranges
                0x00000000       0x20 .\CortexM0\ARM_GCC_493\Debug\main.o
 .debug_aranges
                0x00000020       0x28 .\CortexM0\ARM_GCC_493\Debug\MyLib.o
 .debug_aranges
                0x00000048       0x58 .\CortexM0\ARM_GCC_493\Debug\TaskDispatcher.o
 .debug_aranges
                0x000000a0       0x48 .\CortexM0\ARM_GCC_493\Debug\OPT3001.o
 .debug_aranges
                0x000000e8       0x38 .\CortexM0\ARM_GCC_493\Debug\SysClock.o
 .debug_aranges
                0x00000120       0x18 .\CortexM0\ARM_GCC_493\Debug\cymetadata.o
 .debug_aranges
                0x00000138       0x48 .\CortexM0\ARM_GCC_493\Debug\Cm0Start.o
 .debug_aranges
                0x00000180       0x38 .\CortexM0\ARM_GCC_493\Debug\WirellesLoad_v1.a(cyfitter_cfg.o)
 .debug_aranges
                0x000001b8      0x170 .\CortexM0\ARM_GCC_493\Debug\WirellesLoad_v1.a(CyLib.o)
 .debug_aranges
                0x00000328      0x120 .\CortexM0\ARM_GCC_493\Debug\WirellesLoad_v1.a(CyLFClk.o)
 .debug_aranges
                0x00000448       0x40 .\CortexM0\ARM_GCC_493\Debug\WirellesLoad_v1.a(NRF_IRQ.o)
 .debug_aranges
                0x00000488       0x40 .\CortexM0\ARM_GCC_493\Debug\WirellesLoad_v1.a(OPT_IRQ.o)
 .debug_aranges
                0x000004c8       0x40 .\CortexM0\ARM_GCC_493\Debug\WirellesLoad_v1.a(TEMP_IRQ.o)
 .debug_aranges
                0x00000508       0x40 .\CortexM0\ARM_GCC_493\Debug\WirellesLoad_v1.a(CRIT_TEMP_IRQ.o)
 .debug_aranges
                0x00000548       0x40 .\CortexM0\ARM_GCC_493\Debug\WirellesLoad_v1.a(Button.o)
 .debug_aranges
                0x00000588       0x88 .\CortexM0\ARM_GCC_493\Debug\WirellesLoad_v1.a(I2C_I2C_MASTER.o)
 .debug_aranges
                0x00000610       0x40 .\CortexM0\ARM_GCC_493\Debug\WirellesLoad_v1.a(I2C_sda.o)
 .debug_aranges
                0x00000650       0x40 .\CortexM0\ARM_GCC_493\Debug\WirellesLoad_v1.a(I2C_scl.o)
 .debug_aranges
                0x00000690       0x80 .\CortexM0\ARM_GCC_493\Debug\WirellesLoad_v1.a(Timer_RTOS_ISR.o)
 .debug_aranges
                0x00000710      0x158 .\CortexM0\ARM_GCC_493\Debug\WirellesLoad_v1.a(Timer.o)
 .debug_aranges
                0x00000868       0x20 .\CortexM0\ARM_GCC_493\Debug\WirellesLoad_v1.a(CyBootAsmGnu.o)
 .debug_aranges
                0x00000888       0x28 .\CortexM0\ARM_GCC_493\Debug\WirellesLoad_v1.a(I2C_I2C.o)
 .debug_aranges
                0x000008b0       0x20 .\CortexM0\ARM_GCC_493\Debug\WirellesLoad_v1.a(I2C_I2C_INT.o)
 .debug_aranges
                0x000008d0       0x68 .\CortexM0\ARM_GCC_493\Debug\WirellesLoad_v1.a(I2C.o)

.debug_pubnames
 *(.debug_pubnames)

.debug_info     0x00000000     0x4f41
 *(.debug_info .gnu.linkonce.wi.*)
 .debug_info    0x00000000      0x10e .\CortexM0\ARM_GCC_493\Debug\main.o
 .debug_info    0x0000010e      0x184 .\CortexM0\ARM_GCC_493\Debug\MyLib.o
 .debug_info    0x00000292      0x39f .\CortexM0\ARM_GCC_493\Debug\TaskDispatcher.o
 .debug_info    0x00000631      0x616 .\CortexM0\ARM_GCC_493\Debug\OPT3001.o
 .debug_info    0x00000c47      0x238 .\CortexM0\ARM_GCC_493\Debug\SysClock.o
 .debug_info    0x00000e7f       0xfd .\CortexM0\ARM_GCC_493\Debug\cymetadata.o
 .debug_info    0x00000f7c      0x38a .\CortexM0\ARM_GCC_493\Debug\Cm0Start.o
 .debug_info    0x00001306      0x3ba .\CortexM0\ARM_GCC_493\Debug\WirellesLoad_v1.a(cyfitter_cfg.o)
 .debug_info    0x000016c0      0xa61 .\CortexM0\ARM_GCC_493\Debug\WirellesLoad_v1.a(CyLib.o)
 .debug_info    0x00002121      0xc20 .\CortexM0\ARM_GCC_493\Debug\WirellesLoad_v1.a(CyLFClk.o)
 .debug_info    0x00002d41      0x150 .\CortexM0\ARM_GCC_493\Debug\WirellesLoad_v1.a(NRF_IRQ.o)
 .debug_info    0x00002e91      0x150 .\CortexM0\ARM_GCC_493\Debug\WirellesLoad_v1.a(OPT_IRQ.o)
 .debug_info    0x00002fe1      0x150 .\CortexM0\ARM_GCC_493\Debug\WirellesLoad_v1.a(TEMP_IRQ.o)
 .debug_info    0x00003131      0x150 .\CortexM0\ARM_GCC_493\Debug\WirellesLoad_v1.a(CRIT_TEMP_IRQ.o)
 .debug_info    0x00003281      0x150 .\CortexM0\ARM_GCC_493\Debug\WirellesLoad_v1.a(Button.o)
 .debug_info    0x000033d1      0x682 .\CortexM0\ARM_GCC_493\Debug\WirellesLoad_v1.a(I2C_I2C_MASTER.o)
 .debug_info    0x00003a53      0x150 .\CortexM0\ARM_GCC_493\Debug\WirellesLoad_v1.a(I2C_sda.o)
 .debug_info    0x00003ba3      0x14e .\CortexM0\ARM_GCC_493\Debug\WirellesLoad_v1.a(I2C_scl.o)
 .debug_info    0x00003cf1      0x2fe .\CortexM0\ARM_GCC_493\Debug\WirellesLoad_v1.a(Timer_RTOS_ISR.o)
 .debug_info    0x00003fef      0x8ed .\CortexM0\ARM_GCC_493\Debug\WirellesLoad_v1.a(Timer.o)
 .debug_info    0x000048dc       0x8c .\CortexM0\ARM_GCC_493\Debug\WirellesLoad_v1.a(CyBootAsmGnu.o)
 .debug_info    0x00004968      0x1a8 .\CortexM0\ARM_GCC_493\Debug\WirellesLoad_v1.a(I2C_I2C.o)
 .debug_info    0x00004b10      0x18a .\CortexM0\ARM_GCC_493\Debug\WirellesLoad_v1.a(I2C_I2C_INT.o)
 .debug_info    0x00004c9a      0x2a7 .\CortexM0\ARM_GCC_493\Debug\WirellesLoad_v1.a(I2C.o)

.debug_abbrev   0x00000000     0x1b18
 *(.debug_abbrev)
 .debug_abbrev  0x00000000       0x92 .\CortexM0\ARM_GCC_493\Debug\main.o
 .debug_abbrev  0x00000092       0xca .\CortexM0\ARM_GCC_493\Debug\MyLib.o
 .debug_abbrev  0x0000015c      0x1e1 .\CortexM0\ARM_GCC_493\Debug\TaskDispatcher.o
 .debug_abbrev  0x0000033d      0x195 .\CortexM0\ARM_GCC_493\Debug\OPT3001.o
 .debug_abbrev  0x000004d2      0x138 .\CortexM0\ARM_GCC_493\Debug\SysClock.o
 .debug_abbrev  0x0000060a       0x5d .\CortexM0\ARM_GCC_493\Debug\cymetadata.o
 .debug_abbrev  0x00000667      0x1fe .\CortexM0\ARM_GCC_493\Debug\Cm0Start.o
 .debug_abbrev  0x00000865      0x1d5 .\CortexM0\ARM_GCC_493\Debug\WirellesLoad_v1.a(cyfitter_cfg.o)
 .debug_abbrev  0x00000a3a      0x20d .\CortexM0\ARM_GCC_493\Debug\WirellesLoad_v1.a(CyLib.o)
 .debug_abbrev  0x00000c47      0x226 .\CortexM0\ARM_GCC_493\Debug\WirellesLoad_v1.a(CyLFClk.o)
 .debug_abbrev  0x00000e6d       0xb7 .\CortexM0\ARM_GCC_493\Debug\WirellesLoad_v1.a(NRF_IRQ.o)
 .debug_abbrev  0x00000f24       0xb7 .\CortexM0\ARM_GCC_493\Debug\WirellesLoad_v1.a(OPT_IRQ.o)
 .debug_abbrev  0x00000fdb       0xb7 .\CortexM0\ARM_GCC_493\Debug\WirellesLoad_v1.a(TEMP_IRQ.o)
 .debug_abbrev  0x00001092       0xb7 .\CortexM0\ARM_GCC_493\Debug\WirellesLoad_v1.a(CRIT_TEMP_IRQ.o)
 .debug_abbrev  0x00001149       0xb7 .\CortexM0\ARM_GCC_493\Debug\WirellesLoad_v1.a(Button.o)
 .debug_abbrev  0x00001200      0x189 .\CortexM0\ARM_GCC_493\Debug\WirellesLoad_v1.a(I2C_I2C_MASTER.o)
 .debug_abbrev  0x00001389       0xb7 .\CortexM0\ARM_GCC_493\Debug\WirellesLoad_v1.a(I2C_sda.o)
 .debug_abbrev  0x00001440       0xc6 .\CortexM0\ARM_GCC_493\Debug\WirellesLoad_v1.a(I2C_scl.o)
 .debug_abbrev  0x00001506      0x1c1 .\CortexM0\ARM_GCC_493\Debug\WirellesLoad_v1.a(Timer_RTOS_ISR.o)
 .debug_abbrev  0x000016c7      0x140 .\CortexM0\ARM_GCC_493\Debug\WirellesLoad_v1.a(Timer.o)
 .debug_abbrev  0x00001807       0x14 .\CortexM0\ARM_GCC_493\Debug\WirellesLoad_v1.a(CyBootAsmGnu.o)
 .debug_abbrev  0x0000181b      0x100 .\CortexM0\ARM_GCC_493\Debug\WirellesLoad_v1.a(I2C_I2C.o)
 .debug_abbrev  0x0000191b       0x95 .\CortexM0\ARM_GCC_493\Debug\WirellesLoad_v1.a(I2C_I2C_INT.o)
 .debug_abbrev  0x000019b0      0x168 .\CortexM0\ARM_GCC_493\Debug\WirellesLoad_v1.a(I2C.o)

.debug_line     0x00000000     0x2484
 *(.debug_line)
 .debug_line    0x00000000       0x6f .\CortexM0\ARM_GCC_493\Debug\main.o
 .debug_line    0x0000006f       0xc7 .\CortexM0\ARM_GCC_493\Debug\MyLib.o
 .debug_line    0x00000136      0x1bb .\CortexM0\ARM_GCC_493\Debug\TaskDispatcher.o
 .debug_line    0x000002f1      0x2db .\CortexM0\ARM_GCC_493\Debug\OPT3001.o
 .debug_line    0x000005cc      0x217 .\CortexM0\ARM_GCC_493\Debug\SysClock.o
 .debug_line    0x000007e3       0x53 .\CortexM0\ARM_GCC_493\Debug\cymetadata.o
 .debug_line    0x00000836      0x23c .\CortexM0\ARM_GCC_493\Debug\Cm0Start.o
 .debug_line    0x00000a72      0x169 .\CortexM0\ARM_GCC_493\Debug\WirellesLoad_v1.a(cyfitter_cfg.o)
 .debug_line    0x00000bdb      0x42c .\CortexM0\ARM_GCC_493\Debug\WirellesLoad_v1.a(CyLib.o)
 .debug_line    0x00001007      0x3fe .\CortexM0\ARM_GCC_493\Debug\WirellesLoad_v1.a(CyLFClk.o)
 .debug_line    0x00001405       0xad .\CortexM0\ARM_GCC_493\Debug\WirellesLoad_v1.a(NRF_IRQ.o)
 .debug_line    0x000014b2       0xad .\CortexM0\ARM_GCC_493\Debug\WirellesLoad_v1.a(OPT_IRQ.o)
 .debug_line    0x0000155f       0xae .\CortexM0\ARM_GCC_493\Debug\WirellesLoad_v1.a(TEMP_IRQ.o)
 .debug_line    0x0000160d       0xb3 .\CortexM0\ARM_GCC_493\Debug\WirellesLoad_v1.a(CRIT_TEMP_IRQ.o)
 .debug_line    0x000016c0       0xac .\CortexM0\ARM_GCC_493\Debug\WirellesLoad_v1.a(Button.o)
 .debug_line    0x0000176c      0x2d1 .\CortexM0\ARM_GCC_493\Debug\WirellesLoad_v1.a(I2C_I2C_MASTER.o)
 .debug_line    0x00001a3d       0xad .\CortexM0\ARM_GCC_493\Debug\WirellesLoad_v1.a(I2C_sda.o)
 .debug_line    0x00001aea       0xac .\CortexM0\ARM_GCC_493\Debug\WirellesLoad_v1.a(I2C_scl.o)
 .debug_line    0x00001b96      0x173 .\CortexM0\ARM_GCC_493\Debug\WirellesLoad_v1.a(Timer_RTOS_ISR.o)
 .debug_line    0x00001d09      0x379 .\CortexM0\ARM_GCC_493\Debug\WirellesLoad_v1.a(Timer.o)
 .debug_line    0x00002082       0x69 .\CortexM0\ARM_GCC_493\Debug\WirellesLoad_v1.a(CyBootAsmGnu.o)
 .debug_line    0x000020eb       0xbd .\CortexM0\ARM_GCC_493\Debug\WirellesLoad_v1.a(I2C_I2C.o)
 .debug_line    0x000021a8      0x180 .\CortexM0\ARM_GCC_493\Debug\WirellesLoad_v1.a(I2C_I2C_INT.o)
 .debug_line    0x00002328      0x15c .\CortexM0\ARM_GCC_493\Debug\WirellesLoad_v1.a(I2C.o)

.debug_frame    0x00000000     0x15d8
 *(.debug_frame)
 .debug_frame   0x00000000       0x20 .\CortexM0\ARM_GCC_493\Debug\main.o
 .debug_frame   0x00000020       0x3c .\CortexM0\ARM_GCC_493\Debug\MyLib.o
 .debug_frame   0x0000005c       0xe0 .\CortexM0\ARM_GCC_493\Debug\TaskDispatcher.o
 .debug_frame   0x0000013c       0xdc .\CortexM0\ARM_GCC_493\Debug\OPT3001.o
 .debug_frame   0x00000218       0x78 .\CortexM0\ARM_GCC_493\Debug\SysClock.o
 .debug_frame   0x00000290       0xb0 .\CortexM0\ARM_GCC_493\Debug\Cm0Start.o
 .debug_frame   0x00000340       0x88 .\CortexM0\ARM_GCC_493\Debug\WirellesLoad_v1.a(cyfitter_cfg.o)
 .debug_frame   0x000003c8      0x3b4 .\CortexM0\ARM_GCC_493\Debug\WirellesLoad_v1.a(CyLib.o)
 .debug_frame   0x0000077c      0x368 .\CortexM0\ARM_GCC_493\Debug\WirellesLoad_v1.a(CyLFClk.o)
 .debug_frame   0x00000ae4       0x60 .\CortexM0\ARM_GCC_493\Debug\WirellesLoad_v1.a(NRF_IRQ.o)
 .debug_frame   0x00000b44       0x60 .\CortexM0\ARM_GCC_493\Debug\WirellesLoad_v1.a(OPT_IRQ.o)
 .debug_frame   0x00000ba4       0x60 .\CortexM0\ARM_GCC_493\Debug\WirellesLoad_v1.a(TEMP_IRQ.o)
 .debug_frame   0x00000c04       0x60 .\CortexM0\ARM_GCC_493\Debug\WirellesLoad_v1.a(CRIT_TEMP_IRQ.o)
 .debug_frame   0x00000c64       0x60 .\CortexM0\ARM_GCC_493\Debug\WirellesLoad_v1.a(Button.o)
 .debug_frame   0x00000cc4      0x178 .\CortexM0\ARM_GCC_493\Debug\WirellesLoad_v1.a(I2C_I2C_MASTER.o)
 .debug_frame   0x00000e3c       0x60 .\CortexM0\ARM_GCC_493\Debug\WirellesLoad_v1.a(I2C_sda.o)
 .debug_frame   0x00000e9c       0x60 .\CortexM0\ARM_GCC_493\Debug\WirellesLoad_v1.a(I2C_scl.o)
 .debug_frame   0x00000efc      0x110 .\CortexM0\ARM_GCC_493\Debug\WirellesLoad_v1.a(Timer_RTOS_ISR.o)
 .debug_frame   0x0000100c      0x390 .\CortexM0\ARM_GCC_493\Debug\WirellesLoad_v1.a(Timer.o)
 .debug_frame   0x0000139c       0x3c .\CortexM0\ARM_GCC_493\Debug\WirellesLoad_v1.a(I2C_I2C.o)
 .debug_frame   0x000013d8       0x2c .\CortexM0\ARM_GCC_493\Debug\WirellesLoad_v1.a(I2C_I2C_INT.o)
 .debug_frame   0x00001404       0xf8 .\CortexM0\ARM_GCC_493\Debug\WirellesLoad_v1.a(I2C.o)
 .debug_frame   0x000014fc       0x20 c:/program files/cypress/psoc creator/3.3/psoc creator/import/gnu/arm/4.9.3/bin/../lib/gcc/arm-none-eabi/4.9.3/armv6-m\libgcc.a(_udivsi3.o)
 .debug_frame   0x0000151c       0x20 c:/program files/cypress/psoc creator/3.3/psoc creator/import/gnu/arm/4.9.3/bin/../lib/gcc/arm-none-eabi/4.9.3/../../../../arm-none-eabi/lib/armv6-m\libg_nano.a(lib_a-errno.o)
 .debug_frame   0x0000153c       0x28 c:/program files/cypress/psoc creator/3.3/psoc creator/import/gnu/arm/4.9.3/bin/../lib/gcc/arm-none-eabi/4.9.3/../../../../arm-none-eabi/lib/armv6-m\libg_nano.a(lib_a-exit.o)
 .debug_frame   0x00001564       0x2c c:/program files/cypress/psoc creator/3.3/psoc creator/import/gnu/arm/4.9.3/bin/../lib/gcc/arm-none-eabi/4.9.3/../../../../arm-none-eabi/lib/armv6-m\libg_nano.a(lib_a-init.o)
 .debug_frame   0x00001590       0x20 c:/program files/cypress/psoc creator/3.3/psoc creator/import/gnu/arm/4.9.3/bin/../lib/gcc/arm-none-eabi/4.9.3/../../../../arm-none-eabi/lib/armv6-m\libg_nano.a(lib_a-memset.o)
 .debug_frame   0x000015b0       0x28 c:/program files/cypress/psoc creator/3.3/psoc creator/import/gnu/arm/4.9.3/bin/../lib/gcc/arm-none-eabi/4.9.3/../../../../arm-none-eabi/lib/armv6-m\libg_nano.a(lib_a-strncat.o)

.debug_str      0x00000000     0x1c0d
 *(.debug_str)
 .debug_str     0x00000000      0x16c .\CortexM0\ARM_GCC_493\Debug\main.o
                                0x1aa (size before relaxing)
 .debug_str     0x0000016c       0x61 .\CortexM0\ARM_GCC_493\Debug\MyLib.o
                                0x20b (size before relaxing)
 .debug_str     0x000001cd       0xf5 .\CortexM0\ARM_GCC_493\Debug\TaskDispatcher.o
                                0x275 (size before relaxing)
 .debug_str     0x000002c2      0x176 .\CortexM0\ARM_GCC_493\Debug\OPT3001.o
                                0x303 (size before relaxing)
 .debug_str     0x00000438       0x8c .\CortexM0\ARM_GCC_493\Debug\SysClock.o
                                0x24d (size before relaxing)
 .debug_str     0x000004c4       0x5b .\CortexM0\ARM_GCC_493\Debug\cymetadata.o
                                0x1ca (size before relaxing)
 .debug_str     0x0000051f      0x14f .\CortexM0\ARM_GCC_493\Debug\Cm0Start.o
                                0x2f1 (size before relaxing)
 .debug_str     0x0000066e       0xf5 .\CortexM0\ARM_GCC_493\Debug\WirellesLoad_v1.a(cyfitter_cfg.o)
                                0x2c2 (size before relaxing)
 .debug_str     0x00000763      0x464 .\CortexM0\ARM_GCC_493\Debug\WirellesLoad_v1.a(CyLib.o)
                                0x645 (size before relaxing)
 .debug_str     0x00000bc7      0x476 .\CortexM0\ARM_GCC_493\Debug\WirellesLoad_v1.a(CyLFClk.o)
                                0x64f (size before relaxing)
 .debug_str     0x0000103d       0x84 .\CortexM0\ARM_GCC_493\Debug\WirellesLoad_v1.a(NRF_IRQ.o)
                                0x20f (size before relaxing)
 .debug_str     0x000010c1       0x71 .\CortexM0\ARM_GCC_493\Debug\WirellesLoad_v1.a(OPT_IRQ.o)
                                0x20f (size before relaxing)
 .debug_str     0x00001132       0x24 .\CortexM0\ARM_GCC_493\Debug\WirellesLoad_v1.a(TEMP_IRQ.o)
                                0x215 (size before relaxing)
 .debug_str     0x00001156       0x8f .\CortexM0\ARM_GCC_493\Debug\WirellesLoad_v1.a(CRIT_TEMP_IRQ.o)
                                0x233 (size before relaxing)
 .debug_str     0x000011e5       0x6c .\CortexM0\ARM_GCC_493\Debug\WirellesLoad_v1.a(Button.o)
                                0x209 (size before relaxing)
 .debug_str     0x00001251      0x220 .\CortexM0\ARM_GCC_493\Debug\WirellesLoad_v1.a(I2C_I2C_MASTER.o)
                                0x445 (size before relaxing)
 .debug_str     0x00001471       0x71 .\CortexM0\ARM_GCC_493\Debug\WirellesLoad_v1.a(I2C_sda.o)
                                0x20f (size before relaxing)
 .debug_str     0x000014e2       0x63 .\CortexM0\ARM_GCC_493\Debug\WirellesLoad_v1.a(I2C_scl.o)
                                0x20f (size before relaxing)
 .debug_str     0x00001545      0x15e .\CortexM0\ARM_GCC_493\Debug\WirellesLoad_v1.a(Timer_RTOS_ISR.o)
                                0x358 (size before relaxing)
 .debug_str     0x000016a3      0x3dc .\CortexM0\ARM_GCC_493\Debug\WirellesLoad_v1.a(Timer.o)
                                0x5a1 (size before relaxing)
 .debug_str     0x00001a7f       0x3b .\CortexM0\ARM_GCC_493\Debug\WirellesLoad_v1.a(I2C_I2C.o)
                                0x237 (size before relaxing)
 .debug_str     0x00001aba       0x5f .\CortexM0\ARM_GCC_493\Debug\WirellesLoad_v1.a(I2C_I2C_INT.o)
                                0x29a (size before relaxing)
 .debug_str     0x00001b19       0xf4 .\CortexM0\ARM_GCC_493\Debug\WirellesLoad_v1.a(I2C.o)
                                0x2c9 (size before relaxing)

.debug_loc      0x00000000     0x26a6
 *(.debug_loc)
 .debug_loc     0x00000000      0x1ed .\CortexM0\ARM_GCC_493\Debug\TaskDispatcher.o
 .debug_loc     0x000001ed      0x204 .\CortexM0\ARM_GCC_493\Debug\OPT3001.o
 .debug_loc     0x000003f1      0x14f .\CortexM0\ARM_GCC_493\Debug\Cm0Start.o
 .debug_loc     0x00000540      0x118 .\CortexM0\ARM_GCC_493\Debug\WirellesLoad_v1.a(cyfitter_cfg.o)
 .debug_loc     0x00000658      0x534 .\CortexM0\ARM_GCC_493\Debug\WirellesLoad_v1.a(CyLib.o)
 .debug_loc     0x00000b8c      0x7df .\CortexM0\ARM_GCC_493\Debug\WirellesLoad_v1.a(CyLFClk.o)
 .debug_loc     0x0000136b       0x81 .\CortexM0\ARM_GCC_493\Debug\WirellesLoad_v1.a(NRF_IRQ.o)
 .debug_loc     0x000013ec       0x81 .\CortexM0\ARM_GCC_493\Debug\WirellesLoad_v1.a(OPT_IRQ.o)
 .debug_loc     0x0000146d       0x81 .\CortexM0\ARM_GCC_493\Debug\WirellesLoad_v1.a(TEMP_IRQ.o)
 .debug_loc     0x000014ee       0x81 .\CortexM0\ARM_GCC_493\Debug\WirellesLoad_v1.a(CRIT_TEMP_IRQ.o)
 .debug_loc     0x0000156f       0x81 .\CortexM0\ARM_GCC_493\Debug\WirellesLoad_v1.a(Button.o)
 .debug_loc     0x000015f0      0x882 .\CortexM0\ARM_GCC_493\Debug\WirellesLoad_v1.a(I2C_I2C_MASTER.o)
 .debug_loc     0x00001e72       0x81 .\CortexM0\ARM_GCC_493\Debug\WirellesLoad_v1.a(I2C_sda.o)
 .debug_loc     0x00001ef3       0x60 .\CortexM0\ARM_GCC_493\Debug\WirellesLoad_v1.a(I2C_scl.o)
 .debug_loc     0x00001f53       0x82 .\CortexM0\ARM_GCC_493\Debug\WirellesLoad_v1.a(Timer_RTOS_ISR.o)
 .debug_loc     0x00001fd5      0x547 .\CortexM0\ARM_GCC_493\Debug\WirellesLoad_v1.a(Timer.o)
 .debug_loc     0x0000251c      0x10c .\CortexM0\ARM_GCC_493\Debug\WirellesLoad_v1.a(I2C_I2C_INT.o)
 .debug_loc     0x00002628       0x7e .\CortexM0\ARM_GCC_493\Debug\WirellesLoad_v1.a(I2C.o)

.debug_macinfo
 *(.debug_macinfo)

.debug_ranges   0x00000000      0x7a0
 *(.debug_ranges)
 .debug_ranges  0x00000000       0x10 .\CortexM0\ARM_GCC_493\Debug\main.o
 .debug_ranges  0x00000010       0x18 .\CortexM0\ARM_GCC_493\Debug\MyLib.o
 .debug_ranges  0x00000028       0x48 .\CortexM0\ARM_GCC_493\Debug\TaskDispatcher.o
 .debug_ranges  0x00000070       0x38 .\CortexM0\ARM_GCC_493\Debug\OPT3001.o
 .debug_ranges  0x000000a8       0x28 .\CortexM0\ARM_GCC_493\Debug\SysClock.o
 .debug_ranges  0x000000d0       0x38 .\CortexM0\ARM_GCC_493\Debug\Cm0Start.o
 .debug_ranges  0x00000108       0x28 .\CortexM0\ARM_GCC_493\Debug\WirellesLoad_v1.a(cyfitter_cfg.o)
 .debug_ranges  0x00000130      0x160 .\CortexM0\ARM_GCC_493\Debug\WirellesLoad_v1.a(CyLib.o)
 .debug_ranges  0x00000290      0x110 .\CortexM0\ARM_GCC_493\Debug\WirellesLoad_v1.a(CyLFClk.o)
 .debug_ranges  0x000003a0       0x30 .\CortexM0\ARM_GCC_493\Debug\WirellesLoad_v1.a(NRF_IRQ.o)
 .debug_ranges  0x000003d0       0x30 .\CortexM0\ARM_GCC_493\Debug\WirellesLoad_v1.a(OPT_IRQ.o)
 .debug_ranges  0x00000400       0x30 .\CortexM0\ARM_GCC_493\Debug\WirellesLoad_v1.a(TEMP_IRQ.o)
 .debug_ranges  0x00000430       0x30 .\CortexM0\ARM_GCC_493\Debug\WirellesLoad_v1.a(CRIT_TEMP_IRQ.o)
 .debug_ranges  0x00000460       0x30 .\CortexM0\ARM_GCC_493\Debug\WirellesLoad_v1.a(Button.o)
 .debug_ranges  0x00000490       0x78 .\CortexM0\ARM_GCC_493\Debug\WirellesLoad_v1.a(I2C_I2C_MASTER.o)
 .debug_ranges  0x00000508       0x30 .\CortexM0\ARM_GCC_493\Debug\WirellesLoad_v1.a(I2C_sda.o)
 .debug_ranges  0x00000538       0x30 .\CortexM0\ARM_GCC_493\Debug\WirellesLoad_v1.a(I2C_scl.o)
 .debug_ranges  0x00000568       0x70 .\CortexM0\ARM_GCC_493\Debug\WirellesLoad_v1.a(Timer_RTOS_ISR.o)
 .debug_ranges  0x000005d8      0x148 .\CortexM0\ARM_GCC_493\Debug\WirellesLoad_v1.a(Timer.o)
 .debug_ranges  0x00000720       0x18 .\CortexM0\ARM_GCC_493\Debug\WirellesLoad_v1.a(I2C_I2C.o)
 .debug_ranges  0x00000738       0x10 .\CortexM0\ARM_GCC_493\Debug\WirellesLoad_v1.a(I2C_I2C_INT.o)
 .debug_ranges  0x00000748       0x58 .\CortexM0\ARM_GCC_493\Debug\WirellesLoad_v1.a(I2C.o)

.comment        0x00000000       0x70
 .comment       0x00000000       0x70 .\CortexM0\ARM_GCC_493\Debug\main.o
                                 0x71 (size before relaxing)
 .comment       0x00000000       0x71 .\CortexM0\ARM_GCC_493\Debug\MyLib.o
 .comment       0x00000000       0x71 .\CortexM0\ARM_GCC_493\Debug\TaskDispatcher.o
 .comment       0x00000000       0x71 .\CortexM0\ARM_GCC_493\Debug\OPT3001.o
 .comment       0x00000000       0x71 .\CortexM0\ARM_GCC_493\Debug\SysClock.o
 .comment       0x00000000       0x71 .\CortexM0\ARM_GCC_493\Debug\cymetadata.o
 .comment       0x00000000       0x71 .\CortexM0\ARM_GCC_493\Debug\Cm0Start.o
 .comment       0x00000000       0x71 .\CortexM0\ARM_GCC_493\Debug\WirellesLoad_v1.a(cyfitter_cfg.o)
 .comment       0x00000000       0x71 .\CortexM0\ARM_GCC_493\Debug\WirellesLoad_v1.a(CyLib.o)
 .comment       0x00000000       0x71 .\CortexM0\ARM_GCC_493\Debug\WirellesLoad_v1.a(CyLFClk.o)
 .comment       0x00000000       0x71 .\CortexM0\ARM_GCC_493\Debug\WirellesLoad_v1.a(NRF_IRQ.o)
 .comment       0x00000000       0x71 .\CortexM0\ARM_GCC_493\Debug\WirellesLoad_v1.a(OPT_IRQ.o)
 .comment       0x00000000       0x71 .\CortexM0\ARM_GCC_493\Debug\WirellesLoad_v1.a(TEMP_IRQ.o)
 .comment       0x00000000       0x71 .\CortexM0\ARM_GCC_493\Debug\WirellesLoad_v1.a(CRIT_TEMP_IRQ.o)
 .comment       0x00000000       0x71 .\CortexM0\ARM_GCC_493\Debug\WirellesLoad_v1.a(Button.o)
 .comment       0x00000000       0x71 .\CortexM0\ARM_GCC_493\Debug\WirellesLoad_v1.a(I2C_I2C_MASTER.o)
 .comment       0x00000000       0x71 .\CortexM0\ARM_GCC_493\Debug\WirellesLoad_v1.a(I2C_sda.o)
 .comment       0x00000000       0x71 .\CortexM0\ARM_GCC_493\Debug\WirellesLoad_v1.a(I2C_scl.o)
 .comment       0x00000000       0x71 .\CortexM0\ARM_GCC_493\Debug\WirellesLoad_v1.a(Timer_RTOS_ISR.o)
 .comment       0x00000000       0x71 .\CortexM0\ARM_GCC_493\Debug\WirellesLoad_v1.a(Timer.o)
 .comment       0x00000000       0x71 .\CortexM0\ARM_GCC_493\Debug\WirellesLoad_v1.a(I2C_I2C.o)
 .comment       0x00000000       0x71 .\CortexM0\ARM_GCC_493\Debug\WirellesLoad_v1.a(I2C_I2C_INT.o)
 .comment       0x00000000       0x71 .\CortexM0\ARM_GCC_493\Debug\WirellesLoad_v1.a(I2C.o)

.debug_weaknames
 *(.debug_weaknames)

.debug_funcnames
 *(.debug_funcnames)

.debug_typenames
 *(.debug_typenames)

.debug_varnames
 *(.debug_varnames)

.note.gnu.arm.ident
 *(.note.gnu.arm.ident)

.ARM.attributes
                0x00000000       0x28
 *(.ARM.attributes)
 .ARM.attributes
                0x00000000       0x1e c:/program files/cypress/psoc creator/3.3/psoc creator/import/gnu/arm/4.9.3/bin/../lib/gcc/arm-none-eabi/4.9.3/armv6-m/crti.o
 .ARM.attributes
                0x0000001e       0x2c c:/program files/cypress/psoc creator/3.3/psoc creator/import/gnu/arm/4.9.3/bin/../lib/gcc/arm-none-eabi/4.9.3/armv6-m/crtbegin.o
 .ARM.attributes
                0x0000004a       0x1b c:/program files/cypress/psoc creator/3.3/psoc creator/import/gnu/arm/4.9.3/bin/../lib/gcc/arm-none-eabi/4.9.3/../../../../arm-none-eabi/lib/armv6-m/crt0.o
 .ARM.attributes
                0x00000065       0x31 .\CortexM0\ARM_GCC_493\Debug\main.o
 .ARM.attributes
                0x00000096       0x31 .\CortexM0\ARM_GCC_493\Debug\MyLib.o
 .ARM.attributes
                0x000000c7       0x31 .\CortexM0\ARM_GCC_493\Debug\TaskDispatcher.o
 .ARM.attributes
                0x000000f8       0x31 .\CortexM0\ARM_GCC_493\Debug\OPT3001.o
 .ARM.attributes
                0x00000129       0x31 .\CortexM0\ARM_GCC_493\Debug\SysClock.o
 .ARM.attributes
                0x0000015a       0x31 .\CortexM0\ARM_GCC_493\Debug\cymetadata.o
 .ARM.attributes
                0x0000018b       0x31 .\CortexM0\ARM_GCC_493\Debug\Cm0Start.o
 .ARM.attributes
                0x000001bc       0x31 .\CortexM0\ARM_GCC_493\Debug\WirellesLoad_v1.a(cyfitter_cfg.o)
 .ARM.attributes
                0x000001ed       0x31 .\CortexM0\ARM_GCC_493\Debug\WirellesLoad_v1.a(CyLib.o)
 .ARM.attributes
                0x0000021e       0x31 .\CortexM0\ARM_GCC_493\Debug\WirellesLoad_v1.a(CyLFClk.o)
 .ARM.attributes
                0x0000024f       0x31 .\CortexM0\ARM_GCC_493\Debug\WirellesLoad_v1.a(NRF_IRQ.o)
 .ARM.attributes
                0x00000280       0x31 .\CortexM0\ARM_GCC_493\Debug\WirellesLoad_v1.a(OPT_IRQ.o)
 .ARM.attributes
                0x000002b1       0x31 .\CortexM0\ARM_GCC_493\Debug\WirellesLoad_v1.a(TEMP_IRQ.o)
 .ARM.attributes
                0x000002e2       0x31 .\CortexM0\ARM_GCC_493\Debug\WirellesLoad_v1.a(CRIT_TEMP_IRQ.o)
 .ARM.attributes
                0x00000313       0x31 .\CortexM0\ARM_GCC_493\Debug\WirellesLoad_v1.a(Button.o)
 .ARM.attributes
                0x00000344       0x31 .\CortexM0\ARM_GCC_493\Debug\WirellesLoad_v1.a(I2C_I2C_MASTER.o)
 .ARM.attributes
                0x00000375       0x31 .\CortexM0\ARM_GCC_493\Debug\WirellesLoad_v1.a(I2C_sda.o)
 .ARM.attributes
                0x000003a6       0x31 .\CortexM0\ARM_GCC_493\Debug\WirellesLoad_v1.a(I2C_scl.o)
 .ARM.attributes
                0x000003d7       0x31 .\CortexM0\ARM_GCC_493\Debug\WirellesLoad_v1.a(Timer_RTOS_ISR.o)
 .ARM.attributes
                0x00000408       0x31 .\CortexM0\ARM_GCC_493\Debug\WirellesLoad_v1.a(Timer.o)
 .ARM.attributes
                0x00000439       0x21 .\CortexM0\ARM_GCC_493\Debug\WirellesLoad_v1.a(CyBootAsmGnu.o)
 .ARM.attributes
                0x0000045a       0x31 .\CortexM0\ARM_GCC_493\Debug\WirellesLoad_v1.a(I2C_I2C.o)
 .ARM.attributes
                0x0000048b       0x31 .\CortexM0\ARM_GCC_493\Debug\WirellesLoad_v1.a(I2C_I2C_INT.o)
 .ARM.attributes
                0x000004bc       0x31 .\CortexM0\ARM_GCC_493\Debug\WirellesLoad_v1.a(I2C.o)
 .ARM.attributes
                0x000004ed       0x1e c:/program files/cypress/psoc creator/3.3/psoc creator/import/gnu/arm/4.9.3/bin/../lib/gcc/arm-none-eabi/4.9.3/armv6-m\libgcc.a(_udivsi3.o)
 .ARM.attributes
                0x0000050b       0x1e c:/program files/cypress/psoc creator/3.3/psoc creator/import/gnu/arm/4.9.3/bin/../lib/gcc/arm-none-eabi/4.9.3/armv6-m\libgcc.a(_dvmd_tls.o)
 .ARM.attributes
                0x00000529       0x2c c:/program files/cypress/psoc creator/3.3/psoc creator/import/gnu/arm/4.9.3/bin/../lib/gcc/arm-none-eabi/4.9.3/../../../../arm-none-eabi/lib/armv6-m\libg_nano.a(lib_a-errno.o)
 .ARM.attributes
                0x00000555       0x2c c:/program files/cypress/psoc creator/3.3/psoc creator/import/gnu/arm/4.9.3/bin/../lib/gcc/arm-none-eabi/4.9.3/../../../../arm-none-eabi/lib/armv6-m\libg_nano.a(lib_a-exit.o)
 .ARM.attributes
                0x00000581       0x2c c:/program files/cypress/psoc creator/3.3/psoc creator/import/gnu/arm/4.9.3/bin/../lib/gcc/arm-none-eabi/4.9.3/../../../../arm-none-eabi/lib/armv6-m\libg_nano.a(lib_a-impure.o)
 .ARM.attributes
                0x000005ad       0x2c c:/program files/cypress/psoc creator/3.3/psoc creator/import/gnu/arm/4.9.3/bin/../lib/gcc/arm-none-eabi/4.9.3/../../../../arm-none-eabi/lib/armv6-m\libg_nano.a(lib_a-init.o)
 .ARM.attributes
                0x000005d9       0x2c c:/program files/cypress/psoc creator/3.3/psoc creator/import/gnu/arm/4.9.3/bin/../lib/gcc/arm-none-eabi/4.9.3/../../../../arm-none-eabi/lib/armv6-m\libg_nano.a(lib_a-memset.o)
 .ARM.attributes
                0x00000605       0x2c c:/program files/cypress/psoc creator/3.3/psoc creator/import/gnu/arm/4.9.3/bin/../lib/gcc/arm-none-eabi/4.9.3/../../../../arm-none-eabi/lib/armv6-m\libg_nano.a(lib_a-strncat.o)
 .ARM.attributes
                0x00000631       0x2c c:/program files/cypress/psoc creator/3.3/psoc creator/import/gnu/arm/4.9.3/bin/../lib/gcc/arm-none-eabi/4.9.3/armv6-m/crtend.o
 .ARM.attributes
                0x0000065d       0x1e c:/program files/cypress/psoc creator/3.3/psoc creator/import/gnu/arm/4.9.3/bin/../lib/gcc/arm-none-eabi/4.9.3/armv6-m/crtn.o

/DISCARD/
 *(.note.GNU-stack)
OUTPUT(.\CortexM0\ARM_GCC_493\Debug\WirellesLoad_v1.elf elf32-littlearm)
